Archive member included to satisfy reference by file (symbol)

/home/jacob/opt/xPacks/@gnu-mcu-eclipse/arm-none-eabi-gcc/7.3.1-1.1.1/.content/bin/../lib/gcc/arm-none-eabi/7.3.1/thumb/v7e-m/libgcc.a(_arm_addsubdf3.o)
                              ./Src/main.o (__aeabi_dsub)
/home/jacob/opt/xPacks/@gnu-mcu-eclipse/arm-none-eabi-gcc/7.3.1-1.1.1/.content/bin/../lib/gcc/arm-none-eabi/7.3.1/thumb/v7e-m/libgcc.a(_arm_muldivdf3.o)
                              ./Src/main.o (__aeabi_dmul)
/home/jacob/opt/xPacks/@gnu-mcu-eclipse/arm-none-eabi-gcc/7.3.1-1.1.1/.content/bin/../lib/gcc/arm-none-eabi/7.3.1/../../../../arm-none-eabi/lib/thumb/v7e-m/libg_nano.a(lib_a-exit.o)
                              /home/jacob/opt/xPacks/@gnu-mcu-eclipse/arm-none-eabi-gcc/7.3.1-1.1.1/.content/bin/../lib/gcc/arm-none-eabi/7.3.1/../../../../arm-none-eabi/lib/thumb/v7e-m/crt0.o (exit)
/home/jacob/opt/xPacks/@gnu-mcu-eclipse/arm-none-eabi-gcc/7.3.1-1.1.1/.content/bin/../lib/gcc/arm-none-eabi/7.3.1/../../../../arm-none-eabi/lib/thumb/v7e-m/libg_nano.a(lib_a-impure.o)
                              /home/jacob/opt/xPacks/@gnu-mcu-eclipse/arm-none-eabi-gcc/7.3.1-1.1.1/.content/bin/../lib/gcc/arm-none-eabi/7.3.1/../../../../arm-none-eabi/lib/thumb/v7e-m/libg_nano.a(lib_a-exit.o) (_global_impure_ptr)
/home/jacob/opt/xPacks/@gnu-mcu-eclipse/arm-none-eabi-gcc/7.3.1-1.1.1/.content/bin/../lib/gcc/arm-none-eabi/7.3.1/../../../../arm-none-eabi/lib/thumb/v7e-m/libg_nano.a(lib_a-init.o)
                              /home/jacob/opt/xPacks/@gnu-mcu-eclipse/arm-none-eabi-gcc/7.3.1-1.1.1/.content/bin/../lib/gcc/arm-none-eabi/7.3.1/../../../../arm-none-eabi/lib/thumb/v7e-m/crt0.o (__libc_init_array)
/home/jacob/opt/xPacks/@gnu-mcu-eclipse/arm-none-eabi-gcc/7.3.1-1.1.1/.content/bin/../lib/gcc/arm-none-eabi/7.3.1/../../../../arm-none-eabi/lib/thumb/v7e-m/libg_nano.a(lib_a-memcpy-stub.o)
                              ./Src/usb_device.o (memcpy)
/home/jacob/opt/xPacks/@gnu-mcu-eclipse/arm-none-eabi-gcc/7.3.1-1.1.1/.content/bin/../lib/gcc/arm-none-eabi/7.3.1/../../../../arm-none-eabi/lib/thumb/v7e-m/libg_nano.a(lib_a-memset.o)
                              /home/jacob/opt/xPacks/@gnu-mcu-eclipse/arm-none-eabi-gcc/7.3.1-1.1.1/.content/bin/../lib/gcc/arm-none-eabi/7.3.1/../../../../arm-none-eabi/lib/thumb/v7e-m/crt0.o (memset)
/home/jacob/opt/xPacks/@gnu-mcu-eclipse/arm-none-eabi-gcc/7.3.1-1.1.1/.content/bin/../lib/gcc/arm-none-eabi/7.3.1/../../../../arm-none-eabi/lib/thumb/v7e-m/libg_nano.a(lib_a-nano-vfprintf_float.o)
                              (_printf_float)
/home/jacob/opt/xPacks/@gnu-mcu-eclipse/arm-none-eabi-gcc/7.3.1-1.1.1/.content/bin/../lib/gcc/arm-none-eabi/7.3.1/../../../../arm-none-eabi/lib/thumb/v7e-m/libg_nano.a(lib_a-nano-vfprintf_i.o)
                              /home/jacob/opt/xPacks/@gnu-mcu-eclipse/arm-none-eabi-gcc/7.3.1-1.1.1/.content/bin/../lib/gcc/arm-none-eabi/7.3.1/../../../../arm-none-eabi/lib/thumb/v7e-m/libg_nano.a(lib_a-nano-vfprintf_float.o) (_printf_common)
/home/jacob/opt/xPacks/@gnu-mcu-eclipse/arm-none-eabi-gcc/7.3.1-1.1.1/.content/bin/../lib/gcc/arm-none-eabi/7.3.1/../../../../arm-none-eabi/lib/thumb/v7e-m/libg_nano.a(lib_a-sprintf.o)
                              ./Src/SX1211Driver.o (sprintf)
/home/jacob/opt/xPacks/@gnu-mcu-eclipse/arm-none-eabi-gcc/7.3.1-1.1.1/.content/bin/../lib/gcc/arm-none-eabi/7.3.1/../../../../arm-none-eabi/lib/thumb/v7e-m/libg_nano.a(lib_a-strlen.o)
                              ./Src/usbd_cdc_if.o (strlen)
/home/jacob/opt/xPacks/@gnu-mcu-eclipse/arm-none-eabi-gcc/7.3.1-1.1.1/.content/bin/../lib/gcc/arm-none-eabi/7.3.1/../../../../arm-none-eabi/lib/thumb/v7e-m/libg_nano.a(lib_a-dtoa.o)
                              /home/jacob/opt/xPacks/@gnu-mcu-eclipse/arm-none-eabi-gcc/7.3.1-1.1.1/.content/bin/../lib/gcc/arm-none-eabi/7.3.1/../../../../arm-none-eabi/lib/thumb/v7e-m/libg_nano.a(lib_a-nano-vfprintf_float.o) (_dtoa_r)
/home/jacob/opt/xPacks/@gnu-mcu-eclipse/arm-none-eabi-gcc/7.3.1-1.1.1/.content/bin/../lib/gcc/arm-none-eabi/7.3.1/../../../../arm-none-eabi/lib/thumb/v7e-m/libg_nano.a(lib_a-localeconv.o)
                              /home/jacob/opt/xPacks/@gnu-mcu-eclipse/arm-none-eabi-gcc/7.3.1-1.1.1/.content/bin/../lib/gcc/arm-none-eabi/7.3.1/../../../../arm-none-eabi/lib/thumb/v7e-m/libg_nano.a(lib_a-nano-vfprintf_float.o) (_localeconv_r)
/home/jacob/opt/xPacks/@gnu-mcu-eclipse/arm-none-eabi-gcc/7.3.1-1.1.1/.content/bin/../lib/gcc/arm-none-eabi/7.3.1/../../../../arm-none-eabi/lib/thumb/v7e-m/libg_nano.a(lib_a-malloc.o)
                              /home/jacob/opt/xPacks/@gnu-mcu-eclipse/arm-none-eabi-gcc/7.3.1-1.1.1/.content/bin/../lib/gcc/arm-none-eabi/7.3.1/../../../../arm-none-eabi/lib/thumb/v7e-m/libg_nano.a(lib_a-dtoa.o) (malloc)
/home/jacob/opt/xPacks/@gnu-mcu-eclipse/arm-none-eabi-gcc/7.3.1-1.1.1/.content/bin/../lib/gcc/arm-none-eabi/7.3.1/../../../../arm-none-eabi/lib/thumb/v7e-m/libg_nano.a(lib_a-memchr.o)
[...]
Memory Configuration

Name             Origin             Length             Attributes
RAM              0x0000000020000000 0x0000000000010000 xrw
FLASH            0x0000000008000000 0x0000000000040000 xr
*default*        0x0000000000000000 0xffffffffffffffff

Linker script and memory map

LOAD /home/jacob/opt/xPacks/@gnu-mcu-eclipse/arm-none-eabi-gcc/7.3.1-1.1.1/.content/bin/../lib/gcc/arm-none-eabi/7.3.1/thumb/v7e-m/crti.o
LOAD /home/jacob/opt/xPacks/@gnu-mcu-eclipse/arm-none-eabi-gcc/7.3.1-1.1.1/.content/bin/../lib/gcc/arm-none-eabi/7.3.1/thumb/v7e-m/crtbegin.o
LOAD /home/jacob/opt/xPacks/@gnu-mcu-eclipse/arm-none-eabi-gcc/7.3.1-1.1.1/.content/bin/../lib/gcc/arm-none-eabi/7.3.1/../../../../arm-none-eabi/lib/thumb/v7e-m/crt0.o
LOAD ./startup/startup_stm32l433xx.o
LOAD ./Src/SX1211Driver.o
LOAD ./Src/main.o
LOAD ./Src/stm32l4xx_hal_msp.o
LOAD ./Src/stm32l4xx_it.o
LOAD ./Src/system_stm32l4xx.o
LOAD ./Src/usb_device.o
LOAD ./Src/usbd_cdc_if.o
LOAD ./Src/usbd_conf.o
LOAD ./Src/usbd_desc.o
LOAD ./Middlewares/ST/STM32_USB_Device_Library/Core/Src/usbd_core.o
LOAD ./Middlewares/ST/STM32_USB_Device_Library/Core/Src/usbd_ctlreq.o
LOAD ./Middlewares/ST/STM32_USB_Device_Library/Core/Src/usbd_ioreq.o
LOAD ./Middlewares/ST/STM32_USB_Device_Library/Class/CDC/Src/usbd_cdc.o
LOAD ./Drivers/STM32L4xx_HAL_Driver/Src/stm32l4xx_hal.o
LOAD ./Drivers/STM32L4xx_HAL_Driver/Src/stm32l4xx_hal_cortex.o
LOAD ./Drivers/STM32L4xx_HAL_Driver/Src/stm32l4xx_hal_dma.o
LOAD ./Drivers/STM32L4xx_HAL_Driver/Src/stm32l4xx_hal_dma_ex.o
LOAD ./Drivers/STM32L4xx_HAL_Driver/Src/stm32l4xx_hal_flash.o
LOAD ./Drivers/STM32L4xx_HAL_Driver/Src/stm32l4xx_hal_flash_ex.o
LOAD ./Drivers/STM32L4xx_HAL_Driver/Src/stm32l4xx_hal_flash_ramfunc.o
LOAD ./Drivers/STM32L4xx_HAL_Driver/Src/stm32l4xx_hal_gpio.o
LOAD ./Drivers/STM32L4xx_HAL_Driver/Src/stm32l4xx_hal_i2c.o
LOAD ./Drivers/STM32L4xx_HAL_Driver/Src/stm32l4xx_hal_i2c_ex.o
LOAD ./Drivers/STM32L4xx_HAL_Driver/Src/stm32l4xx_hal_pcd.o
LOAD ./Drivers/STM32L4xx_HAL_Driver/Src/stm32l4xx_hal_pcd_ex.o
LOAD ./Drivers/STM32L4xx_HAL_Driver/Src/stm32l4xx_hal_pwr.o
LOAD ./Drivers/STM32L4xx_HAL_Driver/Src/stm32l4xx_hal_pwr_ex.o
LOAD ./Drivers/STM32L4xx_HAL_Driver/Src/stm32l4xx_hal_rcc.o
LOAD ./Drivers/STM32L4xx_HAL_Driver/Src/stm32l4xx_hal_rcc_ex.o
LOAD ./Drivers/STM32L4xx_HAL_Driver/Src/stm32l4xx_hal_spi.o
LOAD ./Drivers/STM32L4xx_HAL_Driver/Src/stm32l4xx_hal_spi_ex.o
LOAD ./Drivers/STM32L4xx_HAL_Driver/Src/stm32l4xx_hal_tim.o
LOAD ./Drivers/STM32L4xx_HAL_Driver/Src/stm32l4xx_hal_tim_ex.o
LOAD ./Drivers/STM32L4xx_HAL_Driver/Src/stm32l4xx_ll_usb.o
LOAD /home/jacob/opt/xPacks/@gnu-mcu-eclipse/arm-none-eabi-gcc/7.3.1-1.1.1/.content/bin/../lib/gcc/arm-none-eabi/7.3.1/../../../../arm-none-eabi/lib/thumb/v7e-m/libstdc++_nano.a
LOAD /home/jacob/opt/xPacks/@gnu-mcu-eclipse/arm-none-eabi-gcc/7.3.1-1.1.1/.content/bin/../lib/gcc/arm-none-eabi/7.3.1/../../../../arm-none-eabi/lib/thumb/v7e-m/libm.a
START GROUP
LOAD /home/jacob/opt/xPacks/@gnu-mcu-eclipse/arm-none-eabi-gcc/7.3.1-1.1.1/.content/bin/../lib/gcc/arm-none-eabi/7.3.1/thumb/v7e-m/libgcc.a
LOAD /home/jacob/opt/xPacks/@gnu-mcu-eclipse/arm-none-eabi-gcc/7.3.1-1.1.1/.content/bin/../lib/gcc/arm-none-eabi/7.3.1/../../../../arm-none-eabi/lib/thumb/v7e-m/libg_nano.a
LOAD /home/jacob/opt/xPacks/@gnu-mcu-eclipse/arm-none-eabi-gcc/7.3.1-1.1.1/.content/bin/../lib/gcc/arm-none-eabi/7.3.1/../../../../arm-none-eabi/lib/thumb/v7e-m/libc_nano.a
END GROUP
START GROUP
LOAD /home/jacob/opt/xPacks/@gnu-mcu-eclipse/arm-none-eabi-gcc/7.3.1-1.1.1/.content/bin/../lib/gcc/arm-none-eabi/7.3.1/thumb/v7e-m/libgcc.a
LOAD /home/jacob/opt/xPacks/@gnu-mcu-eclipse/arm-none-eabi-gcc/7.3.1-1.1.1/.content/bin/../lib/gcc/arm-none-eabi/7.3.1/../../../../arm-none-eabi/lib/thumb/v7e-m/libc_nano.a
LOAD /home/jacob/opt/xPacks/@gnu-mcu-eclipse/arm-none-eabi-gcc/7.3.1-1.1.1/.content/bin/../lib/gcc/arm-none-eabi/7.3.1/../../../../arm-none-eabi/lib/thumb/v7e-m/libnosys.a
END GROUP
START GROUP
LOAD /home/jacob/opt/xPacks/@gnu-mcu-eclipse/arm-none-eabi-gcc/7.3.1-1.1.1/.content/bin/../lib/gcc/arm-none-eabi/7.3.1/thumb/v7e-m/libgcc.a
LOAD /home/jacob/opt/xPacks/@gnu-mcu-eclipse/arm-none-eabi-gcc/7.3.1-1.1.1/.content/bin/../lib/gcc/arm-none-eabi/7.3.1/../../../../arm-none-eabi/lib/thumb/v7e-m/libc_nano.a
LOAD /home/jacob/opt/xPacks/@gnu-mcu-eclipse/arm-none-eabi-gcc/7.3.1-1.1.1/.content/bin/../lib/gcc/arm-none-eabi/7.3.1/../../../../arm-none-eabi/lib/thumb/v7e-m/libnosys.a
END GROUP
LOAD /home/jacob/opt/xPacks/@gnu-mcu-eclipse/arm-none-eabi-gcc/7.3.1-1.1.1/.content/bin/../lib/gcc/arm-none-eabi/7.3.1/thumb/v7e-m/crtend.o
LOAD /home/jacob/opt/xPacks/@gnu-mcu-eclipse/arm-none-eabi-gcc/7.3.1-1.1.1/.content/bin/../lib/gcc/arm-none-eabi/7.3.1/thumb/v7e-m/crtn.o
                0x0000000020010000                _estack = 0x20010000
                0x0000000000000200                _Min_Heap_Size = 0x200
                0x0000000000000400                _Min_Stack_Size = 0x400

.isr_vector     0x0000000008000000      0x190
                0x0000000008000000                . = ALIGN (0x8)
 *(.isr_vector)
 .isr_vector    0x0000000008000000      0x18c ./startup/startup_stm32l433xx.o
                0x0000000008000000                g_pfnVectors
                0x0000000008000190                . = ALIGN (0x8)
 *fill*         0x000000000800018c        0x4 

.text           0x0000000008000190     0x7d78
                0x0000000008000190                . = ALIGN (0x8)
 *(.text)
 .text          0x0000000008000190      0x378 /home/jacob/opt/xPacks/@gnu-mcu-eclipse/arm-none-eabi-gcc/7.3.1-1.1.1/.content/bin/../lib/gcc/arm-none-eabi/7.3.1/thumb/v7e-m/libgcc.a(_arm_addsubdf3.o)
                0x0000000008000190                __aeabi_drsub
                0x0000000008000198                __aeabi_dsub
                0x0000000008000198                __subdf3
                0x000000000800019c                __adddf3
                0x000000000800019c                __aeabi_dadd
                0x0000000008000414                __aeabi_ui2d
                0x0000000008000414                __floatunsidf
                0x0000000008000434                __floatsidf
                0x0000000008000434                __aeabi_i2d
                0x0000000008000458                __extendsfdf2
                0x0000000008000458                __aeabi_f2d
                0x000000000800049c                __aeabi_ul2d
                0x000000000800049c                __floatundidf
                0x00000000080004ac                __floatdidf
                0x00000000080004ac                __aeabi_l2d
 .text          0x0000000008000508      0x424 /home/jacob/opt/xPacks/@gnu-mcu-eclipse/arm-none-eabi-gcc/7.3.1-1.1.1/.content/bin/../lib/gcc/arm-none-eabi/7.3.1/thumb/v7e-m/libgcc.a(_arm_muldivdf3.o)
                0x0000000008000508                __aeabi_dmul
                0x0000000008000508                __muldf3
                0x000000000800075c                __aeabi_ddiv
                0x000000000800075c                __divdf3
 .text          0x000000000800092c       0x10 /home/jacob/opt/xPacks/@gnu-mcu-eclipse/arm-none-eabi-gcc/7.3.1-1.1.1/.content/bin/../lib/gcc/arm-none-eabi/7.3.1/../../../../arm-none-eabi/lib/thumb/v7e-m/libg_nano.a(lib_a-strlen.o)
                0x000000000800092c                strlen
 *fill*         0x000000000800093c        0x4 
 .text          0x0000000008000940       0xa0 /home/jacob/opt/xPacks/@gnu-mcu-eclipse/arm-none-eabi-gcc/7.3.1-1.1.1/.content/bin/../lib/gcc/arm-none-eabi/7.3.1/../../../../arm-none-eabi/lib/thumb/v7e-m/libg_nano.a(lib_a-memchr.o)
                0x0000000008000940                memchr
 .text          0x00000000080009e0      0x110 /home/jacob/opt/xPacks/@gnu-mcu-eclipse/arm-none-eabi-gcc/7.3.1-1.1.1/.content/bin/../lib/gcc/arm-none-eabi/7.3.1/thumb/v7e-m/libgcc.a(_arm_cmpdf2.o)
                0x00000000080009e0                __gtdf2
                0x00000000080009e0                __gedf2
                0x00000000080009e8                __ltdf2
                0x00000000080009e8                __ledf2
                0x00000000080009f0                __cmpdf2
                0x00000000080009f0                __eqdf2
                0x00000000080009f0                __nedf2
                0x0000000008000a6c                __aeabi_cdrcmple
                0x0000000008000a7c                __aeabi_cdcmple
                0x0000000008000a7c                __aeabi_cdcmpeq
                0x0000000008000a8c                __aeabi_dcmpeq
                0x0000000008000aa0                __aeabi_dcmplt
                0x0000000008000ab4                __aeabi_dcmple
                0x0000000008000ac8                __aeabi_dcmpge
                0x0000000008000adc                __aeabi_dcmpgt
 .text          0x0000000008000af0       0x2c /home/jacob/opt/xPacks/@gnu-mcu-eclipse/arm-none-eabi-gcc/7.3.1-1.1.1/.content/bin/../lib/gcc/arm-none-eabi/7.3.1/thumb/v7e-m/libgcc.a(_arm_unorddf2.o)
                0x0000000008000af0                __aeabi_dcmpun
                0x0000000008000af0                __unorddf2
 .text          0x0000000008000b1c       0x50 /home/jacob/opt/xPacks/@gnu-mcu-eclipse/arm-none-eabi-gcc/7.3.1-1.1.1/.content/bin/../lib/gcc/arm-none-eabi/7.3.1/thumb/v7e-m/libgcc.a(_arm_fixdfsi.o)
                0x0000000008000b1c                __fixdfsi
                0x0000000008000b1c                __aeabi_d2iz
 *(.text*)
 .text.deregister_tm_clones
                0x0000000008000b6c       0x1c /home/jacob/opt/xPacks/@gnu-mcu-eclipse/arm-none-eabi-gcc/7.3.1-1.1.1/.content/bin/../lib/gcc/arm-none-eabi/7.3.1/thumb/v7e-m/crtbegin.o
 .text.register_tm_clones
                0x0000000008000b88       0x24 /home/jacob/opt/xPacks/@gnu-mcu-eclipse/arm-none-eabi-gcc/7.3.1-1.1.1/.content/bin/../lib/gcc/arm-none-eabi/7.3.1/thumb/v7e-m/crtbegin.o
 .text.__do_global_dtors_aux
                0x0000000008000bac       0x28 /home/jacob/opt/xPacks/@gnu-mcu-eclipse/arm-none-eabi-gcc/7.3.1-1.1.1/.content/bin/../lib/gcc/arm-none-eabi/7.3.1/thumb/v7e-m/crtbegin.o
 .text.frame_dummy
                0x0000000008000bd4       0x24 /home/jacob/opt/xPacks/@gnu-mcu-eclipse/arm-none-eabi-gcc/7.3.1-1.1.1/.content/bin/../lib/gcc/arm-none-eabi/7.3.1/thumb/v7e-m/crtbegin.o
 .text.Reset_Handler
                0x0000000008000bf8       0x50 ./startup/startup_stm32l433xx.o
                0x0000000008000bf8                Reset_Handler
 .text.Default_Handler
                0x0000000008000c48        0x2 ./startup/startup_stm32l433xx.o
                0x0000000008000c48                RTC_Alarm_IRQHandler
                0x0000000008000c48                EXTI2_IRQHandler
                0x0000000008000c48                TIM1_CC_IRQHandler
                0x0000000008000c48                TSC_IRQHandler
                0x0000000008000c48                TAMP_STAMP_IRQHandler
                0x0000000008000c48                EXTI3_IRQHandler
                0x0000000008000c48                LPTIM2_IRQHandler
                0x0000000008000c48                I2C3_ER_IRQHandler
                0x0000000008000c48                EXTI0_IRQHandler
                0x0000000008000c48                I2C2_EV_IRQHandler
                0x0000000008000c48                CAN1_RX0_IRQHandler
                0x0000000008000c48                FPU_IRQHandler
                0x0000000008000c48                TIM1_UP_TIM16_IRQHandler
                0x0000000008000c48                SPI1_IRQHandler
                0x0000000008000c48                TIM6_DAC_IRQHandler
                0x0000000008000c48                DMA2_Channel2_IRQHandler
                0x0000000008000c48                DMA1_Channel4_IRQHandler
                0x0000000008000c48                ADC1_IRQHandler
                0x0000000008000c48                USART3_IRQHandler
                0x0000000008000c48                DMA1_Channel7_IRQHandler
                0x0000000008000c48                CAN1_RX1_IRQHandler
                0x0000000008000c48                LCD_IRQHandler
                0x0000000008000c48                DMA2_Channel1_IRQHandler
                0x0000000008000c48                QUADSPI_IRQHandler
                0x0000000008000c48                I2C1_EV_IRQHandler
                0x0000000008000c48                DMA1_Channel6_IRQHandler
                0x0000000008000c48                DMA2_Channel4_IRQHandler
                0x0000000008000c48                RCC_IRQHandler
                0x0000000008000c48                TIM1_TRG_COM_IRQHandler
                0x0000000008000c48                DMA1_Channel1_IRQHandler
                0x0000000008000c48                Default_Handler
                0x0000000008000c48                DMA2_Channel7_IRQHandler
                0x0000000008000c48                EXTI15_10_IRQHandler
                0x0000000008000c48                TIM7_IRQHandler
                0x0000000008000c48                SDMMC1_IRQHandler
                0x0000000008000c48                I2C3_EV_IRQHandler
                0x0000000008000c48                EXTI9_5_IRQHandler
                0x0000000008000c48                RTC_WKUP_IRQHandler
                0x0000000008000c48                PVD_PVM_IRQHandler
                0x0000000008000c48                SPI2_IRQHandler
                0x0000000008000c48                CAN1_TX_IRQHandler
                0x0000000008000c48                DMA2_Channel5_IRQHandler
                0x0000000008000c48                CRS_IRQHandler
                0x0000000008000c48                DMA1_Channel5_IRQHandler
                0x0000000008000c48                EXTI4_IRQHandler
                0x0000000008000c48                RNG_IRQHandler
                0x0000000008000c48                DMA1_Channel3_IRQHandler
                0x0000000008000c48                COMP_IRQHandler
                0x0000000008000c48                WWDG_IRQHandler
                0x0000000008000c48                LPUART1_IRQHandler
                0x0000000008000c48                DMA2_Channel6_IRQHandler
                0x0000000008000c48                TIM2_IRQHandler
                0x0000000008000c48                USART2_IRQHandler
                0x0000000008000c48                I2C2_ER_IRQHandler
                0x0000000008000c48                DMA1_Channel2_IRQHandler
                0x0000000008000c48                CAN1_SCE_IRQHandler
                0x0000000008000c48                FLASH_IRQHandler
                0x0000000008000c48                USART1_IRQHandler
                0x0000000008000c48                SPI3_IRQHandler
                0x0000000008000c48                I2C1_ER_IRQHandler
                0x0000000008000c48                SWPMI1_IRQHandler
                0x0000000008000c48                LPTIM1_IRQHandler
                0x0000000008000c48                SAI1_IRQHandler
                0x0000000008000c48                DMA2_Channel3_IRQHandler
                0x0000000008000c48                TIM1_BRK_TIM15_IRQHandler
 *fill*         0x0000000008000c4a        0x2 
 .text.MX_GPIO_Init
                0x0000000008000c4c      0x188 ./Src/main.o
 .text.HAL_GPIO_EXTI_Callback
                0x0000000008000dd4       0x14 ./Src/main.o
                0x0000000008000dd4                HAL_GPIO_EXTI_Callback
 .text._Error_Handler
                0x0000000008000de8        0x2 ./Src/main.o
                0x0000000008000de8                _Error_Handler
 *fill*         0x0000000008000dea        0x2 
 .text.MX_I2C1_Init
                0x0000000008000dec       0x68 ./Src/main.o
 .text.MX_SPI2_Init
                0x0000000008000e54       0x58 ./Src/main.o
 .text.MX_SPI1_Init
                0x0000000008000eac       0x54 ./Src/main.o
 .text.MX_TIM2_Init
                0x0000000008000f00       0xac ./Src/main.o
 .text.MX_TIM6_Init
                0x0000000008000fac       0x58 ./Src/main.o
 .text.SystemClock_Config
                0x0000000008001004       0xe0 ./Src/main.o
                0x0000000008001004                SystemClock_Config
 *fill*         0x00000000080010e4        0x4 
 .text.main     0x00000000080010e8      0x204 ./Src/main.o
                0x00000000080010e8                main
 .text.HAL_MspInit
                0x00000000080012ec       0x90 ./Src/stm32l4xx_hal_msp.o
                0x00000000080012ec                HAL_MspInit
 .text.HAL_I2C_MspInit
                0x000000000800137c       0x54 ./Src/stm32l4xx_hal_msp.o
                0x000000000800137c                HAL_I2C_MspInit
 .text.HAL_SPI_MspInit
                0x00000000080013d0       0x90 ./Src/stm32l4xx_hal_msp.o
                0x00000000080013d0                HAL_SPI_MspInit
 .text.HAL_TIM_Base_MspInit
                0x0000000008001460       0x4c ./Src/stm32l4xx_hal_msp.o
                0x0000000008001460                HAL_TIM_Base_MspInit
 .text.HAL_TIM_MspPostInit
                0x00000000080014ac       0x34 ./Src/stm32l4xx_hal_msp.o
                0x00000000080014ac                HAL_TIM_MspPostInit
 .text.NMI_Handler
                0x00000000080014e0        0x2 ./Src/stm32l4xx_it.o
                0x00000000080014e0                NMI_Handler
 .text.HardFault_Handler
                0x00000000080014e2        0x2 ./Src/stm32l4xx_it.o
                0x00000000080014e2                HardFault_Handler
 .text.MemManage_Handler
                0x00000000080014e4        0x2 ./Src/stm32l4xx_it.o
                0x00000000080014e4                MemManage_Handler
 .text.BusFault_Handler
                0x00000000080014e6        0x2 ./Src/stm32l4xx_it.o
                0x00000000080014e6                BusFault_Handler
 .text.UsageFault_Handler
                0x00000000080014e8        0x2 ./Src/stm32l4xx_it.o
                0x00000000080014e8                UsageFault_Handler
 .text.SVC_Handler
                0x00000000080014ea        0x2 ./Src/stm32l4xx_it.o
                0x00000000080014ea                SVC_Handler
 .text.DebugMon_Handler
                0x00000000080014ec        0x2 ./Src/stm32l4xx_it.o
                0x00000000080014ec                DebugMon_Handler
 .text.PendSV_Handler
                0x00000000080014ee        0x2 ./Src/stm32l4xx_it.o
                0x00000000080014ee                PendSV_Handler
 .text.SysTick_Handler
                0x00000000080014f0        0xc ./Src/stm32l4xx_it.o
                0x00000000080014f0                SysTick_Handler
 .text.EXTI1_IRQHandler
                0x00000000080014fc        0xa ./Src/stm32l4xx_it.o
                0x00000000080014fc                EXTI1_IRQHandler
 *fill*         0x0000000008001506        0x2 
 .text.USB_IRQHandler
                0x0000000008001508       0x10 ./Src/stm32l4xx_it.o
                0x0000000008001508                USB_IRQHandler
 .text.SystemInit
                0x0000000008001518       0x3c ./Src/system_stm32l4xx.o
                0x0000000008001518                SystemInit
 .text.MX_USB_DEVICE_Init
                0x0000000008001554       0x40 ./Src/usb_device.o
                0x0000000008001554                MX_USB_DEVICE_Init
 .text.CDC_DeInit_FS
                0x0000000008001594        0x4 ./Src/usbd_cdc_if.o
 .text.CDC_Control_FS
                0x0000000008001598       0x2c ./Src/usbd_cdc_if.o
 .text.CDC_Receive_FS
                0x00000000080015c4       0x1c ./Src/usbd_cdc_if.o
 .text.CDC_Init_FS
                0x00000000080015e0       0x28 ./Src/usbd_cdc_if.o
 .text.CDC_Transmit_FS
                0x0000000008001608       0x2c ./Src/usbd_cdc_if.o
                0x0000000008001608                CDC_Transmit_FS
 .text.SendUSB  0x0000000008001634       0x24 ./Src/usbd_cdc_if.o
                0x0000000008001634                SendUSB
 .text.SystemClockConfig_Resume
                0x0000000008001658        0x8 ./Src/usbd_conf.o
 .text.HAL_PCD_MspInit
                0x0000000008001660       0x40 ./Src/usbd_conf.o
                0x0000000008001660                HAL_PCD_MspInit
 .text.HAL_PCD_SetupStageCallback
                0x00000000080016a0       0x10 ./Src/usbd_conf.o
                0x00000000080016a0                HAL_PCD_SetupStageCallback
 .text.HAL_PCD_DataOutStageCallback
                0x00000000080016b0       0x14 ./Src/usbd_conf.o
                0x00000000080016b0                HAL_PCD_DataOutStageCallback
 .text.HAL_PCD_DataInStageCallback
                0x00000000080016c4       0x12 ./Src/usbd_conf.o
                0x00000000080016c4                HAL_PCD_DataInStageCallback
 .text.HAL_PCD_SOFCallback
                0x00000000080016d6        0xc ./Src/usbd_conf.o
                0x00000000080016d6                HAL_PCD_SOFCallback
 .text.HAL_PCD_ResetCallback
                0x00000000080016e2       0x18 ./Src/usbd_conf.o
                0x00000000080016e2                HAL_PCD_ResetCallback
 *fill*         0x00000000080016fa        0x2 
 .text.HAL_PCD_SuspendCallback
                0x00000000080016fc       0x20 ./Src/usbd_conf.o
                0x00000000080016fc                HAL_PCD_SuspendCallback
 .text.HAL_PCD_ResumeCallback
                0x000000000800171c       0x28 ./Src/usbd_conf.o
                0x000000000800171c                HAL_PCD_ResumeCallback
 .text.USBD_LL_Init
                0x0000000008001744       0x98 ./Src/usbd_conf.o
                0x0000000008001744                USBD_LL_Init
 .text.USBD_LL_Start
                0x00000000080017dc       0x1c ./Src/usbd_conf.o
                0x00000000080017dc                USBD_LL_Start
 .text.USBD_LL_OpenEP
                0x00000000080017f8       0x22 ./Src/usbd_conf.o
                0x00000000080017f8                USBD_LL_OpenEP
 .text.USBD_LL_CloseEP
                0x000000000800181a       0x1c ./Src/usbd_conf.o
                0x000000000800181a                USBD_LL_CloseEP
 .text.USBD_LL_StallEP
                0x0000000008001836       0x1c ./Src/usbd_conf.o
                0x0000000008001836                USBD_LL_StallEP
 .text.USBD_LL_ClearStallEP
                0x0000000008001852       0x1c ./Src/usbd_conf.o
                0x0000000008001852                USBD_LL_ClearStallEP
 .text.USBD_LL_IsStallEP
                0x000000000800186e       0x26 ./Src/usbd_conf.o
                0x000000000800186e                USBD_LL_IsStallEP
 .text.USBD_LL_SetUSBAddress
                0x0000000008001894       0x1c ./Src/usbd_conf.o
                0x0000000008001894                USBD_LL_SetUSBAddress
 .text.USBD_LL_Transmit
                0x00000000080018b0       0x1c ./Src/usbd_conf.o
                0x00000000080018b0                USBD_LL_Transmit
 .text.USBD_LL_PrepareReceive
                0x00000000080018cc       0x1c ./Src/usbd_conf.o
                0x00000000080018cc                USBD_LL_PrepareReceive
 .text.USBD_LL_GetRxDataSize
                0x00000000080018e8        0xc ./Src/usbd_conf.o
                0x00000000080018e8                USBD_LL_GetRxDataSize
 .text.HAL_PCDEx_LPM_Callback
                0x00000000080018f4       0x48 ./Src/usbd_conf.o
                0x00000000080018f4                HAL_PCDEx_LPM_Callback
 .text.USBD_static_malloc
                0x000000000800193c        0x8 ./Src/usbd_conf.o
                0x000000000800193c                USBD_static_malloc
 .text.USBD_static_free
                0x0000000008001944        0x2 ./Src/usbd_conf.o
                0x0000000008001944                USBD_static_free
 .text.USBD_LL_BatteryCharging
                0x0000000008001946       0x12 ./Src/usbd_conf.o
                0x0000000008001946                USBD_LL_BatteryCharging
 .text.USBD_FS_DeviceDescriptor
                0x0000000008001958        0xc ./Src/usbd_desc.o
                0x0000000008001958                USBD_FS_DeviceDescriptor
 .text.USBD_FS_LangIDStrDescriptor
                0x0000000008001964        0xc ./Src/usbd_desc.o
                0x0000000008001964                USBD_FS_LangIDStrDescriptor
 .text.USBD_FS_USR_BOSDescriptor
                0x0000000008001970        0xc ./Src/usbd_desc.o
                0x0000000008001970                USBD_FS_USR_BOSDescriptor
 .text.USBD_FS_ProductStrDescriptor
                0x000000000800197c       0x24 ./Src/usbd_desc.o
                0x000000000800197c                USBD_FS_ProductStrDescriptor
 .text.USBD_FS_ManufacturerStrDescriptor
                0x00000000080019a0       0x1c ./Src/usbd_desc.o
                0x00000000080019a0                USBD_FS_ManufacturerStrDescriptor
 .text.USBD_FS_SerialStrDescriptor
                0x00000000080019bc       0x24 ./Src/usbd_desc.o
                0x00000000080019bc                USBD_FS_SerialStrDescriptor
 .text.USBD_FS_ConfigStrDescriptor
                0x00000000080019e0       0x24 ./Src/usbd_desc.o
                0x00000000080019e0                USBD_FS_ConfigStrDescriptor
 .text.USBD_FS_InterfaceStrDescriptor
                0x0000000008001a04       0x24 ./Src/usbd_desc.o
                0x0000000008001a04                USBD_FS_InterfaceStrDescriptor
 .text.USBD_Init
                0x0000000008001a28       0x2e ./Middlewares/ST/STM32_USB_Device_Library/Core/Src/usbd_core.o
                0x0000000008001a28                USBD_Init
 .text.USBD_RegisterClass
                0x0000000008001a56        0xe ./Middlewares/ST/STM32_USB_Device_Library/Core/Src/usbd_core.o
                0x0000000008001a56                USBD_RegisterClass
 .text.USBD_Start
                0x0000000008001a64        0xa ./Middlewares/ST/STM32_USB_Device_Library/Core/Src/usbd_core.o
                0x0000000008001a64                USBD_Start
 .text.USBD_SetClassConfig
                0x0000000008001a6e       0x1a ./Middlewares/ST/STM32_USB_Device_Library/Core/Src/usbd_core.o
                0x0000000008001a6e                USBD_SetClassConfig
 .text.USBD_ClrClassConfig
                0x0000000008001a88        0xe ./Middlewares/ST/STM32_USB_Device_Library/Core/Src/usbd_core.o
                0x0000000008001a88                USBD_ClrClassConfig
 .text.USBD_LL_SetupStage
                0x0000000008001a96       0x5a ./Middlewares/ST/STM32_USB_Device_Library/Core/Src/usbd_core.o
                0x0000000008001a96                USBD_LL_SetupStage
 .text.USBD_LL_DataOutStage
                0x0000000008001af0       0x8c ./Middlewares/ST/STM32_USB_Device_Library/Core/Src/usbd_core.o
                0x0000000008001af0                USBD_LL_DataOutStage
 .text.USBD_LL_DataInStage
                0x0000000008001b7c       0xd2 ./Middlewares/ST/STM32_USB_Device_Library/Core/Src/usbd_core.o
                0x0000000008001b7c                USBD_LL_DataInStage
 .text.USBD_LL_Reset
                0x0000000008001c4e       0x50 ./Middlewares/ST/STM32_USB_Device_Library/Core/Src/usbd_core.o
                0x0000000008001c4e                USBD_LL_Reset
 .text.USBD_LL_SetSpeed
                0x0000000008001c9e        0x6 ./Middlewares/ST/STM32_USB_Device_Library/Core/Src/usbd_core.o
                0x0000000008001c9e                USBD_LL_SetSpeed
 .text.USBD_LL_Suspend
                0x0000000008001ca4       0x12 ./Middlewares/ST/STM32_USB_Device_Library/Core/Src/usbd_core.o
                0x0000000008001ca4                USBD_LL_Suspend
 .text.USBD_LL_Resume
                0x0000000008001cb6        0xc ./Middlewares/ST/STM32_USB_Device_Library/Core/Src/usbd_core.o
                0x0000000008001cb6                USBD_LL_Resume
 .text.USBD_LL_SOF
                0x0000000008001cc2       0x1c ./Middlewares/ST/STM32_USB_Device_Library/Core/Src/usbd_core.o
                0x0000000008001cc2                USBD_LL_SOF
 .text.USBD_GetLen
                0x0000000008001cde       0x14 ./Middlewares/ST/STM32_USB_Device_Library/Core/Src/usbd_ctlreq.o
 .text.USBD_SetFeature
                0x0000000008001cf2       0x14 ./Middlewares/ST/STM32_USB_Device_Library/Core/Src/usbd_ctlreq.o
 .text.USBD_ParseSetupRequest
                0x0000000008001d06       0x28 ./Middlewares/ST/STM32_USB_Device_Library/Core/Src/usbd_ctlreq.o
                0x0000000008001d06                USBD_ParseSetupRequest
 .text.USBD_CtlError
                0x0000000008001d2e       0x14 ./Middlewares/ST/STM32_USB_Device_Library/Core/Src/usbd_ctlreq.o
                0x0000000008001d2e                USBD_CtlError
 .text.USBD_GetDescriptor
                0x0000000008001d42      0x15a ./Middlewares/ST/STM32_USB_Device_Library/Core/Src/usbd_ctlreq.o
 .text.USBD_SetAddress
                0x0000000008001e9c       0x4e ./Middlewares/ST/STM32_USB_Device_Library/Core/Src/usbd_ctlreq.o
 *fill*         0x0000000008001eea        0x2 
 .text.USBD_SetConfig
                0x0000000008001eec       0xb0 ./Middlewares/ST/STM32_USB_Device_Library/Core/Src/usbd_ctlreq.o
 .text.USBD_GetConfig
                0x0000000008001f9c       0x3c ./Middlewares/ST/STM32_USB_Device_Library/Core/Src/usbd_ctlreq.o
 .text.USBD_GetStatus
                0x0000000008001fd8       0x38 ./Middlewares/ST/STM32_USB_Device_Library/Core/Src/usbd_ctlreq.o
 .text.USBD_ClrFeature
                0x0000000008002010       0x26 ./Middlewares/ST/STM32_USB_Device_Library/Core/Src/usbd_ctlreq.o
 .text.USBD_StdDevReq
                0x0000000008002036       0x68 ./Middlewares/ST/STM32_USB_Device_Library/Core/Src/usbd_ctlreq.o
                0x0000000008002036                USBD_StdDevReq
 .text.USBD_StdItfReq
                0x000000000800209e       0x60 ./Middlewares/ST/STM32_USB_Device_Library/Core/Src/usbd_ctlreq.o
                0x000000000800209e                USBD_StdItfReq
 .text.USBD_StdEPReq
                0x00000000080020fe      0x20a ./Middlewares/ST/STM32_USB_Device_Library/Core/Src/usbd_ctlreq.o
                0x00000000080020fe                USBD_StdEPReq
 .text.USBD_GetString
                0x0000000008002308       0x38 ./Middlewares/ST/STM32_USB_Device_Library/Core/Src/usbd_ctlreq.o
                0x0000000008002308                USBD_GetString
 .text.USBD_CtlSendData
                0x0000000008002340       0x1a ./Middlewares/ST/STM32_USB_Device_Library/Core/Src/usbd_ioreq.o
                0x0000000008002340                USBD_CtlSendData
 .text.USBD_CtlContinueSendData
                0x000000000800235a       0x10 ./Middlewares/ST/STM32_USB_Device_Library/Core/Src/usbd_ioreq.o
                0x000000000800235a                USBD_CtlContinueSendData
 .text.USBD_CtlPrepareRx
                0x000000000800236a       0x1e ./Middlewares/ST/STM32_USB_Device_Library/Core/Src/usbd_ioreq.o
                0x000000000800236a                USBD_CtlPrepareRx
 .text.USBD_CtlContinueRx
                0x0000000008002388       0x10 ./Middlewares/ST/STM32_USB_Device_Library/Core/Src/usbd_ioreq.o
                0x0000000008002388                USBD_CtlContinueRx
 .text.USBD_CtlSendStatus
                0x0000000008002398       0x16 ./Middlewares/ST/STM32_USB_Device_Library/Core/Src/usbd_ioreq.o
                0x0000000008002398                USBD_CtlSendStatus
 .text.USBD_CtlReceiveStatus
                0x00000000080023ae       0x16 ./Middlewares/ST/STM32_USB_Device_Library/Core/Src/usbd_ioreq.o
                0x00000000080023ae                USBD_CtlReceiveStatus
 .text.USBD_CDC_EP0_RxReady
                0x00000000080023c4       0x28 ./Middlewares/ST/STM32_USB_Device_Library/Class/CDC/Src/usbd_cdc.o
 .text.USBD_CDC_GetFSCfgDesc
                0x00000000080023ec        0xc ./Middlewares/ST/STM32_USB_Device_Library/Class/CDC/Src/usbd_cdc.o
 .text.USBD_CDC_GetHSCfgDesc
                0x00000000080023f8        0xc ./Middlewares/ST/STM32_USB_Device_Library/Class/CDC/Src/usbd_cdc.o
 .text.USBD_CDC_GetOtherSpeedCfgDesc
                0x0000000008002404        0xc ./Middlewares/ST/STM32_USB_Device_Library/Class/CDC/Src/usbd_cdc.o
 .text.USBD_CDC_GetDeviceQualifierDescriptor
                0x0000000008002410        0xc ./Middlewares/ST/STM32_USB_Device_Library/Class/CDC/Src/usbd_cdc.o
                0x0000000008002410                USBD_CDC_GetDeviceQualifierDescriptor
 .text.USBD_CDC_DataOut
                0x000000000800241c       0x2e ./Middlewares/ST/STM32_USB_Device_Library/Class/CDC/Src/usbd_cdc.o
 .text.USBD_CDC_DataIn
                0x000000000800244a       0x4c ./Middlewares/ST/STM32_USB_Device_Library/Class/CDC/Src/usbd_cdc.o
 .text.USBD_CDC_Setup
                0x0000000008002496       0xda ./Middlewares/ST/STM32_USB_Device_Library/Class/CDC/Src/usbd_cdc.o
 .text.USBD_CDC_DeInit
                0x0000000008002570       0x42 ./Middlewares/ST/STM32_USB_Device_Library/Class/CDC/Src/usbd_cdc.o
 .text.USBD_CDC_Init
                0x00000000080025b2       0xaa ./Middlewares/ST/STM32_USB_Device_Library/Class/CDC/Src/usbd_cdc.o
 .text.USBD_CDC_RegisterInterface
                0x000000000800265c        0xe ./Middlewares/ST/STM32_USB_Device_Library/Class/CDC/Src/usbd_cdc.o
                0x000000000800265c                USBD_CDC_RegisterInterface
 .text.USBD_CDC_SetTxBuffer
                0x000000000800266a       0x10 ./Middlewares/ST/STM32_USB_Device_Library/Class/CDC/Src/usbd_cdc.o
                0x000000000800266a                USBD_CDC_SetTxBuffer
 .text.USBD_CDC_SetRxBuffer
                0x000000000800267a        0xc ./Middlewares/ST/STM32_USB_Device_Library/Class/CDC/Src/usbd_cdc.o
                0x000000000800267a                USBD_CDC_SetRxBuffer
 .text.USBD_CDC_TransmitPacket
                0x0000000008002686       0x34 ./Middlewares/ST/STM32_USB_Device_Library/Class/CDC/Src/usbd_cdc.o
                0x0000000008002686                USBD_CDC_TransmitPacket
 .text.USBD_CDC_ReceivePacket
                0x00000000080026ba       0x32 ./Middlewares/ST/STM32_USB_Device_Library/Class/CDC/Src/usbd_cdc.o
                0x00000000080026ba                USBD_CDC_ReceivePacket
 .text.HAL_InitTick
                0x00000000080026ec       0x34 ./Drivers/STM32L4xx_HAL_Driver/Src/stm32l4xx_hal.o
                0x00000000080026ec                HAL_InitTick
 .text.HAL_Init
                0x0000000008002720       0x1e ./Drivers/STM32L4xx_HAL_Driver/Src/stm32l4xx_hal.o
                0x0000000008002720                HAL_Init
 *fill*         0x000000000800273e        0x2 
 .text.HAL_IncTick
                0x0000000008002740       0x10 ./Drivers/STM32L4xx_HAL_Driver/Src/stm32l4xx_hal.o
                0x0000000008002740                HAL_IncTick
 .text.HAL_GetTick
                0x0000000008002750        0xc ./Drivers/STM32L4xx_HAL_Driver/Src/stm32l4xx_hal.o
                0x0000000008002750                HAL_GetTick
 .text.HAL_Delay
                0x000000000800275c       0x1e ./Drivers/STM32L4xx_HAL_Driver/Src/stm32l4xx_hal.o
                0x000000000800275c                HAL_Delay
 *fill*         0x000000000800277a        0x2 
 .text.HAL_NVIC_SetPriorityGrouping
                0x000000000800277c       0x24 ./Drivers/STM32L4xx_HAL_Driver/Src/stm32l4xx_hal_cortex.o
                0x000000000800277c                HAL_NVIC_SetPriorityGrouping
 .text.HAL_NVIC_SetPriority
                0x00000000080027a0       0x68 ./Drivers/STM32L4xx_HAL_Driver/Src/stm32l4xx_hal_cortex.o
                0x00000000080027a0                HAL_NVIC_SetPriority
 .text.HAL_NVIC_EnableIRQ
                0x0000000008002808       0x18 ./Drivers/STM32L4xx_HAL_Driver/Src/stm32l4xx_hal_cortex.o
                0x0000000008002808                HAL_NVIC_EnableIRQ
 .text.HAL_SYSTICK_Config
                0x0000000008002820       0x2c ./Drivers/STM32L4xx_HAL_Driver/Src/stm32l4xx_hal_cortex.o
                0x0000000008002820                HAL_SYSTICK_Config
 .text.HAL_SYSTICK_CLKSourceConfig
                0x000000000800284c       0x20 ./Drivers/STM32L4xx_HAL_Driver/Src/stm32l4xx_hal_cortex.o
                0x000000000800284c                HAL_SYSTICK_CLKSourceConfig
 .text.HAL_SYSTICK_Callback
                0x000000000800286c        0x2 ./Drivers/STM32L4xx_HAL_Driver/Src/stm32l4xx_hal_cortex.o
                0x000000000800286c                HAL_SYSTICK_Callback
 .text.HAL_SYSTICK_IRQHandler
                0x000000000800286e        0x8 ./Drivers/STM32L4xx_HAL_Driver/Src/stm32l4xx_hal_cortex.o
                0x000000000800286e                HAL_SYSTICK_IRQHandler
 *fill*         0x0000000008002876        0x2 
 .text.HAL_GPIO_Init
                0x0000000008002878      0x194 ./Drivers/STM32L4xx_HAL_Driver/Src/stm32l4xx_hal_gpio.o
                0x0000000008002878                HAL_GPIO_Init
 .text.HAL_GPIO_ReadPin
                0x0000000008002a0c        0xe ./Drivers/STM32L4xx_HAL_Driver/Src/stm32l4xx_hal_gpio.o
                0x0000000008002a0c                HAL_GPIO_ReadPin
 .text.HAL_GPIO_WritePin
                0x0000000008002a1a        0xa ./Drivers/STM32L4xx_HAL_Driver/Src/stm32l4xx_hal_gpio.o
                0x0000000008002a1a                HAL_GPIO_WritePin
 .text.HAL_GPIO_EXTI_IRQHandler
                0x0000000008002a24       0x1c ./Drivers/STM32L4xx_HAL_Driver/Src/stm32l4xx_hal_gpio.o
                0x0000000008002a24                HAL_GPIO_EXTI_IRQHandler
 .text.I2C_Flush_TXDR
                0x0000000008002a40       0x22 ./Drivers/STM32L4xx_HAL_Driver/Src/stm32l4xx_hal_i2c.o
 .text.I2C_TransferConfig
                0x0000000008002a62       0x36 ./Drivers/STM32L4xx_HAL_Driver/Src/stm32l4xx_hal_i2c.o
 .text.I2C_IsAcknowledgeFailed
                0x0000000008002a98       0x90 ./Drivers/STM32L4xx_HAL_Driver/Src/stm32l4xx_hal_i2c.o
 .text.I2C_WaitOnFlagUntilTimeout
                0x0000000008002b28       0x52 ./Drivers/STM32L4xx_HAL_Driver/Src/stm32l4xx_hal_i2c.o
 .text.I2C_WaitOnSTOPFlagUntilTimeout
                0x0000000008002b7a       0x50 ./Drivers/STM32L4xx_HAL_Driver/Src/stm32l4xx_hal_i2c.o
 .text.I2C_WaitOnRXNEFlagUntilTimeout
                0x0000000008002bca       0x98 ./Drivers/STM32L4xx_HAL_Driver/Src/stm32l4xx_hal_i2c.o
 .text.HAL_I2C_Init
                0x0000000008002c62       0xbc ./Drivers/STM32L4xx_HAL_Driver/Src/stm32l4xx_hal_i2c.o
                0x0000000008002c62                HAL_I2C_Init
 *fill*         0x0000000008002d1e        0x2 
 .text.HAL_I2C_Master_Receive
                0x0000000008002d20      0x17c ./Drivers/STM32L4xx_HAL_Driver/Src/stm32l4xx_hal_i2c.o
                0x0000000008002d20                HAL_I2C_Master_Receive
 .text.HAL_I2CEx_ConfigAnalogFilter
                0x0000000008002e9c       0x5c ./Drivers/STM32L4xx_HAL_Driver/Src/stm32l4xx_hal_i2c_ex.o
                0x0000000008002e9c                HAL_I2CEx_ConfigAnalogFilter
 .text.HAL_I2CEx_ConfigDigitalFilter
                0x0000000008002ef8       0x58 ./Drivers/STM32L4xx_HAL_Driver/Src/stm32l4xx_hal_i2c_ex.o
                0x0000000008002ef8                HAL_I2CEx_ConfigDigitalFilter
 .text.HAL_PCD_Init
                0x0000000008002f50       0xf4 ./Drivers/STM32L4xx_HAL_Driver/Src/stm32l4xx_hal_pcd.o
                0x0000000008002f50                HAL_PCD_Init
 .text.HAL_PCD_Start
                0x0000000008003044       0x2a ./Drivers/STM32L4xx_HAL_Driver/Src/stm32l4xx_hal_pcd.o
                0x0000000008003044                HAL_PCD_Start
 .text.HAL_PCD_SetAddress
                0x000000000800306e       0x28 ./Drivers/STM32L4xx_HAL_Driver/Src/stm32l4xx_hal_pcd.o
                0x000000000800306e                HAL_PCD_SetAddress
 .text.HAL_PCD_EP_Open
                0x0000000008003096       0x70 ./Drivers/STM32L4xx_HAL_Driver/Src/stm32l4xx_hal_pcd.o
                0x0000000008003096                HAL_PCD_EP_Open
 .text.HAL_PCD_EP_Close
                0x0000000008003106       0x5c ./Drivers/STM32L4xx_HAL_Driver/Src/stm32l4xx_hal_pcd.o
                0x0000000008003106                HAL_PCD_EP_Close
 .text.HAL_PCD_EP_Receive
                0x0000000008003162       0x3e ./Drivers/STM32L4xx_HAL_Driver/Src/stm32l4xx_hal_pcd.o
                0x0000000008003162                HAL_PCD_EP_Receive
 .text.HAL_PCD_EP_GetRxCount
                0x00000000080031a0        0xe ./Drivers/STM32L4xx_HAL_Driver/Src/stm32l4xx_hal_pcd.o
                0x00000000080031a0                HAL_PCD_EP_GetRxCount
 .text.HAL_PCD_EP_Transmit
                0x00000000080031ae       0x3c ./Drivers/STM32L4xx_HAL_Driver/Src/stm32l4xx_hal_pcd.o
                0x00000000080031ae                HAL_PCD_EP_Transmit
 .text.PCD_EP_ISR_Handler
                0x00000000080031ea      0x324 ./Drivers/STM32L4xx_HAL_Driver/Src/stm32l4xx_hal_pcd.o
 .text.HAL_PCD_IRQHandler
                0x000000000800350e      0x1de ./Drivers/STM32L4xx_HAL_Driver/Src/stm32l4xx_hal_pcd.o
                0x000000000800350e                HAL_PCD_IRQHandler
 .text.HAL_PCD_EP_SetStall
                0x00000000080036ec       0x6e ./Drivers/STM32L4xx_HAL_Driver/Src/stm32l4xx_hal_pcd.o
                0x00000000080036ec                HAL_PCD_EP_SetStall
 .text.HAL_PCD_EP_ClrStall
                0x000000000800375a       0x60 ./Drivers/STM32L4xx_HAL_Driver/Src/stm32l4xx_hal_pcd.o
                0x000000000800375a                HAL_PCD_EP_ClrStall
 .text.HAL_PCDEx_PMAConfig
                0x00000000080037ba       0x30 ./Drivers/STM32L4xx_HAL_Driver/Src/stm32l4xx_hal_pcd_ex.o
                0x00000000080037ba                HAL_PCDEx_PMAConfig
 .text.HAL_PCDEx_ActivateBCD
                0x00000000080037ea       0x24 ./Drivers/STM32L4xx_HAL_Driver/Src/stm32l4xx_hal_pcd_ex.o
                0x00000000080037ea                HAL_PCDEx_ActivateBCD
 .text.HAL_PCDEx_ActivateLPM
                0x000000000800380e       0x28 ./Drivers/STM32L4xx_HAL_Driver/Src/stm32l4xx_hal_pcd_ex.o
                0x000000000800380e                HAL_PCDEx_ActivateLPM
 *fill*         0x0000000008003836        0x2 
 .text.HAL_PWREx_GetVoltageRange
                0x0000000008003838       0x10 ./Drivers/STM32L4xx_HAL_Driver/Src/stm32l4xx_hal_pwr_ex.o
                0x0000000008003838                HAL_PWREx_GetVoltageRange
 .text.HAL_PWREx_ControlVoltageScaling
                0x0000000008003848       0x90 ./Drivers/STM32L4xx_HAL_Driver/Src/stm32l4xx_hal_pwr_ex.o
                0x0000000008003848                HAL_PWREx_ControlVoltageScaling
 .text.HAL_PWREx_EnableVddUSB
                0x00000000080038d8       0x10 ./Drivers/STM32L4xx_HAL_Driver/Src/stm32l4xx_hal_pwr_ex.o
                0x00000000080038d8                HAL_PWREx_EnableVddUSB
 .text.RCC_SetFlashLatencyFromMSIRange
                0x00000000080038e8       0x90 ./Drivers/STM32L4xx_HAL_Driver/Src/stm32l4xx_hal_rcc.o
 .text.HAL_RCC_GetSysClockFreq
                0x0000000008003978       0xd8 ./Drivers/STM32L4xx_HAL_Driver/Src/stm32l4xx_hal_rcc.o
                0x0000000008003978                HAL_RCC_GetSysClockFreq
 .text.HAL_RCC_OscConfig
                0x0000000008003a50      0x5b4 ./Drivers/STM32L4xx_HAL_Driver/Src/stm32l4xx_hal_rcc.o
                0x0000000008003a50                HAL_RCC_OscConfig
 .text.HAL_RCC_ClockConfig
                0x0000000008004004      0x154 ./Drivers/STM32L4xx_HAL_Driver/Src/stm32l4xx_hal_rcc.o
                0x0000000008004004                HAL_RCC_ClockConfig
 .text.HAL_RCC_GetHCLKFreq
                0x0000000008004158        0xc ./Drivers/STM32L4xx_HAL_Driver/Src/stm32l4xx_hal_rcc.o
                0x0000000008004158                HAL_RCC_GetHCLKFreq
 .text.RCCEx_PLLSAI1_Config
                0x0000000008004164      0x16c ./Drivers/STM32L4xx_HAL_Driver/Src/stm32l4xx_hal_rcc_ex.o
 .text.HAL_RCCEx_PeriphCLKConfig
                0x00000000080042d0      0x360 ./Drivers/STM32L4xx_HAL_Driver/Src/stm32l4xx_hal_rcc_ex.o
                0x00000000080042d0                HAL_RCCEx_PeriphCLKConfig
 .text.SPI_WaitFlagStateUntilTimeout
                0x0000000008004630       0x90 ./Drivers/STM32L4xx_HAL_Driver/Src/stm32l4xx_hal_spi.o
 .text.SPI_WaitFifoStateUntilTimeout
                0x00000000080046c0       0x98 ./Drivers/STM32L4xx_HAL_Driver/Src/stm32l4xx_hal_spi.o
 .text.SPI_EndRxTxTransaction
                0x0000000008004758       0x66 ./Drivers/STM32L4xx_HAL_Driver/Src/stm32l4xx_hal_spi.o
 .text.SPI_EndRxTransaction
                0x00000000080047be       0x88 ./Drivers/STM32L4xx_HAL_Driver/Src/stm32l4xx_hal_spi.o
 .text.HAL_SPI_Init
                0x0000000008004846       0xb0 ./Drivers/STM32L4xx_HAL_Driver/Src/stm32l4xx_hal_spi.o
                0x0000000008004846                HAL_SPI_Init
 .text.HAL_SPI_TransmitReceive
                0x00000000080048f6      0x2ce ./Drivers/STM32L4xx_HAL_Driver/Src/stm32l4xx_hal_spi.o
                0x00000000080048f6                HAL_SPI_TransmitReceive
 .text.HAL_SPI_Receive
                0x0000000008004bc4      0x194 ./Drivers/STM32L4xx_HAL_Driver/Src/stm32l4xx_hal_spi.o
                0x0000000008004bc4                HAL_SPI_Receive
 .text.TIM_OC1_SetConfig
                0x0000000008004d58       0x7c ./Drivers/STM32L4xx_HAL_Driver/Src/stm32l4xx_hal_tim.o
 .text.TIM_OC3_SetConfig
                0x0000000008004dd4       0x74 ./Drivers/STM32L4xx_HAL_Driver/Src/stm32l4xx_hal_tim.o
 .text.TIM_OC4_SetConfig
                0x0000000008004e48       0x5c ./Drivers/STM32L4xx_HAL_Driver/Src/stm32l4xx_hal_tim.o
 .text.TIM_OC5_SetConfig
                0x0000000008004ea4       0x58 ./Drivers/STM32L4xx_HAL_Driver/Src/stm32l4xx_hal_tim.o
 .text.TIM_OC6_SetConfig
                0x0000000008004efc       0x5c ./Drivers/STM32L4xx_HAL_Driver/Src/stm32l4xx_hal_tim.o
 .text.TIM_TI1_ConfigInputStage
                0x0000000008004f58       0x24 ./Drivers/STM32L4xx_HAL_Driver/Src/stm32l4xx_hal_tim.o
 .text.TIM_TI2_ConfigInputStage
                0x0000000008004f7c       0x26 ./Drivers/STM32L4xx_HAL_Driver/Src/stm32l4xx_hal_tim.o
 .text.TIM_ITRx_SetConfig
                0x0000000008004fa2       0x10 ./Drivers/STM32L4xx_HAL_Driver/Src/stm32l4xx_hal_tim.o
 *fill*         0x0000000008004fb2        0x2 
 .text.HAL_TIM_Base_Start
                0x0000000008004fb4       0x34 ./Drivers/STM32L4xx_HAL_Driver/Src/stm32l4xx_hal_tim.o
                0x0000000008004fb4                HAL_TIM_Base_Start
 .text.HAL_TIM_PWM_MspInit
                0x0000000008004fe8        0x2 ./Drivers/STM32L4xx_HAL_Driver/Src/stm32l4xx_hal_tim.o
                0x0000000008004fe8                HAL_TIM_PWM_MspInit
 *fill*         0x0000000008004fea        0x2 
 .text.TIM_Base_SetConfig
                0x0000000008004fec       0x70 ./Drivers/STM32L4xx_HAL_Driver/Src/stm32l4xx_hal_tim.o
                0x0000000008004fec                TIM_Base_SetConfig
 .text.HAL_TIM_Base_Init
                0x000000000800505c       0x32 ./Drivers/STM32L4xx_HAL_Driver/Src/stm32l4xx_hal_tim.o
                0x000000000800505c                HAL_TIM_Base_Init
 .text.HAL_TIM_PWM_Init
                0x000000000800508e       0x32 ./Drivers/STM32L4xx_HAL_Driver/Src/stm32l4xx_hal_tim.o
                0x000000000800508e                HAL_TIM_PWM_Init
 .text.TIM_OC2_SetConfig
                0x00000000080050c0       0x78 ./Drivers/STM32L4xx_HAL_Driver/Src/stm32l4xx_hal_tim.o
                0x00000000080050c0                TIM_OC2_SetConfig
 .text.HAL_TIM_PWM_ConfigChannel
                0x0000000008005138      0x134 ./Drivers/STM32L4xx_HAL_Driver/Src/stm32l4xx_hal_tim.o
                0x0000000008005138                HAL_TIM_PWM_ConfigChannel
 .text.TIM_ETR_SetConfig
                0x000000000800526c       0x16 ./Drivers/STM32L4xx_HAL_Driver/Src/stm32l4xx_hal_tim.o
                0x000000000800526c                TIM_ETR_SetConfig
 *fill*         0x0000000008005282        0x2 
 .text.HAL_TIM_ConfigClockSource
                0x0000000008005284       0xf8 ./Drivers/STM32L4xx_HAL_Driver/Src/stm32l4xx_hal_tim.o
                0x0000000008005284                HAL_TIM_ConfigClockSource
 .text.TIM_CCxChannelCmd
                0x000000000800537c       0x20 ./Drivers/STM32L4xx_HAL_Driver/Src/stm32l4xx_hal_tim.o
                0x000000000800537c                TIM_CCxChannelCmd
 .text.HAL_TIM_PWM_Start
                0x000000000800539c       0x58 ./Drivers/STM32L4xx_HAL_Driver/Src/stm32l4xx_hal_tim.o
                0x000000000800539c                HAL_TIM_PWM_Start
 .text.HAL_TIMEx_MasterConfigSynchronization
                0x00000000080053f4       0x5c ./Drivers/STM32L4xx_HAL_Driver/Src/stm32l4xx_hal_tim_ex.o
                0x00000000080053f4                HAL_TIMEx_MasterConfigSynchronization
 .text.USB_CoreInit
                0x0000000008005450        0xe ./Drivers/STM32L4xx_HAL_Driver/Src/stm32l4xx_ll_usb.o
                0x0000000008005450                USB_CoreInit
 .text.USB_EnableGlobalInt
                0x000000000800545e       0x14 ./Drivers/STM32L4xx_HAL_Driver/Src/stm32l4xx_ll_usb.o
                0x000000000800545e                USB_EnableGlobalInt
 .text.USB_DisableGlobalInt
                0x0000000008005472       0x14 ./Drivers/STM32L4xx_HAL_Driver/Src/stm32l4xx_ll_usb.o
                0x0000000008005472                USB_DisableGlobalInt
 .text.USB_SetCurrentMode
                0x0000000008005486        0x4 ./Drivers/STM32L4xx_HAL_Driver/Src/stm32l4xx_ll_usb.o
                0x0000000008005486                USB_SetCurrentMode
 .text.USB_DevInit
                0x000000000800548a       0x2c ./Drivers/STM32L4xx_HAL_Driver/Src/stm32l4xx_ll_usb.o
                0x000000000800548a                USB_DevInit
 .text.USB_ActivateEndpoint
                0x00000000080054b6      0x35a ./Drivers/STM32L4xx_HAL_Driver/Src/stm32l4xx_ll_usb.o
                0x00000000080054b6                USB_ActivateEndpoint
 .text.USB_DeactivateEndpoint
                0x0000000008005810      0x1d4 ./Drivers/STM32L4xx_HAL_Driver/Src/stm32l4xx_ll_usb.o
                0x0000000008005810                USB_DeactivateEndpoint
 .text.USB_EPSetStall
                0x00000000080059e4       0x4a ./Drivers/STM32L4xx_HAL_Driver/Src/stm32l4xx_ll_usb.o
                0x00000000080059e4                USB_EPSetStall
 .text.USB_EPClearStall
                0x0000000008005a2e       0x96 ./Drivers/STM32L4xx_HAL_Driver/Src/stm32l4xx_ll_usb.o
                0x0000000008005a2e                USB_EPClearStall
 .text.USB_SetDevAddress
                0x0000000008005ac4        0xc ./Drivers/STM32L4xx_HAL_Driver/Src/stm32l4xx_ll_usb.o
                0x0000000008005ac4                USB_SetDevAddress
 .text.USB_DevConnect
                0x0000000008005ad0       0x10 ./Drivers/STM32L4xx_HAL_Driver/Src/stm32l4xx_ll_usb.o
                0x0000000008005ad0                USB_DevConnect
 .text.USB_DevDisconnect
                0x0000000008005ae0       0x10 ./Drivers/STM32L4xx_HAL_Driver/Src/stm32l4xx_ll_usb.o
                0x0000000008005ae0                USB_DevDisconnect
 .text.USB_ReadInterrupts
                0x0000000008005af0        0x6 ./Drivers/STM32L4xx_HAL_Driver/Src/stm32l4xx_ll_usb.o
                0x0000000008005af0                USB_ReadInterrupts
 .text.USB_EP0_OutStart
                0x0000000008005af6        0x4 ./Drivers/STM32L4xx_HAL_Driver/Src/stm32l4xx_ll_usb.o
                0x0000000008005af6                USB_EP0_OutStart
 .text.USB_WritePMA
                0x0000000008005afa       0x28 ./Drivers/STM32L4xx_HAL_Driver/Src/stm32l4xx_ll_usb.o
                0x0000000008005afa                USB_WritePMA
 .text.USB_EPStartXfer
                0x0000000008005b22      0x2c4 ./Drivers/STM32L4xx_HAL_Driver/Src/stm32l4xx_ll_usb.o
                0x0000000008005b22                USB_EPStartXfer
 .text.USB_ReadPMA
                0x0000000008005de6       0x2c ./Drivers/STM32L4xx_HAL_Driver/Src/stm32l4xx_ll_usb.o
                0x0000000008005de6                USB_ReadPMA
 *fill*         0x0000000008005e12        0x2 
 .text.__libc_init_array
                0x0000000008005e14       0x48 /home/jacob/opt/xPacks/@gnu-mcu-eclipse/arm-none-eabi-gcc/7.3.1-1.1.1/.content/bin/../lib/gcc/arm-none-eabi/7.3.1/../../../../arm-none-eabi/lib/thumb/v7e-m/libg_nano.a(lib_a-init.o)
                0x0000000008005e14                __libc_init_array
 .text.memcpy   0x0000000008005e5c       0x16 /home/jacob/opt/xPacks/@gnu-mcu-eclipse/arm-none-eabi-gcc/7.3.1-1.1.1/.content/bin/../lib/gcc/arm-none-eabi/7.3.1/../../../../arm-none-eabi/lib/thumb/v7e-m/libg_nano.a(lib_a-memcpy-stub.o)
                0x0000000008005e5c                memcpy
 .text.memset   0x0000000008005e72       0x10 /home/jacob/opt/xPacks/@gnu-mcu-eclipse/arm-none-eabi-gcc/7.3.1-1.1.1/.content/bin/../lib/gcc/arm-none-eabi/7.3.1/../../../../arm-none-eabi/lib/thumb/v7e-m/libg_nano.a(lib_a-memset.o)
                0x0000000008005e72                memset
 .text.__cvt    0x0000000008005e82       0xb8 /home/jacob/opt/xPacks/@gnu-mcu-eclipse/arm-none-eabi-gcc/7.3.1-1.1.1/.content/bin/../lib/gcc/arm-none-eabi/7.3.1/../../../../arm-none-eabi/lib/thumb/v7e-m/libg_nano.a(lib_a-nano-vfprintf_float.o)
                0x0000000008005e82                __cvt
 .text.__exponent
                0x0000000008005f3a       0x66 /home/jacob/opt/xPacks/@gnu-mcu-eclipse/arm-none-eabi-gcc/7.3.1-1.1.1/.content/bin/../lib/gcc/arm-none-eabi/7.3.1/../../../../arm-none-eabi/lib/thumb/v7e-m/libg_nano.a(lib_a-nano-vfprintf_float.o)
                0x0000000008005f3a                __exponent
 .text._printf_float
                0x0000000008005fa0      0x46c /home/jacob/opt/xPacks/@gnu-mcu-eclipse/arm-none-eabi-gcc/7.3.1-1.1.1/.content/bin/../lib/gcc/arm-none-eabi/7.3.1/../../../../arm-none-eabi/lib/thumb/v7e-m/libg_nano.a(lib_a-nano-vfprintf_float.o)
                0x0000000008005fa0                _printf_float
 .text._printf_common
                0x000000000800640c       0xea /home/jacob/opt/xPacks/@gnu-mcu-eclipse/arm-none-eabi-gcc/7.3.1-1.1.1/.content/bin/../lib/gcc/arm-none-eabi/7.3.1/../../../../arm-none-eabi/lib/thumb/v7e-m/libg_nano.a(lib_a-nano-vfprintf_i.o)
                0x000000000800640c                _printf_common
 *fill*         0x00000000080064f6        0x2 
 .text._printf_i
                0x00000000080064f8      0x224 /home/jacob/opt/xPacks/@gnu-mcu-eclipse/arm-none-eabi-gcc/7.3.1-1.1.1/.content/bin/../lib/gcc/arm-none-eabi/7.3.1/../../../../arm-none-eabi/lib/thumb/v7e-m/libg_nano.a(lib_a-nano-vfprintf_i.o)
                0x00000000080064f8                _printf_i
 .text.sprintf  0x000000000800671c       0x40 /home/jacob/opt/xPacks/@gnu-mcu-eclipse/arm-none-eabi-gcc/7.3.1-1.1.1/.content/bin/../lib/gcc/arm-none-eabi/7.3.1/../../../../arm-none-eabi/lib/thumb/v7e-m/libg_nano.a(lib_a-sprintf.o)
                0x000000000800671c                sprintf
                0x000000000800671c                siprintf
 .text.quorem   0x000000000800675c      0x118 /home/jacob/opt/xPacks/@gnu-mcu-eclipse/arm-none-eabi-gcc/7.3.1-1.1.1/.content/bin/../lib/gcc/arm-none-eabi/7.3.1/../../../../arm-none-eabi/lib/thumb/v7e-m/libg_nano.a(lib_a-dtoa.o)
 *fill*         0x0000000008006874        0x4 
 .text._dtoa_r  0x0000000008006878      0xb74 /home/jacob/opt/xPacks/@gnu-mcu-eclipse/arm-none-eabi-gcc/7.3.1-1.1.1/.content/bin/../lib/gcc/arm-none-eabi/7.3.1/../../../../arm-none-eabi/lib/thumb/v7e-m/libg_nano.a(lib_a-dtoa.o)
                0x0000000008006878                _dtoa_r
 .text._localeconv_r
                0x00000000080073ec       0x1c /home/jacob/opt/xPacks/@gnu-mcu-eclipse/arm-none-eabi-gcc/7.3.1-1.1.1/.content/bin/../lib/gcc/arm-none-eabi/7.3.1/../../../../arm-none-eabi/lib/thumb/v7e-m/libg_nano.a(lib_a-localeconv.o)
                0x00000000080073ec                _localeconv_r
 .text.malloc   0x0000000008007408       0x10 /home/jacob/opt/xPacks/@gnu-mcu-eclipse/arm-none-eabi-gcc/7.3.1-1.1.1/.content/bin/../lib/gcc/arm-none-eabi/7.3.1/../../../../arm-none-eabi/lib/thumb/v7e-m/libg_nano.a(lib_a-malloc.o)
                0x0000000008007408                malloc
 .text._Balloc  0x0000000008007418       0x68 /home/jacob/opt/xPacks/@gnu-mcu-eclipse/arm-none-eabi-gcc/7.3.1-1.1.1/.content/bin/../lib/gcc/arm-none-eabi/7.3.1/../../../../arm-none-eabi/lib/thumb/v7e-m/libg_nano.a(lib_a-mprec.o)
                0x0000000008007418                _Balloc
 .text._Bfree   0x0000000008007480       0x2e /home/jacob/opt/xPacks/@gnu-mcu-eclipse/arm-none-eabi-gcc/7.3.1-1.1.1/.content/bin/../lib/gcc/arm-none-eabi/7.3.1/../../../../arm-none-eabi/lib/thumb/v7e-m/libg_nano.a(lib_a-mprec.o)
                0x0000000008007480                _Bfree
 .text.__multadd
                0x00000000080074ae       0x76 /home/jacob/opt/xPacks/@gnu-mcu-eclipse/arm-none-eabi-gcc/7.3.1-1.1.1/.content/bin/../lib/gcc/arm-none-eabi/7.3.1/../../../../arm-none-eabi/lib/thumb/v7e-m/libg_nano.a(lib_a-mprec.o)
                0x00000000080074ae                __multadd
 .text.__hi0bits
                0x0000000008007524       0x3e /home/jacob/opt/xPacks/@gnu-mcu-eclipse/arm-none-eabi-gcc/7.3.1-1.1.1/.content/bin/../lib/gcc/arm-none-eabi/7.3.1/../../../../arm-none-eabi/lib/thumb/v7e-m/libg_nano.a(lib_a-mprec.o)
                0x0000000008007524                __hi0bits
 .text.__lo0bits
                0x0000000008007562       0x5e /home/jacob/opt/xPacks/@gnu-mcu-eclipse/arm-none-eabi-gcc/7.3.1-1.1.1/.content/bin/../lib/gcc/arm-none-eabi/7.3.1/../../../../arm-none-eabi/lib/thumb/v7e-m/libg_nano.a(lib_a-mprec.o)
                0x0000000008007562                __lo0bits
 .text.__i2b    0x00000000080075c0       0x12 /home/jacob/opt/xPacks/@gnu-mcu-eclipse/arm-none-eabi-gcc/7.3.1-1.1.1/.content/bin/../lib/gcc/arm-none-eabi/7.3.1/../../../../arm-none-eabi/lib/thumb/v7e-m/libg_nano.a(lib_a-mprec.o)
                0x00000000080075c0                __i2b
 .text.__multiply
                0x00000000080075d2      0x12c /home/jacob/opt/xPacks/@gnu-mcu-eclipse/arm-none-eabi-gcc/7.3.1-1.1.1/.content/bin/../lib/gcc/arm-none-eabi/7.3.1/../../../../arm-none-eabi/lib/thumb/v7e-m/libg_nano.a(lib_a-mprec.o)
                0x00000000080075d2                __multiply
 *fill*         0x00000000080076fe        0x2 
 .text.__pow5mult
                0x0000000008007700       0x9c /home/jacob/opt/xPacks/@gnu-mcu-eclipse/arm-none-eabi-gcc/7.3.1-1.1.1/.content/bin/../lib/gcc/arm-none-eabi/7.3.1/../../../../arm-none-eabi/lib/thumb/v7e-m/libg_nano.a(lib_a-mprec.o)
                0x0000000008007700                __pow5mult
 .text.__lshift
                0x000000000800779c       0xa8 /home/jacob/opt/xPacks/@gnu-mcu-eclipse/arm-none-eabi-gcc/7.3.1-1.1.1/.content/bin/../lib/gcc/arm-none-eabi/7.3.1/../../../../arm-none-eabi/lib/thumb/v7e-m/libg_nano.a(lib_a-mprec.o)
                0x000000000800779c                __lshift
 .text.__mcmp   0x0000000008007844       0x34 /home/jacob/opt/xPacks/@gnu-mcu-eclipse/arm-none-eabi-gcc/7.3.1-1.1.1/.content/bin/../lib/gcc/arm-none-eabi/7.3.1/../../../../arm-none-eabi/lib/thumb/v7e-m/libg_nano.a(lib_a-mprec.o)
                0x0000000008007844                __mcmp
 .text.__mdiff  0x0000000008007878       0xba /home/jacob/opt/xPacks/@gnu-mcu-eclipse/arm-none-eabi-gcc/7.3.1-1.1.1/.content/bin/../lib/gcc/arm-none-eabi/7.3.1/../../../../arm-none-eabi/lib/thumb/v7e-m/libg_nano.a(lib_a-mprec.o)
                0x0000000008007878                __mdiff
 .text.__d2b    0x0000000008007932       0x9e /home/jacob/opt/xPacks/@gnu-mcu-eclipse/arm-none-eabi-gcc/7.3.1-1.1.1/.content/bin/../lib/gcc/arm-none-eabi/7.3.1/../../../../arm-none-eabi/lib/thumb/v7e-m/libg_nano.a(lib_a-mprec.o)
                0x0000000008007932                __d2b
 .text._calloc_r
                0x00000000080079d0       0x1c /home/jacob/opt/xPacks/@gnu-mcu-eclipse/arm-none-eabi-gcc/7.3.1-1.1.1/.content/bin/../lib/gcc/arm-none-eabi/7.3.1/../../../../arm-none-eabi/lib/thumb/v7e-m/libg_nano.a(lib_a-nano-callocr.o)
                0x00000000080079d0                _calloc_r
 .text._free_r  0x00000000080079ec       0x9c /home/jacob/opt/xPacks/@gnu-mcu-eclipse/arm-none-eabi-gcc/7.3.1-1.1.1/.content/bin/../lib/gcc/arm-none-eabi/7.3.1/../../../../arm-none-eabi/lib/thumb/v7e-m/libg_nano.a(lib_a-nano-freer.o)
                0x00000000080079ec                _free_r
 .text._malloc_r
                0x0000000008007a88       0xb4 /home/jacob/opt/xPacks/@gnu-mcu-eclipse/arm-none-eabi-gcc/7.3.1-1.1.1/.content/bin/../lib/gcc/arm-none-eabi/7.3.1/../../../../arm-none-eabi/lib/thumb/v7e-m/libg_nano.a(lib_a-nano-mallocr.o)
                0x0000000008007a88                _malloc_r
 .text.__ssputs_r
                0x0000000008007b3c       0xb4 /home/jacob/opt/xPacks/@gnu-mcu-eclipse/arm-none-eabi-gcc/7.3.1-1.1.1/.content/bin/../lib/gcc/arm-none-eabi/7.3.1/../../../../arm-none-eabi/lib/thumb/v7e-m/libg_nano.a(lib_a-nano-svfprintf.o)
                0x0000000008007b3c                __ssputs_r
 .text._svfprintf_r
                0x0000000008007bf0      0x1f0 /home/jacob/opt/xPacks/@gnu-mcu-eclipse/arm-none-eabi-gcc/7.3.1-1.1.1/.content/bin/../lib/gcc/arm-none-eabi/7.3.1/../../../../arm-none-eabi/lib/thumb/v7e-m/libg_nano.a(lib_a-nano-svfprintf.o)
                0x0000000008007bf0                _svfprintf_r
                0x0000000008007bf0                _svfiprintf_r
 .text._sbrk_r  0x0000000008007de0       0x20 /home/jacob/opt/xPacks/@gnu-mcu-eclipse/arm-none-eabi-gcc/7.3.1-1.1.1/.content/bin/../lib/gcc/arm-none-eabi/7.3.1/../../../../arm-none-eabi/lib/thumb/v7e-m/libg_nano.a(lib_a-sbrkr.o)
                0x0000000008007de0                _sbrk_r
 .text.__ascii_mbtowc
                0x0000000008007e00       0x24 /home/jacob/opt/xPacks/@gnu-mcu-eclipse/arm-none-eabi-gcc/7.3.1-1.1.1/.content/bin/../lib/gcc/arm-none-eabi/7.3.1/../../../../arm-none-eabi/lib/thumb/v7e-m/libg_nano.a(lib_a-mbtowc_r.o)
                0x0000000008007e00                __ascii_mbtowc
 .text.memmove  0x0000000008007e24       0x32 /home/jacob/opt/xPacks/@gnu-mcu-eclipse/arm-none-eabi-gcc/7.3.1-1.1.1/.content/bin/../lib/gcc/arm-none-eabi/7.3.1/../../../../arm-none-eabi/lib/thumb/v7e-m/libg_nano.a(lib_a-memmove.o)
                0x0000000008007e24                memmove
 .text.__malloc_lock
                0x0000000008007e56        0x2 /home/jacob/opt/xPacks/@gnu-mcu-eclipse/arm-none-eabi-gcc/7.3.1-1.1.1/.content/bin/../lib/gcc/arm-none-eabi/7.3.1/../../../../arm-none-eabi/lib/thumb/v7e-m/libg_nano.a(lib_a-mlock.o)
                0x0000000008007e56                __malloc_lock
 .text.__malloc_unlock
                0x0000000008007e58        0x2 /home/jacob/opt/xPacks/@gnu-mcu-eclipse/arm-none-eabi-gcc/7.3.1-1.1.1/.content/bin/../lib/gcc/arm-none-eabi/7.3.1/../../../../arm-none-eabi/lib/thumb/v7e-m/libg_nano.a(lib_a-mlock.o)
                0x0000000008007e58                __malloc_unlock
 .text._realloc_r
                0x0000000008007e5a       0x4c /home/jacob/opt/xPacks/@gnu-mcu-eclipse/arm-none-eabi-gcc/7.3.1-1.1.1/.content/bin/../lib/gcc/arm-none-eabi/7.3.1/../../../../arm-none-eabi/lib/thumb/v7e-m/libg_nano.a(lib_a-nano-reallocr.o)
                0x0000000008007e5a                _realloc_r
 .text.__ascii_wctomb
                0x0000000008007ea6       0x1a /home/jacob/opt/xPacks/@gnu-mcu-eclipse/arm-none-eabi-gcc/7.3.1-1.1.1/.content/bin/../lib/gcc/arm-none-eabi/7.3.1/../../../../arm-none-eabi/lib/thumb/v7e-m/libg_nano.a(lib_a-wctomb_r.o)
                0x0000000008007ea6                __ascii_wctomb
 .text._malloc_usable_size_r
                0x0000000008007ec0       0x10 /home/jacob/opt/xPacks/@gnu-mcu-eclipse/arm-none-eabi-gcc/7.3.1-1.1.1/.content/bin/../lib/gcc/arm-none-eabi/7.3.1/../../../../arm-none-eabi/lib/thumb/v7e-m/libg_nano.a(lib_a-nano-msizer.o)
                0x0000000008007ec0                _malloc_usable_size_r
 .text._sbrk    0x0000000008007ed0       0x1c /home/jacob/opt/xPacks/@gnu-mcu-eclipse/arm-none-eabi-gcc/7.3.1-1.1.1/.content/bin/../lib/gcc/arm-none-eabi/7.3.1/../../../../arm-none-eabi/lib/thumb/v7e-m/libnosys.a(sbrk.o)
                0x0000000008007ed0                _sbrk
 *(.glue_7)
 .glue_7        0x0000000008007eec        0x0 linker stubs
 *(.glue_7t)
 .glue_7t       0x0000000008007eec        0x0 linker stubs
 *(.eh_frame)
 .eh_frame      0x0000000008007eec        0x0 /home/jacob/opt/xPacks/@gnu-mcu-eclipse/arm-none-eabi-gcc/7.3.1-1.1.1/.content/bin/../lib/gcc/arm-none-eabi/7.3.1/thumb/v7e-m/crtbegin.o
 *(.init)
 .init          0x0000000008007eec        0x4 /home/jacob/opt/xPacks/@gnu-mcu-eclipse/arm-none-eabi-gcc/7.3.1-1.1.1/.content/bin/../lib/gcc/arm-none-eabi/7.3.1/thumb/v7e-m/crti.o
                0x0000000008007eec                _init
 .init          0x0000000008007ef0        0x8 /home/jacob/opt/xPacks/@gnu-mcu-eclipse/arm-none-eabi-gcc/7.3.1-1.1.1/.content/bin/../lib/gcc/arm-none-eabi/7.3.1/thumb/v7e-m/crtn.o
 *(.fini)
 .fini          0x0000000008007ef8        0x4 /home/jacob/opt/xPacks/@gnu-mcu-eclipse/arm-none-eabi-gcc/7.3.1-1.1.1/.content/bin/../lib/gcc/arm-none-eabi/7.3.1/thumb/v7e-m/crti.o
                0x0000000008007ef8                _fini
 .fini          0x0000000008007efc        0x8 /home/jacob/opt/xPacks/@gnu-mcu-eclipse/arm-none-eabi-gcc/7.3.1-1.1.1/.content/bin/../lib/gcc/arm-none-eabi/7.3.1/thumb/v7e-m/crtn.o
                0x0000000008007f08                . = ALIGN (0x8)
 *fill*         0x0000000008007f04        0x4 
                0x0000000008007f08                _etext = .

.vfp11_veneer   0x0000000008007f08        0x0
 .vfp11_veneer  0x0000000008007f08        0x0 linker stubs

.v4_bx          0x0000000008007f08        0x0
 .v4_bx         0x0000000008007f08        0x0 linker stubs

.iplt           0x0000000008007f08        0x0
 .iplt          0x0000000008007f08        0x0 /home/jacob/opt/xPacks/@gnu-mcu-eclipse/arm-none-eabi-gcc/7.3.1-1.1.1/.content/bin/../lib/gcc/arm-none-eabi/7.3.1/thumb/v7e-m/crtbegin.o

.rodata         0x0000000008007f08      0x398
                0x0000000008007f08                . = ALIGN (0x8)
 *(.rodata)
 *(.rodata*)
 .rodata.HAL_GPIO_EXTI_Callback.str1.4
                0x0000000008007f08        0xe ./Src/main.o
 *fill*         0x0000000008007f16        0x2 
 .rodata.MX_I2C1_Init.str1.4
                0x0000000008007f18        0xe ./Src/main.o
 *fill*         0x0000000008007f26        0x2 
 .rodata.main.str1.4
                0x0000000008007f28       0x6e ./Src/main.o
 *fill*         0x0000000008007f96        0x2 
 .rodata.AHBPrescTable
                0x0000000008007f98       0x10 ./Src/system_stm32l4xx.o
                0x0000000008007f98                AHBPrescTable
 .rodata.MSIRangeTable
                0x0000000008007fa8       0x30 ./Src/system_stm32l4xx.o
                0x0000000008007fa8                MSIRangeTable
 .rodata.USBD_LL_Init.str1.4
                0x0000000008007fd8       0x13 ./Src/usbd_conf.o
 *fill*         0x0000000008007feb        0x1 
 .rodata.USBD_FS_ConfigStrDescriptor.str1.4
                0x0000000008007fec        0xb ./Src/usbd_desc.o
 *fill*         0x0000000008007ff7        0x1 
 .rodata.USBD_FS_InterfaceStrDescriptor.str1.4
                0x0000000008007ff8        0xe ./Src/usbd_desc.o
 *fill*         0x0000000008008006        0x2 
 .rodata.USBD_FS_ManufacturerStrDescriptor.str1.4
                0x0000000008008008       0x13 ./Src/usbd_desc.o
 *fill*         0x000000000800801b        0x1 
 .rodata.USBD_FS_ProductStrDescriptor.str1.4
                0x000000000800801c       0x16 ./Src/usbd_desc.o
 *fill*         0x0000000008008032        0x2 
 .rodata.USBD_FS_SerialStrDescriptor.str1.4
                0x0000000008008034       0x10 ./Src/usbd_desc.o
                                          0xd (size before relaxing)
 .rodata._printf_float.str1.1
                0x0000000008008044       0x12 /home/jacob/opt/xPacks/@gnu-mcu-eclipse/arm-none-eabi-gcc/7.3.1-1.1.1/.content/bin/../lib/gcc/arm-none-eabi/7.3.1/../../../../arm-none-eabi/lib/thumb/v7e-m/libg_nano.a(lib_a-nano-vfprintf_float.o)
 .rodata._printf_i.str1.1
                0x0000000008008056       0x22 /home/jacob/opt/xPacks/@gnu-mcu-eclipse/arm-none-eabi-gcc/7.3.1-1.1.1/.content/bin/../lib/gcc/arm-none-eabi/7.3.1/../../../../arm-none-eabi/lib/thumb/v7e-m/libg_nano.a(lib_a-nano-vfprintf_i.o)
 .rodata._dtoa_r.str1.1
                0x0000000008008078        0xd /home/jacob/opt/xPacks/@gnu-mcu-eclipse/arm-none-eabi-gcc/7.3.1-1.1.1/.content/bin/../lib/gcc/arm-none-eabi/7.3.1/../../../../arm-none-eabi/lib/thumb/v7e-m/libg_nano.a(lib_a-dtoa.o)
                                          0xf (size before relaxing)
 *fill*         0x0000000008008085        0x3 
 .rodata.__mprec_bigtens
                0x0000000008008088       0x28 /home/jacob/opt/xPacks/@gnu-mcu-eclipse/arm-none-eabi-gcc/7.3.1-1.1.1/.content/bin/../lib/gcc/arm-none-eabi/7.3.1/../../../../arm-none-eabi/lib/thumb/v7e-m/libg_nano.a(lib_a-mprec.o)
                0x0000000008008088                __mprec_bigtens
 .rodata.__mprec_tens
                0x00000000080080b0       0xc8 /home/jacob/opt/xPacks/@gnu-mcu-eclipse/arm-none-eabi-gcc/7.3.1-1.1.1/.content/bin/../lib/gcc/arm-none-eabi/7.3.1/../../../../arm-none-eabi/lib/thumb/v7e-m/libg_nano.a(lib_a-mprec.o)
                0x00000000080080b0                __mprec_tens
 .rodata.p05.6084
                0x0000000008008178        0xc /home/jacob/opt/xPacks/@gnu-mcu-eclipse/arm-none-eabi-gcc/7.3.1-1.1.1/.content/bin/../lib/gcc/arm-none-eabi/7.3.1/../../../../arm-none-eabi/lib/thumb/v7e-m/libg_nano.a(lib_a-mprec.o)
 .rodata._svfprintf_r.str1.1
                0x0000000008008184       0x11 /home/jacob/opt/xPacks/@gnu-mcu-eclipse/arm-none-eabi-gcc/7.3.1-1.1.1/.content/bin/../lib/gcc/arm-none-eabi/7.3.1/../../../../arm-none-eabi/lib/thumb/v7e-m/libg_nano.a(lib_a-nano-svfprintf.o)
 .rodata._setlocale_r.str1.1
                0x0000000008008195        0x8 /home/jacob/opt/xPacks/@gnu-mcu-eclipse/arm-none-eabi-gcc/7.3.1-1.1.1/.content/bin/../lib/gcc/arm-none-eabi/7.3.1/../../../../arm-none-eabi/lib/thumb/v7e-m/libg_nano.a(lib_a-locale.o)
                                          0x9 (size before relaxing)
 .rodata.str1.1
                0x000000000800819d        0x2 /home/jacob/opt/xPacks/@gnu-mcu-eclipse/arm-none-eabi-gcc/7.3.1-1.1.1/.content/bin/../lib/gcc/arm-none-eabi/7.3.1/../../../../arm-none-eabi/lib/thumb/v7e-m/libg_nano.a(lib_a-locale.o)
 .rodata._ctype_
                0x000000000800819f      0x101 /home/jacob/opt/xPacks/@gnu-mcu-eclipse/arm-none-eabi-gcc/7.3.1-1.1.1/.content/bin/../lib/gcc/arm-none-eabi/7.3.1/../../../../arm-none-eabi/lib/thumb/v7e-m/libg_nano.a(lib_a-ctype_.o)
                0x000000000800819f                _ctype_
                0x00000000080082a0                . = ALIGN (0x8)

.rel.dyn        0x00000000080082a0        0x0
 .rel.iplt      0x00000000080082a0        0x0 /home/jacob/opt/xPacks/@gnu-mcu-eclipse/arm-none-eabi-gcc/7.3.1-1.1.1/.content/bin/../lib/gcc/arm-none-eabi/7.3.1/thumb/v7e-m/crtbegin.o

.ARM.extab      0x00000000080082a0        0x0
                0x00000000080082a0                . = ALIGN (0x8)
 *(.ARM.extab* .gnu.linkonce.armextab.*)
                0x00000000080082a0                . = ALIGN (0x8)

.ARM            0x00000000080082a0        0x0
                0x00000000080082a0                . = ALIGN (0x8)
                0x00000000080082a0                __exidx_start = .
 *(.ARM.exidx*)
                0x00000000080082a0                __exidx_end = .
                0x00000000080082a0                . = ALIGN (0x8)

.preinit_array  0x00000000080082a0        0x0
                0x00000000080082a0                . = ALIGN (0x8)
                0x00000000080082a0                PROVIDE (__preinit_array_start = .)
 *(.preinit_array*)
                0x00000000080082a0                PROVIDE (__preinit_array_end = .)
                0x00000000080082a0                . = ALIGN (0x8)

.init_array     0x00000000080082a0        0x8
                0x00000000080082a0                . = ALIGN (0x8)
                0x00000000080082a0                PROVIDE (__init_array_start = .)
 *(SORT_BY_NAME(.init_array.*))
 *(.init_array*)
 .init_array    0x00000000080082a0        0x4 /home/jacob/opt/xPacks/@gnu-mcu-eclipse/arm-none-eabi-gcc/7.3.1-1.1.1/.content/bin/../lib/gcc/arm-none-eabi/7.3.1/thumb/v7e-m/crtbegin.o
                0x00000000080082a4                PROVIDE (__init_array_end = .)
                0x00000000080082a8                . = ALIGN (0x8)
 *fill*         0x00000000080082a4        0x4 

.fini_array     0x00000000080082a8        0x8
                0x00000000080082a8                . = ALIGN (0x8)
                [!provide]                        PROVIDE (__fini_array_start = .)
 *(SORT_BY_NAME(.fini_array.*))
 *(.fini_array*)
 .fini_array    0x00000000080082a8        0x4 /home/jacob/opt/xPacks/@gnu-mcu-eclipse/arm-none-eabi-gcc/7.3.1-1.1.1/.content/bin/../lib/gcc/arm-none-eabi/7.3.1/thumb/v7e-m/crtbegin.o
                [!provide]                        PROVIDE (__fini_array_end = .)
                0x00000000080082b0                . = ALIGN (0x8)
 *fill*         0x00000000080082ac        0x4 
                0x00000000080082b0                _sidata = LOADADDR (.data)

.data           0x0000000020000000      0x348 load address 0x00000000080082b0
                0x0000000020000000                . = ALIGN (0x8)
                0x0000000020000000                _sdata = .
 *(.data)
 *(.data*)
 .data.ADCAddress
                0x0000000020000000        0x1 ./Src/main.o
                0x0000000020000000                ADCAddress
 *fill*         0x0000000020000001        0x3 
 .data.SystemCoreClock
                0x0000000020000004        0x4 ./Src/system_stm32l4xx.o
                0x0000000020000004                SystemCoreClock
 .data.LineCoding
                0x0000000020000008        0x8 ./Src/usbd_cdc_if.o
                0x0000000020000008                LineCoding
 .data.USBD_Interface_fops_FS
                0x0000000020000010       0x10 ./Src/usbd_cdc_if.o
                0x0000000020000010                USBD_Interface_fops_FS
 .data.FS_Desc  0x0000000020000020       0x20 ./Src/usbd_desc.o
                0x0000000020000020                FS_Desc
 .data.USBD_FS_BOSDesc
                0x0000000020000040        0xc ./Src/usbd_desc.o
                0x0000000020000040                USBD_FS_BOSDesc
 .data.USBD_FS_DeviceDesc
                0x000000002000004c       0x12 ./Src/usbd_desc.o
                0x000000002000004c                USBD_FS_DeviceDesc
 *fill*         0x000000002000005e        0x2 
 .data.USBD_LangIDDesc
                0x0000000020000060        0x4 ./Src/usbd_desc.o
                0x0000000020000060                USBD_LangIDDesc
 .data.USBD_CDC
                0x0000000020000064       0x38 ./Middlewares/ST/STM32_USB_Device_Library/Class/CDC/Src/usbd_cdc.o
                0x0000000020000064                USBD_CDC
 .data.USBD_CDC_CfgFSDesc
                0x000000002000009c       0x43 ./Middlewares/ST/STM32_USB_Device_Library/Class/CDC/Src/usbd_cdc.o
                0x000000002000009c                USBD_CDC_CfgFSDesc
 *fill*         0x00000000200000df        0x1 
 .data.USBD_CDC_CfgHSDesc
                0x00000000200000e0       0x43 ./Middlewares/ST/STM32_USB_Device_Library/Class/CDC/Src/usbd_cdc.o
                0x00000000200000e0                USBD_CDC_CfgHSDesc
 *fill*         0x0000000020000123        0x1 
 .data.USBD_CDC_DeviceQualifierDesc
                0x0000000020000124        0xa ./Middlewares/ST/STM32_USB_Device_Library/Class/CDC/Src/usbd_cdc.o
 *fill*         0x000000002000012e        0x2 
 .data.USBD_CDC_OtherSpeedCfgDesc
                0x0000000020000130       0x43 ./Middlewares/ST/STM32_USB_Device_Library/Class/CDC/Src/usbd_cdc.o
                0x0000000020000130                USBD_CDC_OtherSpeedCfgDesc
 *fill*         0x0000000020000173        0x1 
 .data._impure_ptr
                0x0000000020000174        0x4 /home/jacob/opt/xPacks/@gnu-mcu-eclipse/arm-none-eabi-gcc/7.3.1-1.1.1/.content/bin/../lib/gcc/arm-none-eabi/7.3.1/../../../../arm-none-eabi/lib/thumb/v7e-m/libg_nano.a(lib_a-impure.o)
                0x0000000020000174                _impure_ptr
 .data.impure_data
                0x0000000020000178       0x60 /home/jacob/opt/xPacks/@gnu-mcu-eclipse/arm-none-eabi-gcc/7.3.1-1.1.1/.content/bin/../lib/gcc/arm-none-eabi/7.3.1/../../../../arm-none-eabi/lib/thumb/v7e-m/libg_nano.a(lib_a-impure.o)
 .data.__global_locale
                0x00000000200001d8      0x16c /home/jacob/opt/xPacks/@gnu-mcu-eclipse/arm-none-eabi-gcc/7.3.1-1.1.1/.content/bin/../lib/gcc/arm-none-eabi/7.3.1/../../../../arm-none-eabi/lib/thumb/v7e-m/libg_nano.a(lib_a-locale.o)
                0x00000000200001d8                __global_locale
                0x0000000020000348                . = ALIGN (0x8)
 *fill*         0x0000000020000344        0x4 
                0x0000000020000348                _edata = .

.tm_clone_table
                0x0000000020000348        0x0 load address 0x00000000080085f8
 .tm_clone_table
                0x0000000020000348        0x0 /home/jacob/opt/xPacks/@gnu-mcu-eclipse/arm-none-eabi-gcc/7.3.1-1.1.1/.content/bin/../lib/gcc/arm-none-eabi/7.3.1/thumb/v7e-m/crtbegin.o
 .tm_clone_table
                0x0000000020000348        0x0 /home/jacob/opt/xPacks/@gnu-mcu-eclipse/arm-none-eabi-gcc/7.3.1-1.1.1/.content/bin/../lib/gcc/arm-none-eabi/7.3.1/thumb/v7e-m/crtend.o

.igot.plt       0x0000000020000348        0x0 load address 0x00000000080085f8
 .igot.plt      0x0000000020000348        0x0 /home/jacob/opt/xPacks/@gnu-mcu-eclipse/arm-none-eabi-gcc/7.3.1-1.1.1/.content/bin/../lib/gcc/arm-none-eabi/7.3.1/thumb/v7e-m/crtbegin.o
                0x0000000020000348                . = ALIGN (0x4)

.bss            0x0000000020000348     0x14c8 load address 0x00000000080085f8
                0x0000000020000348                _sbss = .
                0x0000000020000348                __bss_start__ = _sbss
 *(.bss)
 *(.bss*)
 .bss.completed.6486
                0x0000000020000348        0x1 /home/jacob/opt/xPacks/@gnu-mcu-eclipse/arm-none-eabi-gcc/7.3.1-1.1.1/.content/bin/../lib/gcc/arm-none-eabi/7.3.1/thumb/v7e-m/crtbegin.o
 *fill*         0x0000000020000349        0x3 
 .bss.object.6491
                0x000000002000034c       0x18 /home/jacob/opt/xPacks/@gnu-mcu-eclipse/arm-none-eabi-gcc/7.3.1-1.1.1/.content/bin/../lib/gcc/arm-none-eabi/7.3.1/thumb/v7e-m/crtbegin.o
 .bss.mem.9008  0x0000000020000364      0x220 ./Src/usbd_conf.o
 .bss.cfgidx.8859
                0x0000000020000584        0x1 ./Middlewares/ST/STM32_USB_Device_Library/Core/Src/usbd_ctlreq.o
 *fill*         0x0000000020000585        0x3 
 .bss.__malloc_free_list
                0x0000000020000588        0x4 /home/jacob/opt/xPacks/@gnu-mcu-eclipse/arm-none-eabi-gcc/7.3.1-1.1.1/.content/bin/../lib/gcc/arm-none-eabi/7.3.1/../../../../arm-none-eabi/lib/thumb/v7e-m/libg_nano.a(lib_a-nano-mallocr.o)
                0x0000000020000588                __malloc_free_list
 .bss.__malloc_sbrk_start
                0x000000002000058c        0x4 /home/jacob/opt/xPacks/@gnu-mcu-eclipse/arm-none-eabi-gcc/7.3.1-1.1.1/.content/bin/../lib/gcc/arm-none-eabi/7.3.1/../../../../arm-none-eabi/lib/thumb/v7e-m/libg_nano.a(lib_a-nano-mallocr.o)
                0x000000002000058c                __malloc_sbrk_start
 .bss.heap_end.4102
                0x0000000020000590        0x4 /home/jacob/opt/xPacks/@gnu-mcu-eclipse/arm-none-eabi-gcc/7.3.1-1.1.1/.content/bin/../lib/gcc/arm-none-eabi/7.3.1/../../../../arm-none-eabi/lib/thumb/v7e-m/libnosys.a(sbrk.o)
 *(COMMON)
 COMMON         0x0000000020000594       0xa4 ./Src/SX1211Driver.o
                0x0000000020000594                htim6
                0x00000000200005d4                hspi1
 COMMON         0x0000000020000638       0xf0 ./Src/main.o
                0x0000000020000638                hspi2
                0x000000002000069c                hi2c1
                0x00000000200006e8                htim2
 COMMON         0x0000000020000728      0x29c ./Src/usb_device.o
                0x0000000020000728                hUsbDeviceFS
 COMMON         0x00000000200009c4      0x7d0 ./Src/usbd_cdc_if.o
                0x00000000200009c4                UserRxBufferFS
                0x0000000020000dac                UserTxBufferFS
 COMMON         0x0000000020001194      0x474 ./Src/usbd_conf.o
                0x0000000020001194                hpcd_USB_FS
 COMMON         0x0000000020001608      0x200 ./Src/usbd_desc.o
                0x0000000020001608                USBD_StrDesc
 COMMON         0x0000000020001808        0x4 ./Drivers/STM32L4xx_HAL_Driver/Src/stm32l4xx_hal.o
                0x0000000020001808                uwTick
 COMMON         0x000000002000180c        0x4 /home/jacob/opt/xPacks/@gnu-mcu-eclipse/arm-none-eabi-gcc/7.3.1-1.1.1/.content/bin/../lib/gcc/arm-none-eabi/7.3.1/../../../../arm-none-eabi/lib/thumb/v7e-m/libg_nano.a(lib_a-reent.o)
                0x000000002000180c                errno
                0x0000000020001810                . = ALIGN (0x4)
                0x0000000020001810                _ebss = .
                0x0000000020001810                __bss_end__ = _ebss

._user_heap_stack
                0x0000000020001810      0x600 load address 0x00000000080085f8
                0x0000000020001810                . = ALIGN (0x8)
                0x0000000020001810                PROVIDE (end = .)
                [!provide]                        PROVIDE (_end = .)
                0x0000000020001a10                . = (. + _Min_Heap_Size)
 *fill*         0x0000000020001810      0x200 
                0x0000000020001e10                . = (. + _Min_Stack_Size)
 *fill*         0x0000000020001a10      0x400 
                0x0000000020001e10                . = ALIGN (0x8)

/DISCARD/
 libc.a(*)
 libm.a(*)
 libgcc.a(*)

.ARM.attributes
                0x0000000000000000       0x2a
 *(.ARM.attributes)
 .ARM.attributes
                0x0000000000000000       0x1e /home/jacob/opt/xPacks/@gnu-mcu-eclipse/arm-none-eabi-gcc/7.3.1-1.1.1/.content/bin/../lib/gcc/arm-none-eabi/7.3.1/thumb/v7e-m/crti.o
 .ARM.attributes
                0x000000000000001e       0x2e /home/jacob/opt/xPacks/@gnu-mcu-eclipse/arm-none-eabi-gcc/7.3.1-1.1.1/.content/bin/../lib/gcc/arm-none-eabi/7.3.1/thumb/v7e-m/crtbegin.o
 .ARM.attributes
                0x000000000000004c       0x21 ./startup/startup_stm32l433xx.o
 .ARM.attributes
                0x000000000000006d       0x33 ./Src/SX1211Driver.o
 .ARM.attributes
                0x00000000000000a0       0x33 ./Src/main.o
 .ARM.attributes
                0x00000000000000d3       0x33 ./Src/stm32l4xx_hal_msp.o
 .ARM.attributes
                0x0000000000000106       0x33 ./Src/stm32l4xx_it.o
 .ARM.attributes
                0x0000000000000139       0x33 ./Src/system_stm32l4xx.o
 .ARM.attributes
                0x000000000000016c       0x33 ./Src/usb_device.o
 .ARM.attributes
                0x000000000000019f       0x33 ./Src/usbd_cdc_if.o
 .ARM.attributes
                0x00000000000001d2       0x33 ./Src/usbd_conf.o
 .ARM.attributes
                0x0000000000000205       0x33 ./Src/usbd_desc.o
 .ARM.attributes
                0x0000000000000238       0x33 ./Middlewares/ST/STM32_USB_Device_Library/Core/Src/usbd_core.o
 .ARM.attributes
                0x000000000000026b       0x33 ./Middlewares/ST/STM32_USB_Device_Library/Core/Src/usbd_ctlreq.o
 .ARM.attributes
                0x000000000000029e       0x33 ./Middlewares/ST/STM32_USB_Device_Library/Core/Src/usbd_ioreq.o
 .ARM.attributes
                0x00000000000002d1       0x33 ./Middlewares/ST/STM32_USB_Device_Library/Class/CDC/Src/usbd_cdc.o
 .ARM.attributes
                0x0000000000000304       0x33 ./Drivers/STM32L4xx_HAL_Driver/Src/stm32l4xx_hal.o
 .ARM.attributes
                0x0000000000000337       0x33 ./Drivers/STM32L4xx_HAL_Driver/Src/stm32l4xx_hal_cortex.o
 .ARM.attributes
                0x000000000000036a       0x33 ./Drivers/STM32L4xx_HAL_Driver/Src/stm32l4xx_hal_gpio.o
 .ARM.attributes
                0x000000000000039d       0x33 ./Drivers/STM32L4xx_HAL_Driver/Src/stm32l4xx_hal_i2c.o
 .ARM.attributes
                0x00000000000003d0       0x33 ./Drivers/STM32L4xx_HAL_Driver/Src/stm32l4xx_hal_i2c_ex.o
 .ARM.attributes
                0x0000000000000403       0x33 ./Drivers/STM32L4xx_HAL_Driver/Src/stm32l4xx_hal_pcd.o
 .ARM.attributes
                0x0000000000000436       0x33 ./Drivers/STM32L4xx_HAL_Driver/Src/stm32l4xx_hal_pcd_ex.o
 .ARM.attributes
                0x0000000000000469       0x33 ./Drivers/STM32L4xx_HAL_Driver/Src/stm32l4xx_hal_pwr_ex.o
 .ARM.attributes
                0x000000000000049c       0x33 ./Drivers/STM32L4xx_HAL_Driver/Src/stm32l4xx_hal_rcc.o
 .ARM.attributes
                0x00000000000004cf       0x33 ./Drivers/STM32L4xx_HAL_Driver/Src/stm32l4xx_hal_rcc_ex.o
 .ARM.attributes
                0x0000000000000502       0x33 ./Drivers/STM32L4xx_HAL_Driver/Src/stm32l4xx_hal_spi.o
 .ARM.attributes
                0x0000000000000535       0x33 ./Drivers/STM32L4xx_HAL_Driver/Src/stm32l4xx_hal_tim.o
 .ARM.attributes
                0x0000000000000568       0x33 ./Drivers/STM32L4xx_HAL_Driver/Src/stm32l4xx_hal_tim_ex.o
 .ARM.attributes
                0x000000000000059b       0x33 ./Drivers/STM32L4xx_HAL_Driver/Src/stm32l4xx_ll_usb.o
 .ARM.attributes
                0x00000000000005ce       0x1e /home/jacob/opt/xPacks/@gnu-mcu-eclipse/arm-none-eabi-gcc/7.3.1-1.1.1/.content/bin/../lib/gcc/arm-none-eabi/7.3.1/thumb/v7e-m/libgcc.a(_arm_addsubdf3.o)
 .ARM.attributes
                0x00000000000005ec       0x1e /home/jacob/opt/xPacks/@gnu-mcu-eclipse/arm-none-eabi-gcc/7.3.1-1.1.1/.content/bin/../lib/gcc/arm-none-eabi/7.3.1/thumb/v7e-m/libgcc.a(_arm_muldivdf3.o)
 .ARM.attributes
                0x000000000000060a       0x2e /home/jacob/opt/xPacks/@gnu-mcu-eclipse/arm-none-eabi-gcc/7.3.1-1.1.1/.content/bin/../lib/gcc/arm-none-eabi/7.3.1/../../../../arm-none-eabi/lib/thumb/v7e-m/libg_nano.a(lib_a-impure.o)
 .ARM.attributes
                0x0000000000000638       0x2e /home/jacob/opt/xPacks/@gnu-mcu-eclipse/arm-none-eabi-gcc/7.3.1-1.1.1/.content/bin/../lib/gcc/arm-none-eabi/7.3.1/../../../../arm-none-eabi/lib/thumb/v7e-m/libg_nano.a(lib_a-init.o)
 .ARM.attributes
                0x0000000000000666       0x2e /home/jacob/opt/xPacks/@gnu-mcu-eclipse/arm-none-eabi-gcc/7.3.1-1.1.1/.content/bin/../lib/gcc/arm-none-eabi/7.3.1/../../../../arm-none-eabi/lib/thumb/v7e-m/libg_nano.a(lib_a-memcpy-stub.o)
 .ARM.attributes
                0x0000000000000694       0x2e /home/jacob/opt/xPacks/@gnu-mcu-eclipse/arm-none-eabi-gcc/7.3.1-1.1.1/.content/bin/../lib/gcc/arm-none-eabi/7.3.1/../../../../arm-none-eabi/lib/thumb/v7e-m/libg_nano.a(lib_a-memset.o)
 .ARM.attributes
                0x00000000000006c2       0x2e /home/jacob/opt/xPacks/@gnu-mcu-eclipse/arm-none-eabi-gcc/7.3.1-1.1.1/.content/bin/../lib/gcc/arm-none-eabi/7.3.1/../../../../arm-none-eabi/lib/thumb/v7e-m/libg_nano.a(lib_a-nano-vfprintf_float.o)
 .ARM.attributes
                0x00000000000006f0       0x2e /home/jacob/opt/xPacks/@gnu-mcu-eclipse/arm-none-eabi-gcc/7.3.1-1.1.1/.content/bin/../lib/gcc/arm-none-eabi/7.3.1/../../../../arm-none-eabi/lib/thumb/v7e-m/libg_nano.a(lib_a-nano-vfprintf_i.o)
 .ARM.attributes
                0x000000000000071e       0x2e /home/jacob/opt/xPacks/@gnu-mcu-eclipse/arm-none-eabi-gcc/7.3.1-1.1.1/.content/bin/../lib/gcc/arm-none-eabi/7.3.1/../../../../arm-none-eabi/lib/thumb/v7e-m/libg_nano.a(lib_a-sprintf.o)
 .ARM.attributes
                0x000000000000074c       0x17 /home/jacob/opt/xPacks/@gnu-mcu-eclipse/arm-none-eabi-gcc/7.3.1-1.1.1/.content/bin/../lib/gcc/arm-none-eabi/7.3.1/../../../../arm-none-eabi/lib/thumb/v7e-m/libg_nano.a(lib_a-strlen.o)
 .ARM.attributes
                0x0000000000000763       0x2e /home/jacob/opt/xPacks/@gnu-mcu-eclipse/arm-none-eabi-gcc/7.3.1-1.1.1/.content/bin/../lib/gcc/arm-none-eabi/7.3.1/../../../../arm-none-eabi/lib/thumb/v7e-m/libg_nano.a(lib_a-dtoa.o)
 .ARM.attributes
                0x0000000000000791       0x2e /home/jacob/opt/xPacks/@gnu-mcu-eclipse/arm-none-eabi-gcc/7.3.1-1.1.1/.content/bin/../lib/gcc/arm-none-eabi/7.3.1/../../../../arm-none-eabi/lib/thumb/v7e-m/libg_nano.a(lib_a-localeconv.o)
 .ARM.attributes
                0x00000000000007bf       0x2e /home/jacob/opt/xPacks/@gnu-mcu-eclipse/arm-none-eabi-gcc/7.3.1-1.1.1/.content/bin/../lib/gcc/arm-none-eabi/7.3.1/../../../../arm-none-eabi/lib/thumb/v7e-m/libg_nano.a(lib_a-malloc.o)
 .ARM.attributes
                0x00000000000007ed       0x1c /home/jacob/opt/xPacks/@gnu-mcu-eclipse/arm-none-eabi-gcc/7.3.1-1.1.1/.content/bin/../lib/gcc/arm-none-eabi/7.3.1/../../../../arm-none-eabi/lib/thumb/v7e-m/libg_nano.a(lib_a-memchr.o)
 .ARM.attributes
                0x0000000000000809       0x2e /home/jacob/opt/xPacks/@gnu-mcu-eclipse/arm-none-eabi-gcc/7.3.1-1.1.1/.content/bin/../lib/gcc/arm-none-eabi/7.3.1/../../../../arm-none-eabi/lib/thumb/v7e-m/libg_nano.a(lib_a-mprec.o)
 .ARM.attributes
                0x0000000000000837       0x2e /home/jacob/opt/xPacks/@gnu-mcu-eclipse/arm-none-eabi-gcc/7.3.1-1.1.1/.content/bin/../lib/gcc/arm-none-eabi/7.3.1/../../../../arm-none-eabi/lib/thumb/v7e-m/libg_nano.a(lib_a-nano-callocr.o)
 .ARM.attributes
                0x0000000000000865       0x2e /home/jacob/opt/xPacks/@gnu-mcu-eclipse/arm-none-eabi-gcc/7.3.1-1.1.1/.content/bin/../lib/gcc/arm-none-eabi/7.3.1/../../../../arm-none-eabi/lib/thumb/v7e-m/libg_nano.a(lib_a-nano-freer.o)
 .ARM.attributes
                0x0000000000000893       0x2e /home/jacob/opt/xPacks/@gnu-mcu-eclipse/arm-none-eabi-gcc/7.3.1-1.1.1/.content/bin/../lib/gcc/arm-none-eabi/7.3.1/../../../../arm-none-eabi/lib/thumb/v7e-m/libg_nano.a(lib_a-nano-mallocr.o)
 .ARM.attributes
                0x00000000000008c1       0x2e /home/jacob/opt/xPacks/@gnu-mcu-eclipse/arm-none-eabi-gcc/7.3.1-1.1.1/.content/bin/../lib/gcc/arm-none-eabi/7.3.1/../../../../arm-none-eabi/lib/thumb/v7e-m/libg_nano.a(lib_a-nano-svfprintf.o)
 .ARM.attributes
                0x00000000000008ef       0x2e /home/jacob/opt/xPacks/@gnu-mcu-eclipse/arm-none-eabi-gcc/7.3.1-1.1.1/.content/bin/../lib/gcc/arm-none-eabi/7.3.1/../../../../arm-none-eabi/lib/thumb/v7e-m/libg_nano.a(lib_a-sbrkr.o)
 .ARM.attributes
                0x000000000000091d       0x2e /home/jacob/opt/xPacks/@gnu-mcu-eclipse/arm-none-eabi-gcc/7.3.1-1.1.1/.content/bin/../lib/gcc/arm-none-eabi/7.3.1/../../../../arm-none-eabi/lib/thumb/v7e-m/libg_nano.a(lib_a-locale.o)
 .ARM.attributes
                0x000000000000094b       0x2e /home/jacob/opt/xPacks/@gnu-mcu-eclipse/arm-none-eabi-gcc/7.3.1-1.1.1/.content/bin/../lib/gcc/arm-none-eabi/7.3.1/../../../../arm-none-eabi/lib/thumb/v7e-m/libg_nano.a(lib_a-mbtowc_r.o)
 .ARM.attributes
                0x0000000000000979       0x2e /home/jacob/opt/xPacks/@gnu-mcu-eclipse/arm-none-eabi-gcc/7.3.1-1.1.1/.content/bin/../lib/gcc/arm-none-eabi/7.3.1/../../../../arm-none-eabi/lib/thumb/v7e-m/libg_nano.a(lib_a-memmove.o)
 .ARM.attributes
                0x00000000000009a7       0x2e /home/jacob/opt/xPacks/@gnu-mcu-eclipse/arm-none-eabi-gcc/7.3.1-1.1.1/.content/bin/../lib/gcc/arm-none-eabi/7.3.1/../../../../arm-none-eabi/lib/thumb/v7e-m/libg_nano.a(lib_a-mlock.o)
 .ARM.attributes
                0x00000000000009d5       0x2e /home/jacob/opt/xPacks/@gnu-mcu-eclipse/arm-none-eabi-gcc/7.3.1-1.1.1/.content/bin/../lib/gcc/arm-none-eabi/7.3.1/../../../../arm-none-eabi/lib/thumb/v7e-m/libg_nano.a(lib_a-nano-reallocr.o)
 .ARM.attributes
                0x0000000000000a03       0x2e /home/jacob/opt/xPacks/@gnu-mcu-eclipse/arm-none-eabi-gcc/7.3.1-1.1.1/.content/bin/../lib/gcc/arm-none-eabi/7.3.1/../../../../arm-none-eabi/lib/thumb/v7e-m/libg_nano.a(lib_a-reent.o)
 .ARM.attributes
                0x0000000000000a31       0x2e /home/jacob/opt/xPacks/@gnu-mcu-eclipse/arm-none-eabi-gcc/7.3.1-1.1.1/.content/bin/../lib/gcc/arm-none-eabi/7.3.1/../../../../arm-none-eabi/lib/thumb/v7e-m/libg_nano.a(lib_a-wctomb_r.o)
 .ARM.attributes
                0x0000000000000a5f       0x2e /home/jacob/opt/xPacks/@gnu-mcu-eclipse/arm-none-eabi-gcc/7.3.1-1.1.1/.content/bin/../lib/gcc/arm-none-eabi/7.3.1/../../../../arm-none-eabi/lib/thumb/v7e-m/libg_nano.a(lib_a-ctype_.o)
 .ARM.attributes
                0x0000000000000a8d       0x2e /home/jacob/opt/xPacks/@gnu-mcu-eclipse/arm-none-eabi-gcc/7.3.1-1.1.1/.content/bin/../lib/gcc/arm-none-eabi/7.3.1/../../../../arm-none-eabi/lib/thumb/v7e-m/libg_nano.a(lib_a-nano-msizer.o)
 .ARM.attributes
                0x0000000000000abb       0x1e /home/jacob/opt/xPacks/@gnu-mcu-eclipse/arm-none-eabi-gcc/7.3.1-1.1.1/.content/bin/../lib/gcc/arm-none-eabi/7.3.1/thumb/v7e-m/libgcc.a(_arm_cmpdf2.o)
 .ARM.attributes
                0x0000000000000ad9       0x1e /home/jacob/opt/xPacks/@gnu-mcu-eclipse/arm-none-eabi-gcc/7.3.1-1.1.1/.content/bin/../lib/gcc/arm-none-eabi/7.3.1/thumb/v7e-m/libgcc.a(_arm_unorddf2.o)
 .ARM.attributes
                0x0000000000000af7       0x1e /home/jacob/opt/xPacks/@gnu-mcu-eclipse/arm-none-eabi-gcc/7.3.1-1.1.1/.content/bin/../lib/gcc/arm-none-eabi/7.3.1/thumb/v7e-m/libgcc.a(_arm_fixdfsi.o)
 .ARM.attributes
                0x0000000000000b15       0x2e /home/jacob/opt/xPacks/@gnu-mcu-eclipse/arm-none-eabi-gcc/7.3.1-1.1.1/.content/bin/../lib/gcc/arm-none-eabi/7.3.1/../../../../arm-none-eabi/lib/thumb/v7e-m/libnosys.a(sbrk.o)
 .ARM.attributes
                0x0000000000000b43       0x2e /home/jacob/opt/xPacks/@gnu-mcu-eclipse/arm-none-eabi-gcc/7.3.1-1.1.1/.content/bin/../lib/gcc/arm-none-eabi/7.3.1/thumb/v7e-m/crtend.o
 .ARM.attributes
                0x0000000000000b71       0x1e /home/jacob/opt/xPacks/@gnu-mcu-eclipse/arm-none-eabi-gcc/7.3.1-1.1.1/.content/bin/../lib/gcc/arm-none-eabi/7.3.1/thumb/v7e-m/crtn.o
OUTPUT(StoveControllerCPP.elf elf32-littlearm)

.debug_line     0x0000000000000000    0x12cca
 .debug_line    0x0000000000000000       0x7f ./startup/startup_stm32l433xx.o
 .debug_line    0x000000000000007f      0xb55 ./Src/SX1211Driver.o
 .debug_line    0x0000000000000bd4      0xbfb ./Src/main.o
 .debug_line    0x00000000000017cf      0x6bb ./Src/stm32l4xx_hal_msp.o
 .debug_line    0x0000000000001e8a      0x69a ./Src/stm32l4xx_it.o
 .debug_line    0x0000000000002524      0x27b ./Src/system_stm32l4xx.o
 .debug_line    0x000000000000279f      0xa86 ./Src/usb_device.o
 .debug_line    0x0000000000003225      0xaa8 ./Src/usbd_cdc_if.o
 .debug_line    0x0000000000003ccd      0xd16 ./Src/usbd_conf.o
 .debug_line    0x00000000000049e3      0xa32 ./Src/usbd_desc.o
 .debug_line    0x0000000000005415      0xbe8 ./Middlewares/ST/STM32_USB_Device_Library/Core/Src/usbd_core.o
 .debug_line    0x0000000000005ffd      0xcb3 ./Middlewares/ST/STM32_USB_Device_Library/Core/Src/usbd_ctlreq.o
 .debug_line    0x0000000000006cb0      0xa37 ./Middlewares/ST/STM32_USB_Device_Library/Core/Src/usbd_ioreq.o
 .debug_line    0x00000000000076e7      0xc10 ./Middlewares/ST/STM32_USB_Device_Library/Class/CDC/Src/usbd_cdc.o
 .debug_line    0x00000000000082f7      0x84c ./Drivers/STM32L4xx_HAL_Driver/Src/stm32l4xx_hal.o
 .debug_line    0x0000000000008b43      0x823 ./Drivers/STM32L4xx_HAL_Driver/Src/stm32l4xx_hal_cortex.o
 .debug_line    0x0000000000009366      0x758 ./Drivers/STM32L4xx_HAL_Driver/Src/stm32l4xx_hal_gpio.o
 .debug_line    0x0000000000009abe     0x1a30 ./Drivers/STM32L4xx_HAL_Driver/Src/stm32l4xx_hal_i2c.o
 .debug_line    0x000000000000b4ee      0x739 ./Drivers/STM32L4xx_HAL_Driver/Src/stm32l4xx_hal_i2c_ex.o