Archive member included to satisfy reference by file (symbol)

/home/jacob/opt/xPacks/@gnu-mcu-eclipse/arm-none-eabi-gcc/7.3.1-1.1.1/.content/bin/../lib/gcc/arm-none-eabi/7.3.1/../../../../arm-none-eabi/lib/thumb/v7e-m/libg_nano.a(lib_a-exit.o)
                              /home/jacob/opt/xPacks/@gnu-mcu-eclipse/arm-none-eabi-gcc/7.3.1-1.1.1/.content/bin/../lib/gcc/arm-none-eabi/7.3.1/../../../../arm-none-eabi/lib/thumb/v7e-m/crt0.o (exit)
/home/jacob/opt/xPacks/@gnu-mcu-eclipse/arm-none-eabi-gcc/7.3.1-1.1.1/.content/bin/../lib/gcc/arm-none-eabi/7.3.1/../../../../arm-none-eabi/lib/thumb/v7e-m/libg_nano.a(lib_a-impure.o)
                              /home/jacob/opt/xPacks/@gnu-mcu-eclipse/arm-none-eabi-gcc/7.3.1-1.1.1/.content/bin/../lib/gcc/arm-none-eabi/7.3.1/../../../../arm-none-eabi/lib/thumb/v7e-m/libg_nano.a(lib_a-exit.o) (_global_impure_ptr)
/home/jacob/opt/xPacks/@gnu-mcu-eclipse/arm-none-eabi-gcc/7.3.1-1.1.1/.content/bin/../lib/gcc/arm-none-eabi/7.3.1/../../../../arm-none-eabi/lib/thumb/v7e-m/libg_nano.a(lib_a-init.o)
                              /home/jacob/opt/xPacks/@gnu-mcu-eclipse/arm-none-eabi-gcc/7.3.1-1.1.1/.content/bin/../lib/gcc/arm-none-eabi/7.3.1/../../../../arm-none-eabi/lib/thumb/v7e-m/crt0.o (__libc_init_array)
/home/jacob/opt/xPacks/@gnu-mcu-eclipse/arm-none-eabi-gcc/7.3.1-1.1.1/.content/bin/../lib/gcc/arm-none-eabi/7.3.1/../../../../arm-none-eabi/lib/thumb/v7e-m/libg_nano.a(lib_a-memcpy-stub.o)
                              ./Src/usb_device.o (memcpy)
/home/jacob/opt/xPacks/@gnu-mcu-eclipse/arm-none-eabi-gcc/7.3.1-1.1.1/.content/bin/../lib/gcc/arm-none-eabi/7.3.1/../../../../arm-none-eabi/lib/thumb/v7e-m/libg_nano.a(lib_a-memset.o)
                              /home/jacob/opt/xPacks/@gnu-mcu-eclipse/arm-none-eabi-gcc/7.3.1-1.1.1/.content/bin/../lib/gcc/arm-none-eabi/7.3.1/../../../../arm-none-eabi/lib/thumb/v7e-m/crt0.o (memset)
/home/jacob/opt/xPacks/@gnu-mcu-eclipse/arm-none-eabi-gcc/7.3.1-1.1.1/.content/bin/../lib/gcc/arm-none-eabi/7.3.1/../../../../arm-none-eabi/lib/thumb/v7e-m/libg_nano.a(lib_a-sprintf.o)
                              ./Src/main.o (sprintf)
/home/jacob/opt/xPacks/@gnu-mcu-eclipse/arm-none-eabi-gcc/7.3.1-1.1.1/.content/bin/../lib/gcc/arm-none-eabi/7.3.1/../../../../arm-none-eabi/lib/thumb/v7e-m/libg_nano.a(lib_a-strlen.o)
                              ./Src/main.o (strlen)
/home/jacob/opt/xPacks/@gnu-mcu-eclipse/arm-none-eabi-gcc/7.3.1-1.1.1/.content/bin/../lib/gcc/arm-none-eabi/7.3.1/../../../../arm-none-eabi/lib/thumb/v7e-m/libg_nano.a(lib_a-nano-svfprintf.o)
                              /home/jacob/opt/xPacks/@gnu-mcu-eclipse/arm-none-eabi-gcc/7.3.1-1.1.1/.content/bin/../lib/gcc/arm-none-eabi/7.3.1/../../../../arm-none-eabi/lib/thumb/v7e-m/libg_nano.a(lib_a-sprintf.o) (_svfprintf_r)
/home/jacob/opt/xPacks/@gnu-mcu-eclipse/arm-none-eabi-gcc/7.3.1-1.1.1/.content/bin/../lib/gcc/arm-none-eabi/7.3.1/../../../../arm-none-eabi/lib/thumb/v7e-m/libg_nano.a(lib_a-nano-vfprintf_i.o)
                              /home/jacob/opt/xPacks/@gnu-mcu-eclipse/arm-none-eabi-gcc/7.3.1-1.1.1/.content/bin/../lib/gcc/arm-none-eabi/7.3.1/../../../../arm-none-eabi/lib/thumb/v7e-m/libg_nano.a(lib_a-nano-svfprintf.o) (_printf_i)
/home/jacob/opt/xPacks/@gnu-mcu-eclipse/arm-none-eabi-gcc/7.3.1-1.1.1/.content/bin/../lib/gcc/arm-none-eabi/7.3.1/../../../../arm-none-eabi/lib/thumb/v7e-m/libg_nano.a(lib_a-memchr.o)
                              /home/jacob/opt/xPacks/@gnu-mcu-eclipse/arm-none-eabi-gcc/7.3.1-1.1.1/.content/bin/../lib/gcc/arm-none-eabi/7.3.1/../../../../arm-none-eabi/lib/thumb/v7e-m/libg_nano.a(lib_a-nano-svfprintf.o) (memchr)
/home/jacob/opt/xPacks/@gnu-mcu-eclipse/arm-none-eabi-gcc/7.3.1-1.1.1/.content/bin/../lib/gcc/arm-none-eabi/7.3.1/../../../../arm-none-eabi/lib/thumb/v7e-m/libg_nano.a(lib_a-memmove.o)
                              /home/jacob/opt/xPacks/@gnu-mcu-eclipse/arm-none-eabi-gcc/7.3.1-1.1.1/.content/bin/../lib/gcc/arm-none-eabi/7.3.1/../../../../arm-none-eabi/lib/thumb/v7e-m/libg_nano.a(lib_a-nano-svfprintf.o) (memmove)
/home/jacob/opt/xPacks/@gnu-mcu-eclipse/arm-none-eabi-gcc/7.3.1-1.1.1/.content/bin/../lib/gcc/arm-none-eabi/7.3.1/../../../../arm-none-eabi/lib/thumb/v7e-m/libg_nano.a(lib_a-nano-freer.o)
                              /home/jacob/opt/xPacks/@gnu-mcu-eclipse/arm-none-eabi-gcc/7.3.1-1.1.1/.content/bin/../lib/gcc/arm-none-eabi/7.3.1/../../../../arm-none-eabi/lib/thumb/v7e-m/libg_nano.a(lib_a-nano-svfprintf.o) (_free_r)
/home/jacob/opt/xPacks/@gnu-mcu-eclipse/arm-none-eabi-gcc/7.3.1-1.1.1/.content/bin/../lib/gcc/arm-none-eabi/7.3.1/../../../../arm-none-eabi/lib/thumb/v7e-m/libg_nano.a(lib_a-nano-mallocr.o)
                              /home/jacob/opt/xPacks/@gnu-mcu-eclipse/arm-none-eabi-gcc/7.3.1-1.1.1/.content/bin/../lib/gcc/arm-none-eabi/7.3.1/../../../../arm-none-eabi/lib/thumb/v7e-m/libg_nano.a(lib_a-nano-svfprintf.o) (_malloc_r)
[...]
Memory Configuration

Name             Origin             Length             Attributes
RAM              0x0000000020000000 0x0000000000010000 xrw
FLASH            0x0000000008000000 0x0000000000040000 xr
*default*        0x0000000000000000 0xffffffffffffffff

Linker script and memory map

LOAD /home/jacob/opt/xPacks/@gnu-mcu-eclipse/arm-none-eabi-gcc/7.3.1-1.1.1/.content/bin/../lib/gcc/arm-none-eabi/7.3.1/thumb/v7e-m/crti.o
LOAD /home/jacob/opt/xPacks/@gnu-mcu-eclipse/arm-none-eabi-gcc/7.3.1-1.1.1/.content/bin/../lib/gcc/arm-none-eabi/7.3.1/thumb/v7e-m/crtbegin.o
LOAD /home/jacob/opt/xPacks/@gnu-mcu-eclipse/arm-none-eabi-gcc/7.3.1-1.1.1/.content/bin/../lib/gcc/arm-none-eabi/7.3.1/../../../../arm-none-eabi/lib/thumb/v7e-m/crt0.o
LOAD ./startup/startup_stm32l433xx.o
LOAD ./Src/SX1211Driver.o
LOAD ./Src/main.o
LOAD ./Src/stm32l4xx_hal_msp.o
LOAD ./Src/stm32l4xx_it.o
LOAD ./Src/system_stm32l4xx.o
LOAD ./Src/usb_device.o
LOAD ./Src/usbd_cdc_if.o
LOAD ./Src/usbd_conf.o
LOAD ./Src/usbd_desc.o
LOAD ./Middlewares/ST/STM32_USB_Device_Library/Core/Src/usbd_core.o
LOAD ./Middlewares/ST/STM32_USB_Device_Library/Core/Src/usbd_ctlreq.o
LOAD ./Middlewares/ST/STM32_USB_Device_Library/Core/Src/usbd_ioreq.o
LOAD ./Middlewares/ST/STM32_USB_Device_Library/Class/CDC/Src/usbd_cdc.o
LOAD ./Drivers/STM32L4xx_HAL_Driver/Src/stm32l4xx_hal.o
LOAD ./Drivers/STM32L4xx_HAL_Driver/Src/stm32l4xx_hal_cortex.o
LOAD ./Drivers/STM32L4xx_HAL_Driver/Src/stm32l4xx_hal_dma.o
LOAD ./Drivers/STM32L4xx_HAL_Driver/Src/stm32l4xx_hal_dma_ex.o
LOAD ./Drivers/STM32L4xx_HAL_Driver/Src/stm32l4xx_hal_flash.o
LOAD ./Drivers/STM32L4xx_HAL_Driver/Src/stm32l4xx_hal_flash_ex.o
LOAD ./Drivers/STM32L4xx_HAL_Driver/Src/stm32l4xx_hal_flash_ramfunc.o
LOAD ./Drivers/STM32L4xx_HAL_Driver/Src/stm32l4xx_hal_gpio.o
LOAD ./Drivers/STM32L4xx_HAL_Driver/Src/stm32l4xx_hal_i2c.o
LOAD ./Drivers/STM32L4xx_HAL_Driver/Src/stm32l4xx_hal_i2c_ex.o
LOAD ./Drivers/STM32L4xx_HAL_Driver/Src/stm32l4xx_hal_pcd.o
LOAD ./Drivers/STM32L4xx_HAL_Driver/Src/stm32l4xx_hal_pcd_ex.o
LOAD ./Drivers/STM32L4xx_HAL_Driver/Src/stm32l4xx_hal_pwr.o
LOAD ./Drivers/STM32L4xx_HAL_Driver/Src/stm32l4xx_hal_pwr_ex.o
LOAD ./Drivers/STM32L4xx_HAL_Driver/Src/stm32l4xx_hal_rcc.o
LOAD ./Drivers/STM32L4xx_HAL_Driver/Src/stm32l4xx_hal_rcc_ex.o
LOAD ./Drivers/STM32L4xx_HAL_Driver/Src/stm32l4xx_hal_spi.o
LOAD ./Drivers/STM32L4xx_HAL_Driver/Src/stm32l4xx_hal_spi_ex.o
LOAD ./Drivers/STM32L4xx_HAL_Driver/Src/stm32l4xx_hal_tim.o
LOAD ./Drivers/STM32L4xx_HAL_Driver/Src/stm32l4xx_hal_tim_ex.o
LOAD ./Drivers/STM32L4xx_HAL_Driver/Src/stm32l4xx_ll_usb.o
LOAD /home/jacob/opt/xPacks/@gnu-mcu-eclipse/arm-none-eabi-gcc/7.3.1-1.1.1/.content/bin/../lib/gcc/arm-none-eabi/7.3.1/../../../../arm-none-eabi/lib/thumb/v7e-m/libstdc++_nano.a
LOAD /home/jacob/opt/xPacks/@gnu-mcu-eclipse/arm-none-eabi-gcc/7.3.1-1.1.1/.content/bin/../lib/gcc/arm-none-eabi/7.3.1/../../../../arm-none-eabi/lib/thumb/v7e-m/libm.a
START GROUP
LOAD /home/jacob/opt/xPacks/@gnu-mcu-eclipse/arm-none-eabi-gcc/7.3.1-1.1.1/.content/bin/../lib/gcc/arm-none-eabi/7.3.1/thumb/v7e-m/libgcc.a
LOAD /home/jacob/opt/xPacks/@gnu-mcu-eclipse/arm-none-eabi-gcc/7.3.1-1.1.1/.content/bin/../lib/gcc/arm-none-eabi/7.3.1/../../../../arm-none-eabi/lib/thumb/v7e-m/libg_nano.a
LOAD /home/jacob/opt/xPacks/@gnu-mcu-eclipse/arm-none-eabi-gcc/7.3.1-1.1.1/.content/bin/../lib/gcc/arm-none-eabi/7.3.1/../../../../arm-none-eabi/lib/thumb/v7e-m/libc_nano.a
END GROUP
START GROUP
LOAD /home/jacob/opt/xPacks/@gnu-mcu-eclipse/arm-none-eabi-gcc/7.3.1-1.1.1/.content/bin/../lib/gcc/arm-none-eabi/7.3.1/thumb/v7e-m/libgcc.a
LOAD /home/jacob/opt/xPacks/@gnu-mcu-eclipse/arm-none-eabi-gcc/7.3.1-1.1.1/.content/bin/../lib/gcc/arm-none-eabi/7.3.1/../../../../arm-none-eabi/lib/thumb/v7e-m/libc_nano.a
LOAD /home/jacob/opt/xPacks/@gnu-mcu-eclipse/arm-none-eabi-gcc/7.3.1-1.1.1/.content/bin/../lib/gcc/arm-none-eabi/7.3.1/../../../../arm-none-eabi/lib/thumb/v7e-m/libnosys.a
END GROUP
START GROUP
LOAD /home/jacob/opt/xPacks/@gnu-mcu-eclipse/arm-none-eabi-gcc/7.3.1-1.1.1/.content/bin/../lib/gcc/arm-none-eabi/7.3.1/thumb/v7e-m/libgcc.a
LOAD /home/jacob/opt/xPacks/@gnu-mcu-eclipse/arm-none-eabi-gcc/7.3.1-1.1.1/.content/bin/../lib/gcc/arm-none-eabi/7.3.1/../../../../arm-none-eabi/lib/thumb/v7e-m/libc_nano.a
LOAD /home/jacob/opt/xPacks/@gnu-mcu-eclipse/arm-none-eabi-gcc/7.3.1-1.1.1/.content/bin/../lib/gcc/arm-none-eabi/7.3.1/../../../../arm-none-eabi/lib/thumb/v7e-m/libnosys.a
END GROUP
LOAD /home/jacob/opt/xPacks/@gnu-mcu-eclipse/arm-none-eabi-gcc/7.3.1-1.1.1/.content/bin/../lib/gcc/arm-none-eabi/7.3.1/thumb/v7e-m/crtend.o
LOAD /home/jacob/opt/xPacks/@gnu-mcu-eclipse/arm-none-eabi-gcc/7.3.1-1.1.1/.content/bin/../lib/gcc/arm-none-eabi/7.3.1/thumb/v7e-m/crtn.o
                0x0000000020010000                _estack = 0x20010000
                0x0000000000000200                _Min_Heap_Size = 0x200
                0x0000000000000400                _Min_Stack_Size = 0x400

.isr_vector     0x0000000008000000      0x190
                0x0000000008000000                . = ALIGN (0x8)
 *(.isr_vector)
 .isr_vector    0x0000000008000000      0x18c ./startup/startup_stm32l433xx.o
                0x0000000008000000                g_pfnVectors
                0x0000000008000190                . = ALIGN (0x8)
 *fill*         0x000000000800018c        0x4 

.text           0x0000000008000190     0x5628
                0x0000000008000190                . = ALIGN (0x8)
 *(.text)
 .text          0x0000000008000190       0x10 /home/jacob/opt/xPacks/@gnu-mcu-eclipse/arm-none-eabi-gcc/7.3.1-1.1.1/.content/bin/../lib/gcc/arm-none-eabi/7.3.1/../../../../arm-none-eabi/lib/thumb/v7e-m/libg_nano.a(lib_a-strlen.o)
                0x0000000008000190                strlen
 .text          0x00000000080001a0       0xa0 /home/jacob/opt/xPacks/@gnu-mcu-eclipse/arm-none-eabi-gcc/7.3.1-1.1.1/.content/bin/../lib/gcc/arm-none-eabi/7.3.1/../../../../arm-none-eabi/lib/thumb/v7e-m/libg_nano.a(lib_a-memchr.o)
                0x00000000080001a0                memchr
 *(.text*)
 .text.deregister_tm_clones
                0x0000000008000240       0x1c /home/jacob/opt/xPacks/@gnu-mcu-eclipse/arm-none-eabi-gcc/7.3.1-1.1.1/.content/bin/../lib/gcc/arm-none-eabi/7.3.1/thumb/v7e-m/crtbegin.o
 .text.register_tm_clones
                0x000000000800025c       0x24 /home/jacob/opt/xPacks/@gnu-mcu-eclipse/arm-none-eabi-gcc/7.3.1-1.1.1/.content/bin/../lib/gcc/arm-none-eabi/7.3.1/thumb/v7e-m/crtbegin.o
 .text.__do_global_dtors_aux
                0x0000000008000280       0x28 /home/jacob/opt/xPacks/@gnu-mcu-eclipse/arm-none-eabi-gcc/7.3.1-1.1.1/.content/bin/../lib/gcc/arm-none-eabi/7.3.1/thumb/v7e-m/crtbegin.o
 .text.frame_dummy
                0x00000000080002a8       0x24 /home/jacob/opt/xPacks/@gnu-mcu-eclipse/arm-none-eabi-gcc/7.3.1-1.1.1/.content/bin/../lib/gcc/arm-none-eabi/7.3.1/thumb/v7e-m/crtbegin.o
 .text.Reset_Handler
                0x00000000080002cc       0x50 ./startup/startup_stm32l433xx.o
                0x00000000080002cc                Reset_Handler
 .text.Default_Handler
                0x000000000800031c        0x2 ./startup/startup_stm32l433xx.o
                0x000000000800031c                RTC_Alarm_IRQHandler
                0x000000000800031c                EXTI2_IRQHandler
                0x000000000800031c                TIM1_CC_IRQHandler
                0x000000000800031c                TSC_IRQHandler
                0x000000000800031c                TAMP_STAMP_IRQHandler
                0x000000000800031c                EXTI3_IRQHandler
                0x000000000800031c                LPTIM2_IRQHandler
                0x000000000800031c                I2C3_ER_IRQHandler
                0x000000000800031c                EXTI0_IRQHandler
                0x000000000800031c                I2C2_EV_IRQHandler
                0x000000000800031c                CAN1_RX0_IRQHandler
                0x000000000800031c                FPU_IRQHandler
                0x000000000800031c                TIM1_UP_TIM16_IRQHandler
                0x000000000800031c                SPI1_IRQHandler
                0x000000000800031c                TIM6_DAC_IRQHandler
                0x000000000800031c                DMA2_Channel2_IRQHandler
                0x000000000800031c                DMA1_Channel4_IRQHandler
                0x000000000800031c                ADC1_IRQHandler
                0x000000000800031c                USART3_IRQHandler
                0x000000000800031c                DMA1_Channel7_IRQHandler
                0x000000000800031c                CAN1_RX1_IRQHandler
                0x000000000800031c                LCD_IRQHandler
                0x000000000800031c                DMA2_Channel1_IRQHandler
                0x000000000800031c                QUADSPI_IRQHandler
                0x000000000800031c                I2C1_EV_IRQHandler
                0x000000000800031c                DMA1_Channel6_IRQHandler
                0x000000000800031c                DMA2_Channel4_IRQHandler
                0x000000000800031c                RCC_IRQHandler
                0x000000000800031c                TIM1_TRG_COM_IRQHandler
                0x000000000800031c                DMA1_Channel1_IRQHandler
                0x000000000800031c                Default_Handler
                0x000000000800031c                DMA2_Channel7_IRQHandler
                0x000000000800031c                EXTI15_10_IRQHandler
                0x000000000800031c                TIM7_IRQHandler
                0x000000000800031c                SDMMC1_IRQHandler
                0x000000000800031c                I2C3_EV_IRQHandler
                0x000000000800031c                EXTI9_5_IRQHandler
                0x000000000800031c                RTC_WKUP_IRQHandler
                0x000000000800031c                PVD_PVM_IRQHandler
                0x000000000800031c                SPI2_IRQHandler
                0x000000000800031c                CAN1_TX_IRQHandler
                0x000000000800031c                DMA2_Channel5_IRQHandler
                0x000000000800031c                CRS_IRQHandler
                0x000000000800031c                DMA1_Channel5_IRQHandler
                0x000000000800031c                EXTI4_IRQHandler
                0x000000000800031c                RNG_IRQHandler
                0x000000000800031c                DMA1_Channel3_IRQHandler
                0x000000000800031c                COMP_IRQHandler
                0x000000000800031c                WWDG_IRQHandler
                0x000000000800031c                LPUART1_IRQHandler
                0x000000000800031c                DMA2_Channel6_IRQHandler
                0x000000000800031c                TIM2_IRQHandler
                0x000000000800031c                EXTI1_IRQHandler
                0x000000000800031c                USART2_IRQHandler
                0x000000000800031c                I2C2_ER_IRQHandler
                0x000000000800031c                DMA1_Channel2_IRQHandler
                0x000000000800031c                CAN1_SCE_IRQHandler
                0x000000000800031c                FLASH_IRQHandler
                0x000000000800031c                USART1_IRQHandler
                0x000000000800031c                SPI3_IRQHandler
                0x000000000800031c                I2C1_ER_IRQHandler
                0x000000000800031c                SWPMI1_IRQHandler
                0x000000000800031c                LPTIM1_IRQHandler
                0x000000000800031c                SAI1_IRQHandler
                0x000000000800031c                DMA2_Channel3_IRQHandler
                0x000000000800031c                TIM1_BRK_TIM15_IRQHandler
 *fill*         0x000000000800031e        0x2 
 .text.MX_GPIO_Init
                0x0000000008000320       0xc8 ./Src/main.o
 .text.SendUSB  0x00000000080003e8       0x24 ./Src/main.o
                0x00000000080003e8                SendUSB
 .text._Error_Handler
                0x000000000800040c        0x2 ./Src/main.o
                0x000000000800040c                _Error_Handler
 *fill*         0x000000000800040e        0x2 
 .text.MX_I2C1_Init
                0x0000000008000410       0x68 ./Src/main.o
 .text.MX_SPI2_Init
                0x0000000008000478       0x58 ./Src/main.o
 .text.MX_SPI1_Init
                0x00000000080004d0       0x54 ./Src/main.o
 .text.MX_TIM2_Init
                0x0000000008000524       0xac ./Src/main.o
 .text.SystemClock_Config
                0x00000000080005d0       0xe0 ./Src/main.o
                0x00000000080005d0                SystemClock_Config
 .text.main     0x00000000080006b0      0x188 ./Src/main.o
                0x00000000080006b0                main
 .text.HAL_MspInit
                0x0000000008000838       0x90 ./Src/stm32l4xx_hal_msp.o
                0x0000000008000838                HAL_MspInit
 .text.HAL_I2C_MspInit
                0x00000000080008c8       0x54 ./Src/stm32l4xx_hal_msp.o
                0x00000000080008c8                HAL_I2C_MspInit
 .text.HAL_SPI_MspInit
                0x000000000800091c       0x90 ./Src/stm32l4xx_hal_msp.o
                0x000000000800091c                HAL_SPI_MspInit
 .text.HAL_TIM_Base_MspInit
                0x00000000080009ac       0x26 ./Src/stm32l4xx_hal_msp.o
                0x00000000080009ac                HAL_TIM_Base_MspInit
 *fill*         0x00000000080009d2        0x2 
 .text.HAL_TIM_MspPostInit
                0x00000000080009d4       0x34 ./Src/stm32l4xx_hal_msp.o
                0x00000000080009d4                HAL_TIM_MspPostInit
 .text.NMI_Handler
                0x0000000008000a08        0x2 ./Src/stm32l4xx_it.o
                0x0000000008000a08                NMI_Handler
 .text.HardFault_Handler
                0x0000000008000a0a        0x2 ./Src/stm32l4xx_it.o
                0x0000000008000a0a                HardFault_Handler
 .text.MemManage_Handler
                0x0000000008000a0c        0x2 ./Src/stm32l4xx_it.o
                0x0000000008000a0c                MemManage_Handler
 .text.BusFault_Handler
                0x0000000008000a0e        0x2 ./Src/stm32l4xx_it.o
                0x0000000008000a0e                BusFault_Handler
 .text.UsageFault_Handler
                0x0000000008000a10        0x2 ./Src/stm32l4xx_it.o
                0x0000000008000a10                UsageFault_Handler
 .text.SVC_Handler
                0x0000000008000a12        0x2 ./Src/stm32l4xx_it.o
                0x0000000008000a12                SVC_Handler
 .text.DebugMon_Handler
                0x0000000008000a14        0x2 ./Src/stm32l4xx_it.o
                0x0000000008000a14                DebugMon_Handler
 .text.PendSV_Handler
                0x0000000008000a16        0x2 ./Src/stm32l4xx_it.o
                0x0000000008000a16                PendSV_Handler
 .text.SysTick_Handler
                0x0000000008000a18        0xc ./Src/stm32l4xx_it.o
                0x0000000008000a18                SysTick_Handler
 .text.USB_IRQHandler
                0x0000000008000a24       0x10 ./Src/stm32l4xx_it.o
                0x0000000008000a24                USB_IRQHandler
 .text.SystemInit
                0x0000000008000a34       0x3c ./Src/system_stm32l4xx.o
                0x0000000008000a34                SystemInit
 .text.MX_USB_DEVICE_Init
                0x0000000008000a70       0x40 ./Src/usb_device.o
                0x0000000008000a70                MX_USB_DEVICE_Init
 .text.CDC_DeInit_FS
                0x0000000008000ab0        0x4 ./Src/usbd_cdc_if.o
 .text.CDC_Control_FS
                0x0000000008000ab4       0x2c ./Src/usbd_cdc_if.o
 .text.CDC_Receive_FS
                0x0000000008000ae0       0x1c ./Src/usbd_cdc_if.o
 .text.CDC_Init_FS
                0x0000000008000afc       0x28 ./Src/usbd_cdc_if.o
 .text.CDC_Transmit_FS
                0x0000000008000b24       0x2c ./Src/usbd_cdc_if.o
                0x0000000008000b24                CDC_Transmit_FS
 .text.SystemClockConfig_Resume
                0x0000000008000b50        0x8 ./Src/usbd_conf.o
 .text.HAL_PCD_MspInit
                0x0000000008000b58       0x40 ./Src/usbd_conf.o
                0x0000000008000b58                HAL_PCD_MspInit
 .text.HAL_PCD_SetupStageCallback
                0x0000000008000b98       0x10 ./Src/usbd_conf.o
                0x0000000008000b98                HAL_PCD_SetupStageCallback
 .text.HAL_PCD_DataOutStageCallback
                0x0000000008000ba8       0x14 ./Src/usbd_conf.o
                0x0000000008000ba8                HAL_PCD_DataOutStageCallback
 .text.HAL_PCD_DataInStageCallback
                0x0000000008000bbc       0x12 ./Src/usbd_conf.o
                0x0000000008000bbc                HAL_PCD_DataInStageCallback
 .text.HAL_PCD_SOFCallback
                0x0000000008000bce        0xc ./Src/usbd_conf.o
                0x0000000008000bce                HAL_PCD_SOFCallback
 .text.HAL_PCD_ResetCallback
                0x0000000008000bda       0x18 ./Src/usbd_conf.o
                0x0000000008000bda                HAL_PCD_ResetCallback
 *fill*         0x0000000008000bf2        0x2 
 .text.HAL_PCD_SuspendCallback
                0x0000000008000bf4       0x20 ./Src/usbd_conf.o
                0x0000000008000bf4                HAL_PCD_SuspendCallback
 .text.HAL_PCD_ResumeCallback
                0x0000000008000c14       0x28 ./Src/usbd_conf.o
                0x0000000008000c14                HAL_PCD_ResumeCallback
 .text.USBD_LL_Init
                0x0000000008000c3c       0x98 ./Src/usbd_conf.o
                0x0000000008000c3c                USBD_LL_Init
 .text.USBD_LL_Start
                0x0000000008000cd4       0x1c ./Src/usbd_conf.o
                0x0000000008000cd4                USBD_LL_Start
 .text.USBD_LL_OpenEP
                0x0000000008000cf0       0x22 ./Src/usbd_conf.o
                0x0000000008000cf0                USBD_LL_OpenEP
 .text.USBD_LL_CloseEP
                0x0000000008000d12       0x1c ./Src/usbd_conf.o
                0x0000000008000d12                USBD_LL_CloseEP
 .text.USBD_LL_StallEP
                0x0000000008000d2e       0x1c ./Src/usbd_conf.o
                0x0000000008000d2e                USBD_LL_StallEP
 .text.USBD_LL_ClearStallEP
                0x0000000008000d4a       0x1c ./Src/usbd_conf.o
                0x0000000008000d4a                USBD_LL_ClearStallEP
 .text.USBD_LL_IsStallEP
                0x0000000008000d66       0x26 ./Src/usbd_conf.o
                0x0000000008000d66                USBD_LL_IsStallEP
 .text.USBD_LL_SetUSBAddress
                0x0000000008000d8c       0x1c ./Src/usbd_conf.o
                0x0000000008000d8c                USBD_LL_SetUSBAddress
 .text.USBD_LL_Transmit
                0x0000000008000da8       0x1c ./Src/usbd_conf.o
                0x0000000008000da8                USBD_LL_Transmit
 .text.USBD_LL_PrepareReceive
                0x0000000008000dc4       0x1c ./Src/usbd_conf.o
                0x0000000008000dc4                USBD_LL_PrepareReceive
 .text.USBD_LL_GetRxDataSize
                0x0000000008000de0        0xc ./Src/usbd_conf.o
                0x0000000008000de0                USBD_LL_GetRxDataSize
 .text.HAL_PCDEx_LPM_Callback
                0x0000000008000dec       0x48 ./Src/usbd_conf.o
                0x0000000008000dec                HAL_PCDEx_LPM_Callback
 .text.USBD_static_malloc
                0x0000000008000e34        0x8 ./Src/usbd_conf.o
                0x0000000008000e34                USBD_static_malloc
 .text.USBD_static_free
                0x0000000008000e3c        0x2 ./Src/usbd_conf.o
                0x0000000008000e3c                USBD_static_free
 .text.USBD_LL_BatteryCharging
                0x0000000008000e3e       0x12 ./Src/usbd_conf.o
                0x0000000008000e3e                USBD_LL_BatteryCharging
 .text.USBD_FS_DeviceDescriptor
                0x0000000008000e50        0xc ./Src/usbd_desc.o
                0x0000000008000e50                USBD_FS_DeviceDescriptor
 .text.USBD_FS_LangIDStrDescriptor
                0x0000000008000e5c        0xc ./Src/usbd_desc.o
                0x0000000008000e5c                USBD_FS_LangIDStrDescriptor
 .text.USBD_FS_USR_BOSDescriptor
                0x0000000008000e68        0xc ./Src/usbd_desc.o
                0x0000000008000e68                USBD_FS_USR_BOSDescriptor
 .text.USBD_FS_ProductStrDescriptor
                0x0000000008000e74       0x24 ./Src/usbd_desc.o
                0x0000000008000e74                USBD_FS_ProductStrDescriptor
 .text.USBD_FS_ManufacturerStrDescriptor
                0x0000000008000e98       0x1c ./Src/usbd_desc.o
                0x0000000008000e98                USBD_FS_ManufacturerStrDescriptor
 .text.USBD_FS_SerialStrDescriptor
                0x0000000008000eb4       0x24 ./Src/usbd_desc.o
                0x0000000008000eb4                USBD_FS_SerialStrDescriptor
 .text.USBD_FS_ConfigStrDescriptor
                0x0000000008000ed8       0x24 ./Src/usbd_desc.o
                0x0000000008000ed8                USBD_FS_ConfigStrDescriptor
 .text.USBD_FS_InterfaceStrDescriptor
                0x0000000008000efc       0x24 ./Src/usbd_desc.o
                0x0000000008000efc                USBD_FS_InterfaceStrDescriptor
 .text.USBD_Init
                0x0000000008000f20       0x2e ./Middlewares/ST/STM32_USB_Device_Library/Core/Src/usbd_core.o
                0x0000000008000f20                USBD_Init
 .text.USBD_RegisterClass
                0x0000000008000f4e        0xe ./Middlewares/ST/STM32_USB_Device_Library/Core/Src/usbd_core.o
                0x0000000008000f4e                USBD_RegisterClass
 .text.USBD_Start
                0x0000000008000f5c        0xa ./Middlewares/ST/STM32_USB_Device_Library/Core/Src/usbd_core.o
                0x0000000008000f5c                USBD_Start
 .text.USBD_SetClassConfig
                0x0000000008000f66       0x1a ./Middlewares/ST/STM32_USB_Device_Library/Core/Src/usbd_core.o
                0x0000000008000f66                USBD_SetClassConfig
 .text.USBD_ClrClassConfig
                0x0000000008000f80        0xe ./Middlewares/ST/STM32_USB_Device_Library/Core/Src/usbd_core.o
                0x0000000008000f80                USBD_ClrClassConfig
 .text.USBD_LL_SetupStage
                0x0000000008000f8e       0x5a ./Middlewares/ST/STM32_USB_Device_Library/Core/Src/usbd_core.o
                0x0000000008000f8e                USBD_LL_SetupStage
 .text.USBD_LL_DataOutStage
                0x0000000008000fe8       0x8c ./Middlewares/ST/STM32_USB_Device_Library/Core/Src/usbd_core.o
                0x0000000008000fe8                USBD_LL_DataOutStage
 .text.USBD_LL_DataInStage
                0x0000000008001074       0xd2 ./Middlewares/ST/STM32_USB_Device_Library/Core/Src/usbd_core.o
                0x0000000008001074                USBD_LL_DataInStage
 .text.USBD_LL_Reset
                0x0000000008001146       0x50 ./Middlewares/ST/STM32_USB_Device_Library/Core/Src/usbd_core.o
                0x0000000008001146                USBD_LL_Reset
 .text.USBD_LL_SetSpeed
                0x0000000008001196        0x6 ./Middlewares/ST/STM32_USB_Device_Library/Core/Src/usbd_core.o
                0x0000000008001196                USBD_LL_SetSpeed
 .text.USBD_LL_Suspend
                0x000000000800119c       0x12 ./Middlewares/ST/STM32_USB_Device_Library/Core/Src/usbd_core.o
                0x000000000800119c                USBD_LL_Suspend
 .text.USBD_LL_Resume
                0x00000000080011ae        0xc ./Middlewares/ST/STM32_USB_Device_Library/Core/Src/usbd_core.o
                0x00000000080011ae                USBD_LL_Resume
 .text.USBD_LL_SOF
                0x00000000080011ba       0x1c ./Middlewares/ST/STM32_USB_Device_Library/Core/Src/usbd_core.o
                0x00000000080011ba                USBD_LL_SOF
 .text.USBD_GetLen
                0x00000000080011d6       0x14 ./Middlewares/ST/STM32_USB_Device_Library/Core/Src/usbd_ctlreq.o
 .text.USBD_SetFeature
                0x00000000080011ea       0x14 ./Middlewares/ST/STM32_USB_Device_Library/Core/Src/usbd_ctlreq.o
 .text.USBD_ParseSetupRequest
                0x00000000080011fe       0x28 ./Middlewares/ST/STM32_USB_Device_Library/Core/Src/usbd_ctlreq.o
                0x00000000080011fe                USBD_ParseSetupRequest
 .text.USBD_CtlError
                0x0000000008001226       0x14 ./Middlewares/ST/STM32_USB_Device_Library/Core/Src/usbd_ctlreq.o
                0x0000000008001226                USBD_CtlError
 .text.USBD_GetDescriptor
                0x000000000800123a      0x15a ./Middlewares/ST/STM32_USB_Device_Library/Core/Src/usbd_ctlreq.o
 .text.USBD_SetAddress
                0x0000000008001394       0x4e ./Middlewares/ST/STM32_USB_Device_Library/Core/Src/usbd_ctlreq.o
 *fill*         0x00000000080013e2        0x2 
 .text.USBD_SetConfig
                0x00000000080013e4       0xb0 ./Middlewares/ST/STM32_USB_Device_Library/Core/Src/usbd_ctlreq.o
 .text.USBD_GetConfig
                0x0000000008001494       0x3c ./Middlewares/ST/STM32_USB_Device_Library/Core/Src/usbd_ctlreq.o
 .text.USBD_GetStatus
                0x00000000080014d0       0x38 ./Middlewares/ST/STM32_USB_Device_Library/Core/Src/usbd_ctlreq.o
 .text.USBD_ClrFeature
                0x0000000008001508       0x26 ./Middlewares/ST/STM32_USB_Device_Library/Core/Src/usbd_ctlreq.o
 .text.USBD_StdDevReq
                0x000000000800152e       0x68 ./Middlewares/ST/STM32_USB_Device_Library/Core/Src/usbd_ctlreq.o
                0x000000000800152e                USBD_StdDevReq
 .text.USBD_StdItfReq
                0x0000000008001596       0x60 ./Middlewares/ST/STM32_USB_Device_Library/Core/Src/usbd_ctlreq.o
                0x0000000008001596                USBD_StdItfReq
 .text.USBD_StdEPReq
                0x00000000080015f6      0x20a ./Middlewares/ST/STM32_USB_Device_Library/Core/Src/usbd_ctlreq.o
                0x00000000080015f6                USBD_StdEPReq
 .text.USBD_GetString
                0x0000000008001800       0x38 ./Middlewares/ST/STM32_USB_Device_Library/Core/Src/usbd_ctlreq.o
                0x0000000008001800                USBD_GetString
 .text.USBD_CtlSendData
                0x0000000008001838       0x1a ./Middlewares/ST/STM32_USB_Device_Library/Core/Src/usbd_ioreq.o
                0x0000000008001838                USBD_CtlSendData
 .text.USBD_CtlContinueSendData
                0x0000000008001852       0x10 ./Middlewares/ST/STM32_USB_Device_Library/Core/Src/usbd_ioreq.o
                0x0000000008001852                USBD_CtlContinueSendData
 .text.USBD_CtlPrepareRx
                0x0000000008001862       0x1e ./Middlewares/ST/STM32_USB_Device_Library/Core/Src/usbd_ioreq.o
                0x0000000008001862                USBD_CtlPrepareRx
 .text.USBD_CtlContinueRx
                0x0000000008001880       0x10 ./Middlewares/ST/STM32_USB_Device_Library/Core/Src/usbd_ioreq.o
                0x0000000008001880                USBD_CtlContinueRx
 .text.USBD_CtlSendStatus
                0x0000000008001890       0x16 ./Middlewares/ST/STM32_USB_Device_Library/Core/Src/usbd_ioreq.o
                0x0000000008001890                USBD_CtlSendStatus
 .text.USBD_CtlReceiveStatus
                0x00000000080018a6       0x16 ./Middlewares/ST/STM32_USB_Device_Library/Core/Src/usbd_ioreq.o
                0x00000000080018a6                USBD_CtlReceiveStatus
 .text.USBD_CDC_EP0_RxReady
                0x00000000080018bc       0x28 ./Middlewares/ST/STM32_USB_Device_Library/Class/CDC/Src/usbd_cdc.o
 .text.USBD_CDC_GetFSCfgDesc
                0x00000000080018e4        0xc ./Middlewares/ST/STM32_USB_Device_Library/Class/CDC/Src/usbd_cdc.o
 .text.USBD_CDC_GetHSCfgDesc
                0x00000000080018f0        0xc ./Middlewares/ST/STM32_USB_Device_Library/Class/CDC/Src/usbd_cdc.o
 .text.USBD_CDC_GetOtherSpeedCfgDesc
                0x00000000080018fc        0xc ./Middlewares/ST/STM32_USB_Device_Library/Class/CDC/Src/usbd_cdc.o
 .text.USBD_CDC_GetDeviceQualifierDescriptor
                0x0000000008001908        0xc ./Middlewares/ST/STM32_USB_Device_Library/Class/CDC/Src/usbd_cdc.o
                0x0000000008001908                USBD_CDC_GetDeviceQualifierDescriptor
 .text.USBD_CDC_DataOut
                0x0000000008001914       0x2e ./Middlewares/ST/STM32_USB_Device_Library/Class/CDC/Src/usbd_cdc.o
 .text.USBD_CDC_DataIn
                0x0000000008001942       0x4c ./Middlewares/ST/STM32_USB_Device_Library/Class/CDC/Src/usbd_cdc.o
 .text.USBD_CDC_Setup
                0x000000000800198e       0xda ./Middlewares/ST/STM32_USB_Device_Library/Class/CDC/Src/usbd_cdc.o
 .text.USBD_CDC_DeInit
                0x0000000008001a68       0x42 ./Middlewares/ST/STM32_USB_Device_Library/Class/CDC/Src/usbd_cdc.o
 .text.USBD_CDC_Init
                0x0000000008001aaa       0xaa ./Middlewares/ST/STM32_USB_Device_Library/Class/CDC/Src/usbd_cdc.o
 .text.USBD_CDC_RegisterInterface
                0x0000000008001b54        0xe ./Middlewares/ST/STM32_USB_Device_Library/Class/CDC/Src/usbd_cdc.o
                0x0000000008001b54                USBD_CDC_RegisterInterface
 .text.USBD_CDC_SetTxBuffer
                0x0000000008001b62       0x10 ./Middlewares/ST/STM32_USB_Device_Library/Class/CDC/Src/usbd_cdc.o
                0x0000000008001b62                USBD_CDC_SetTxBuffer
 .text.USBD_CDC_SetRxBuffer
                0x0000000008001b72        0xc ./Middlewares/ST/STM32_USB_Device_Library/Class/CDC/Src/usbd_cdc.o
                0x0000000008001b72                USBD_CDC_SetRxBuffer
 .text.USBD_CDC_TransmitPacket
                0x0000000008001b7e       0x34 ./Middlewares/ST/STM32_USB_Device_Library/Class/CDC/Src/usbd_cdc.o
                0x0000000008001b7e                USBD_CDC_TransmitPacket
 .text.USBD_CDC_ReceivePacket
                0x0000000008001bb2       0x32 ./Middlewares/ST/STM32_USB_Device_Library/Class/CDC/Src/usbd_cdc.o
                0x0000000008001bb2                USBD_CDC_ReceivePacket
 .text.HAL_InitTick
                0x0000000008001be4       0x34 ./Drivers/STM32L4xx_HAL_Driver/Src/stm32l4xx_hal.o
                0x0000000008001be4                HAL_InitTick
 .text.HAL_Init
                0x0000000008001c18       0x1e ./Drivers/STM32L4xx_HAL_Driver/Src/stm32l4xx_hal.o
                0x0000000008001c18                HAL_Init
 *fill*         0x0000000008001c36        0x2 
 .text.HAL_IncTick
                0x0000000008001c38       0x10 ./Drivers/STM32L4xx_HAL_Driver/Src/stm32l4xx_hal.o
                0x0000000008001c38                HAL_IncTick
 .text.HAL_GetTick
                0x0000000008001c48        0xc ./Drivers/STM32L4xx_HAL_Driver/Src/stm32l4xx_hal.o
                0x0000000008001c48                HAL_GetTick
 .text.HAL_Delay
                0x0000000008001c54       0x1e ./Drivers/STM32L4xx_HAL_Driver/Src/stm32l4xx_hal.o
                0x0000000008001c54                HAL_Delay
 *fill*         0x0000000008001c72        0x2 
 .text.HAL_NVIC_SetPriorityGrouping
                0x0000000008001c74       0x24 ./Drivers/STM32L4xx_HAL_Driver/Src/stm32l4xx_hal_cortex.o
                0x0000000008001c74                HAL_NVIC_SetPriorityGrouping
 .text.HAL_NVIC_SetPriority
                0x0000000008001c98       0x68 ./Drivers/STM32L4xx_HAL_Driver/Src/stm32l4xx_hal_cortex.o
                0x0000000008001c98                HAL_NVIC_SetPriority
 .text.HAL_NVIC_EnableIRQ
                0x0000000008001d00       0x18 ./Drivers/STM32L4xx_HAL_Driver/Src/stm32l4xx_hal_cortex.o
                0x0000000008001d00                HAL_NVIC_EnableIRQ
 .text.HAL_SYSTICK_Config
                0x0000000008001d18       0x2c ./Drivers/STM32L4xx_HAL_Driver/Src/stm32l4xx_hal_cortex.o
                0x0000000008001d18                HAL_SYSTICK_Config
 .text.HAL_SYSTICK_CLKSourceConfig
                0x0000000008001d44       0x20 ./Drivers/STM32L4xx_HAL_Driver/Src/stm32l4xx_hal_cortex.o
                0x0000000008001d44                HAL_SYSTICK_CLKSourceConfig
 .text.HAL_SYSTICK_Callback
                0x0000000008001d64        0x2 ./Drivers/STM32L4xx_HAL_Driver/Src/stm32l4xx_hal_cortex.o
                0x0000000008001d64                HAL_SYSTICK_Callback
 .text.HAL_SYSTICK_IRQHandler
                0x0000000008001d66        0x8 ./Drivers/STM32L4xx_HAL_Driver/Src/stm32l4xx_hal_cortex.o
                0x0000000008001d66                HAL_SYSTICK_IRQHandler
 *fill*         0x0000000008001d6e        0x2 
 .text.HAL_GPIO_Init
                0x0000000008001d70      0x194 ./Drivers/STM32L4xx_HAL_Driver/Src/stm32l4xx_hal_gpio.o
                0x0000000008001d70                HAL_GPIO_Init
 .text.HAL_GPIO_ReadPin
                0x0000000008001f04        0xe ./Drivers/STM32L4xx_HAL_Driver/Src/stm32l4xx_hal_gpio.o
                0x0000000008001f04                HAL_GPIO_ReadPin
 .text.HAL_GPIO_WritePin
                0x0000000008001f12        0xa ./Drivers/STM32L4xx_HAL_Driver/Src/stm32l4xx_hal_gpio.o
                0x0000000008001f12                HAL_GPIO_WritePin
 .text.HAL_I2C_Init
                0x0000000008001f1c       0xbc ./Drivers/STM32L4xx_HAL_Driver/Src/stm32l4xx_hal_i2c.o
                0x0000000008001f1c                HAL_I2C_Init
 .text.HAL_I2CEx_ConfigAnalogFilter
                0x0000000008001fd8       0x5c ./Drivers/STM32L4xx_HAL_Driver/Src/stm32l4xx_hal_i2c_ex.o
                0x0000000008001fd8                HAL_I2CEx_ConfigAnalogFilter
 .text.HAL_I2CEx_ConfigDigitalFilter
                0x0000000008002034       0x58 ./Drivers/STM32L4xx_HAL_Driver/Src/stm32l4xx_hal_i2c_ex.o
                0x0000000008002034                HAL_I2CEx_ConfigDigitalFilter
 .text.HAL_PCD_Init
                0x000000000800208c       0xf4 ./Drivers/STM32L4xx_HAL_Driver/Src/stm32l4xx_hal_pcd.o
                0x000000000800208c                HAL_PCD_Init
 .text.HAL_PCD_Start
                0x0000000008002180       0x2a ./Drivers/STM32L4xx_HAL_Driver/Src/stm32l4xx_hal_pcd.o
                0x0000000008002180                HAL_PCD_Start
 .text.HAL_PCD_SetAddress
                0x00000000080021aa       0x28 ./Drivers/STM32L4xx_HAL_Driver/Src/stm32l4xx_hal_pcd.o
                0x00000000080021aa                HAL_PCD_SetAddress
 .text.HAL_PCD_EP_Open
                0x00000000080021d2       0x70 ./Drivers/STM32L4xx_HAL_Driver/Src/stm32l4xx_hal_pcd.o
                0x00000000080021d2                HAL_PCD_EP_Open
 .text.HAL_PCD_EP_Close
                0x0000000008002242       0x5c ./Drivers/STM32L4xx_HAL_Driver/Src/stm32l4xx_hal_pcd.o
                0x0000000008002242                HAL_PCD_EP_Close
 .text.HAL_PCD_EP_Receive
                0x000000000800229e       0x3e ./Drivers/STM32L4xx_HAL_Driver/Src/stm32l4xx_hal_pcd.o
                0x000000000800229e                HAL_PCD_EP_Receive
 .text.HAL_PCD_EP_GetRxCount
                0x00000000080022dc        0xe ./Drivers/STM32L4xx_HAL_Driver/Src/stm32l4xx_hal_pcd.o
                0x00000000080022dc                HAL_PCD_EP_GetRxCount
 .text.HAL_PCD_EP_Transmit
                0x00000000080022ea       0x3c ./Drivers/STM32L4xx_HAL_Driver/Src/stm32l4xx_hal_pcd.o
                0x00000000080022ea                HAL_PCD_EP_Transmit
 .text.PCD_EP_ISR_Handler
                0x0000000008002326      0x324 ./Drivers/STM32L4xx_HAL_Driver/Src/stm32l4xx_hal_pcd.o
 .text.HAL_PCD_IRQHandler
                0x000000000800264a      0x1de ./Drivers/STM32L4xx_HAL_Driver/Src/stm32l4xx_hal_pcd.o
                0x000000000800264a                HAL_PCD_IRQHandler
 .text.HAL_PCD_EP_SetStall
                0x0000000008002828       0x6e ./Drivers/STM32L4xx_HAL_Driver/Src/stm32l4xx_hal_pcd.o
                0x0000000008002828                HAL_PCD_EP_SetStall
 .text.HAL_PCD_EP_ClrStall
                0x0000000008002896       0x60 ./Drivers/STM32L4xx_HAL_Driver/Src/stm32l4xx_hal_pcd.o
                0x0000000008002896                HAL_PCD_EP_ClrStall
 .text.HAL_PCDEx_PMAConfig
                0x00000000080028f6       0x30 ./Drivers/STM32L4xx_HAL_Driver/Src/stm32l4xx_hal_pcd_ex.o
                0x00000000080028f6                HAL_PCDEx_PMAConfig
 .text.HAL_PCDEx_ActivateBCD
                0x0000000008002926       0x24 ./Drivers/STM32L4xx_HAL_Driver/Src/stm32l4xx_hal_pcd_ex.o
                0x0000000008002926                HAL_PCDEx_ActivateBCD
 .text.HAL_PCDEx_ActivateLPM
                0x000000000800294a       0x28 ./Drivers/STM32L4xx_HAL_Driver/Src/stm32l4xx_hal_pcd_ex.o
                0x000000000800294a                HAL_PCDEx_ActivateLPM
 *fill*         0x0000000008002972        0x2 
 .text.HAL_PWREx_GetVoltageRange
                0x0000000008002974       0x10 ./Drivers/STM32L4xx_HAL_Driver/Src/stm32l4xx_hal_pwr_ex.o
                0x0000000008002974                HAL_PWREx_GetVoltageRange
 .text.HAL_PWREx_ControlVoltageScaling
                0x0000000008002984       0x90 ./Drivers/STM32L4xx_HAL_Driver/Src/stm32l4xx_hal_pwr_ex.o
                0x0000000008002984                HAL_PWREx_ControlVoltageScaling
 .text.HAL_PWREx_EnableVddUSB
                0x0000000008002a14       0x10 ./Drivers/STM32L4xx_HAL_Driver/Src/stm32l4xx_hal_pwr_ex.o
                0x0000000008002a14                HAL_PWREx_EnableVddUSB
 .text.RCC_SetFlashLatencyFromMSIRange
                0x0000000008002a24       0x90 ./Drivers/STM32L4xx_HAL_Driver/Src/stm32l4xx_hal_rcc.o
 .text.HAL_RCC_GetSysClockFreq
                0x0000000008002ab4       0xd8 ./Drivers/STM32L4xx_HAL_Driver/Src/stm32l4xx_hal_rcc.o
                0x0000000008002ab4                HAL_RCC_GetSysClockFreq
 .text.HAL_RCC_OscConfig
                0x0000000008002b8c      0x5b4 ./Drivers/STM32L4xx_HAL_Driver/Src/stm32l4xx_hal_rcc.o
                0x0000000008002b8c                HAL_RCC_OscConfig
 .text.HAL_RCC_ClockConfig
                0x0000000008003140      0x154 ./Drivers/STM32L4xx_HAL_Driver/Src/stm32l4xx_hal_rcc.o
                0x0000000008003140                HAL_RCC_ClockConfig
 .text.HAL_RCC_GetHCLKFreq
                0x0000000008003294        0xc ./Drivers/STM32L4xx_HAL_Driver/Src/stm32l4xx_hal_rcc.o
                0x0000000008003294                HAL_RCC_GetHCLKFreq
 .text.RCCEx_PLLSAI1_Config
                0x00000000080032a0      0x16c ./Drivers/STM32L4xx_HAL_Driver/Src/stm32l4xx_hal_rcc_ex.o
 .text.HAL_RCCEx_PeriphCLKConfig
                0x000000000800340c      0x360 ./Drivers/STM32L4xx_HAL_Driver/Src/stm32l4xx_hal_rcc_ex.o
                0x000000000800340c                HAL_RCCEx_PeriphCLKConfig
 .text.SPI_WaitFlagStateUntilTimeout
                0x000000000800376c       0x90 ./Drivers/STM32L4xx_HAL_Driver/Src/stm32l4xx_hal_spi.o
 .text.SPI_WaitFifoStateUntilTimeout
                0x00000000080037fc       0x98 ./Drivers/STM32L4xx_HAL_Driver/Src/stm32l4xx_hal_spi.o
 .text.SPI_EndRxTxTransaction
                0x0000000008003894       0x66 ./Drivers/STM32L4xx_HAL_Driver/Src/stm32l4xx_hal_spi.o
 .text.SPI_EndRxTransaction
                0x00000000080038fa       0x88 ./Drivers/STM32L4xx_HAL_Driver/Src/stm32l4xx_hal_spi.o
 .text.HAL_SPI_Init
                0x0000000008003982       0xb0 ./Drivers/STM32L4xx_HAL_Driver/Src/stm32l4xx_hal_spi.o
                0x0000000008003982                HAL_SPI_Init
 .text.HAL_SPI_TransmitReceive
                0x0000000008003a32      0x2ce ./Drivers/STM32L4xx_HAL_Driver/Src/stm32l4xx_hal_spi.o
                0x0000000008003a32                HAL_SPI_TransmitReceive
 .text.HAL_SPI_Receive
                0x0000000008003d00      0x194 ./Drivers/STM32L4xx_HAL_Driver/Src/stm32l4xx_hal_spi.o
                0x0000000008003d00                HAL_SPI_Receive
 .text.TIM_OC1_SetConfig
                0x0000000008003e94       0x7c ./Drivers/STM32L4xx_HAL_Driver/Src/stm32l4xx_hal_tim.o
 .text.TIM_OC3_SetConfig
                0x0000000008003f10       0x74 ./Drivers/STM32L4xx_HAL_Driver/Src/stm32l4xx_hal_tim.o
 .text.TIM_OC4_SetConfig
                0x0000000008003f84       0x5c ./Drivers/STM32L4xx_HAL_Driver/Src/stm32l4xx_hal_tim.o
 .text.TIM_OC5_SetConfig
                0x0000000008003fe0       0x58 ./Drivers/STM32L4xx_HAL_Driver/Src/stm32l4xx_hal_tim.o
 .text.TIM_OC6_SetConfig
                0x0000000008004038       0x5c ./Drivers/STM32L4xx_HAL_Driver/Src/stm32l4xx_hal_tim.o
 .text.TIM_TI1_ConfigInputStage
                0x0000000008004094       0x24 ./Drivers/STM32L4xx_HAL_Driver/Src/stm32l4xx_hal_tim.o
 .text.TIM_TI2_ConfigInputStage
                0x00000000080040b8       0x26 ./Drivers/STM32L4xx_HAL_Driver/Src/stm32l4xx_hal_tim.o
 .text.TIM_ITRx_SetConfig
                0x00000000080040de       0x10 ./Drivers/STM32L4xx_HAL_Driver/Src/stm32l4xx_hal_tim.o
 .text.HAL_TIM_PWM_MspInit
                0x00000000080040ee        0x2 ./Drivers/STM32L4xx_HAL_Driver/Src/stm32l4xx_hal_tim.o
                0x00000000080040ee                HAL_TIM_PWM_MspInit
 .text.TIM_Base_SetConfig
                0x00000000080040f0       0x70 ./Drivers/STM32L4xx_HAL_Driver/Src/stm32l4xx_hal_tim.o
                0x00000000080040f0                TIM_Base_SetConfig
 .text.HAL_TIM_Base_Init
                0x0000000008004160       0x32 ./Drivers/STM32L4xx_HAL_Driver/Src/stm32l4xx_hal_tim.o
                0x0000000008004160                HAL_TIM_Base_Init
 .text.HAL_TIM_PWM_Init
                0x0000000008004192       0x32 ./Drivers/STM32L4xx_HAL_Driver/Src/stm32l4xx_hal_tim.o
                0x0000000008004192                HAL_TIM_PWM_Init
 .text.TIM_OC2_SetConfig
                0x00000000080041c4       0x78 ./Drivers/STM32L4xx_HAL_Driver/Src/stm32l4xx_hal_tim.o
                0x00000000080041c4                TIM_OC2_SetConfig
 .text.HAL_TIM_PWM_ConfigChannel
                0x000000000800423c      0x134 ./Drivers/STM32L4xx_HAL_Driver/Src/stm32l4xx_hal_tim.o
                0x000000000800423c                HAL_TIM_PWM_ConfigChannel
 .text.TIM_ETR_SetConfig
                0x0000000008004370       0x16 ./Drivers/STM32L4xx_HAL_Driver/Src/stm32l4xx_hal_tim.o
                0x0000000008004370                TIM_ETR_SetConfig
 *fill*         0x0000000008004386        0x2 
 .text.HAL_TIM_ConfigClockSource
                0x0000000008004388       0xf8 ./Drivers/STM32L4xx_HAL_Driver/Src/stm32l4xx_hal_tim.o
                0x0000000008004388                HAL_TIM_ConfigClockSource
 .text.TIM_CCxChannelCmd
                0x0000000008004480       0x20 ./Drivers/STM32L4xx_HAL_Driver/Src/stm32l4xx_hal_tim.o
                0x0000000008004480                TIM_CCxChannelCmd
 .text.HAL_TIM_PWM_Start
                0x00000000080044a0       0x58 ./Drivers/STM32L4xx_HAL_Driver/Src/stm32l4xx_hal_tim.o
                0x00000000080044a0                HAL_TIM_PWM_Start
 .text.HAL_TIMEx_MasterConfigSynchronization
                0x00000000080044f8       0x5c ./Drivers/STM32L4xx_HAL_Driver/Src/stm32l4xx_hal_tim_ex.o
                0x00000000080044f8                HAL_TIMEx_MasterConfigSynchronization
 .text.USB_CoreInit
                0x0000000008004554        0xe ./Drivers/STM32L4xx_HAL_Driver/Src/stm32l4xx_ll_usb.o
                0x0000000008004554                USB_CoreInit
 .text.USB_EnableGlobalInt
                0x0000000008004562       0x14 ./Drivers/STM32L4xx_HAL_Driver/Src/stm32l4xx_ll_usb.o
                0x0000000008004562                USB_EnableGlobalInt
 .text.USB_DisableGlobalInt
                0x0000000008004576       0x14 ./Drivers/STM32L4xx_HAL_Driver/Src/stm32l4xx_ll_usb.o
                0x0000000008004576                USB_DisableGlobalInt
 .text.USB_SetCurrentMode
                0x000000000800458a        0x4 ./Drivers/STM32L4xx_HAL_Driver/Src/stm32l4xx_ll_usb.o
                0x000000000800458a                USB_SetCurrentMode
 .text.USB_DevInit
                0x000000000800458e       0x2c ./Drivers/STM32L4xx_HAL_Driver/Src/stm32l4xx_ll_usb.o
                0x000000000800458e                USB_DevInit
 .text.USB_ActivateEndpoint
                0x00000000080045ba      0x35a ./Drivers/STM32L4xx_HAL_Driver/Src/stm32l4xx_ll_usb.o
                0x00000000080045ba                USB_ActivateEndpoint
 .text.USB_DeactivateEndpoint
                0x0000000008004914      0x1d4 ./Drivers/STM32L4xx_HAL_Driver/Src/stm32l4xx_ll_usb.o
                0x0000000008004914                USB_DeactivateEndpoint
 .text.USB_EPSetStall
                0x0000000008004ae8       0x4a ./Drivers/STM32L4xx_HAL_Driver/Src/stm32l4xx_ll_usb.o
                0x0000000008004ae8                USB_EPSetStall
 .text.USB_EPClearStall
                0x0000000008004b32       0x96 ./Drivers/STM32L4xx_HAL_Driver/Src/stm32l4xx_ll_usb.o
                0x0000000008004b32                USB_EPClearStall
 .text.USB_SetDevAddress
                0x0000000008004bc8        0xc ./Drivers/STM32L4xx_HAL_Driver/Src/stm32l4xx_ll_usb.o
                0x0000000008004bc8                USB_SetDevAddress
 .text.USB_DevConnect
                0x0000000008004bd4       0x10 ./Drivers/STM32L4xx_HAL_Driver/Src/stm32l4xx_ll_usb.o
                0x0000000008004bd4                USB_DevConnect
 .text.USB_DevDisconnect
                0x0000000008004be4       0x10 ./Drivers/STM32L4xx_HAL_Driver/Src/stm32l4xx_ll_usb.o
                0x0000000008004be4                USB_DevDisconnect
 .text.USB_ReadInterrupts
                0x0000000008004bf4        0x6 ./Drivers/STM32L4xx_HAL_Driver/Src/stm32l4xx_ll_usb.o
                0x0000000008004bf4                USB_ReadInterrupts
 .text.USB_EP0_OutStart
                0x0000000008004bfa        0x4 ./Drivers/STM32L4xx_HAL_Driver/Src/stm32l4xx_ll_usb.o
                0x0000000008004bfa                USB_EP0_OutStart
 .text.USB_WritePMA
                0x0000000008004bfe       0x28 ./Drivers/STM32L4xx_HAL_Driver/Src/stm32l4xx_ll_usb.o
                0x0000000008004bfe                USB_WritePMA
 .text.USB_EPStartXfer
                0x0000000008004c26      0x2c4 ./Drivers/STM32L4xx_HAL_Driver/Src/stm32l4xx_ll_usb.o
                0x0000000008004c26                USB_EPStartXfer
 .text.USB_ReadPMA
                0x0000000008004eea       0x2c ./Drivers/STM32L4xx_HAL_Driver/Src/stm32l4xx_ll_usb.o
                0x0000000008004eea                USB_ReadPMA
 *fill*         0x0000000008004f16        0x2 
 .text.__libc_init_array
                0x0000000008004f18       0x48 /home/jacob/opt/xPacks/@gnu-mcu-eclipse/arm-none-eabi-gcc/7.3.1-1.1.1/.content/bin/../lib/gcc/arm-none-eabi/7.3.1/../../../../arm-none-eabi/lib/thumb/v7e-m/libg_nano.a(lib_a-init.o)
                0x0000000008004f18                __libc_init_array
 .text.memcpy   0x0000000008004f60       0x16 /home/jacob/opt/xPacks/@gnu-mcu-eclipse/arm-none-eabi-gcc/7.3.1-1.1.1/.content/bin/../lib/gcc/arm-none-eabi/7.3.1/../../../../arm-none-eabi/lib/thumb/v7e-m/libg_nano.a(lib_a-memcpy-stub.o)
                0x0000000008004f60                memcpy
 .text.memset   0x0000000008004f76       0x10 /home/jacob/opt/xPacks/@gnu-mcu-eclipse/arm-none-eabi-gcc/7.3.1-1.1.1/.content/bin/../lib/gcc/arm-none-eabi/7.3.1/../../../../arm-none-eabi/lib/thumb/v7e-m/libg_nano.a(lib_a-memset.o)
                0x0000000008004f76                memset
 *fill*         0x0000000008004f86        0x2 
 .text.sprintf  0x0000000008004f88       0x40 /home/jacob/opt/xPacks/@gnu-mcu-eclipse/arm-none-eabi-gcc/7.3.1-1.1.1/.content/bin/../lib/gcc/arm-none-eabi/7.3.1/../../../../arm-none-eabi/lib/thumb/v7e-m/libg_nano.a(lib_a-sprintf.o)
                0x0000000008004f88                sprintf
                0x0000000008004f88                siprintf
 .text.__ssputs_r
                0x0000000008004fc8       0xb4 /home/jacob/opt/xPacks/@gnu-mcu-eclipse/arm-none-eabi-gcc/7.3.1-1.1.1/.content/bin/../lib/gcc/arm-none-eabi/7.3.1/../../../../arm-none-eabi/lib/thumb/v7e-m/libg_nano.a(lib_a-nano-svfprintf.o)
                0x0000000008004fc8                __ssputs_r
 .text._svfprintf_r
                0x000000000800507c      0x1f0 /home/jacob/opt/xPacks/@gnu-mcu-eclipse/arm-none-eabi-gcc/7.3.1-1.1.1/.content/bin/../lib/gcc/arm-none-eabi/7.3.1/../../../../arm-none-eabi/lib/thumb/v7e-m/libg_nano.a(lib_a-nano-svfprintf.o)
                0x000000000800507c                _svfprintf_r
                0x000000000800507c                _svfiprintf_r
 .text._printf_common
                0x000000000800526c       0xea /home/jacob/opt/xPacks/@gnu-mcu-eclipse/arm-none-eabi-gcc/7.3.1-1.1.1/.content/bin/../lib/gcc/arm-none-eabi/7.3.1/../../../../arm-none-eabi/lib/thumb/v7e-m/libg_nano.a(lib_a-nano-vfprintf_i.o)
                0x000000000800526c                _printf_common
 *fill*         0x0000000008005356        0x2 
 .text._printf_i
                0x0000000008005358      0x224 /home/jacob/opt/xPacks/@gnu-mcu-eclipse/arm-none-eabi-gcc/7.3.1-1.1.1/.content/bin/../lib/gcc/arm-none-eabi/7.3.1/../../../../arm-none-eabi/lib/thumb/v7e-m/libg_nano.a(lib_a-nano-vfprintf_i.o)
                0x0000000008005358                _printf_i
 .text.memmove  0x000000000800557c       0x32 /home/jacob/opt/xPacks/@gnu-mcu-eclipse/arm-none-eabi-gcc/7.3.1-1.1.1/.content/bin/../lib/gcc/arm-none-eabi/7.3.1/../../../../arm-none-eabi/lib/thumb/v7e-m/libg_nano.a(lib_a-memmove.o)
                0x000000000800557c                memmove
 *fill*         0x00000000080055ae        0x2 
 .text._free_r  0x00000000080055b0       0x9c /home/jacob/opt/xPacks/@gnu-mcu-eclipse/arm-none-eabi-gcc/7.3.1-1.1.1/.content/bin/../lib/gcc/arm-none-eabi/7.3.1/../../../../arm-none-eabi/lib/thumb/v7e-m/libg_nano.a(lib_a-nano-freer.o)
                0x00000000080055b0                _free_r
 .text._malloc_r
                0x000000000800564c       0xb4 /home/jacob/opt/xPacks/@gnu-mcu-eclipse/arm-none-eabi-gcc/7.3.1-1.1.1/.content/bin/../lib/gcc/arm-none-eabi/7.3.1/../../../../arm-none-eabi/lib/thumb/v7e-m/libg_nano.a(lib_a-nano-mallocr.o)
                0x000000000800564c                _malloc_r
 .text._realloc_r
                0x0000000008005700       0x4c /home/jacob/opt/xPacks/@gnu-mcu-eclipse/arm-none-eabi-gcc/7.3.1-1.1.1/.content/bin/../lib/gcc/arm-none-eabi/7.3.1/../../../../arm-none-eabi/lib/thumb/v7e-m/libg_nano.a(lib_a-nano-reallocr.o)
                0x0000000008005700                _realloc_r
 .text._sbrk_r  0x000000000800574c       0x20 /home/jacob/opt/xPacks/@gnu-mcu-eclipse/arm-none-eabi-gcc/7.3.1-1.1.1/.content/bin/../lib/gcc/arm-none-eabi/7.3.1/../../../../arm-none-eabi/lib/thumb/v7e-m/libg_nano.a(lib_a-sbrkr.o)
                0x000000000800574c                _sbrk_r
 .text.__malloc_lock
                0x000000000800576c        0x2 /home/jacob/opt/xPacks/@gnu-mcu-eclipse/arm-none-eabi-gcc/7.3.1-1.1.1/.content/bin/../lib/gcc/arm-none-eabi/7.3.1/../../../../arm-none-eabi/lib/thumb/v7e-m/libg_nano.a(lib_a-mlock.o)
                0x000000000800576c                __malloc_lock
 .text.__malloc_unlock
                0x000000000800576e        0x2 /home/jacob/opt/xPacks/@gnu-mcu-eclipse/arm-none-eabi-gcc/7.3.1-1.1.1/.content/bin/../lib/gcc/arm-none-eabi/7.3.1/../../../../arm-none-eabi/lib/thumb/v7e-m/libg_nano.a(lib_a-mlock.o)
                0x000000000800576e                __malloc_unlock
 .text._malloc_usable_size_r
                0x0000000008005770       0x10 /home/jacob/opt/xPacks/@gnu-mcu-eclipse/arm-none-eabi-gcc/7.3.1-1.1.1/.content/bin/../lib/gcc/arm-none-eabi/7.3.1/../../../../arm-none-eabi/lib/thumb/v7e-m/libg_nano.a(lib_a-nano-msizer.o)
                0x0000000008005770                _malloc_usable_size_r
 .text._sbrk    0x0000000008005780       0x1c /home/jacob/opt/xPacks/@gnu-mcu-eclipse/arm-none-eabi-gcc/7.3.1-1.1.1/.content/bin/../lib/gcc/arm-none-eabi/7.3.1/../../../../arm-none-eabi/lib/thumb/v7e-m/libnosys.a(sbrk.o)
                0x0000000008005780                _sbrk
 *(.glue_7)
 .glue_7        0x000000000800579c        0x0 linker stubs
 *(.glue_7t)
 .glue_7t       0x000000000800579c        0x0 linker stubs
 *(.eh_frame)
 .eh_frame      0x000000000800579c        0x0 /home/jacob/opt/xPacks/@gnu-mcu-eclipse/arm-none-eabi-gcc/7.3.1-1.1.1/.content/bin/../lib/gcc/arm-none-eabi/7.3.1/thumb/v7e-m/crtbegin.o
 *(.init)
 .init          0x000000000800579c        0x4 /home/jacob/opt/xPacks/@gnu-mcu-eclipse/arm-none-eabi-gcc/7.3.1-1.1.1/.content/bin/../lib/gcc/arm-none-eabi/7.3.1/thumb/v7e-m/crti.o
                0x000000000800579c                _init
 .init          0x00000000080057a0        0x8 /home/jacob/opt/xPacks/@gnu-mcu-eclipse/arm-none-eabi-gcc/7.3.1-1.1.1/.content/bin/../lib/gcc/arm-none-eabi/7.3.1/thumb/v7e-m/crtn.o
 *(.fini)
 .fini          0x00000000080057a8        0x4 /home/jacob/opt/xPacks/@gnu-mcu-eclipse/arm-none-eabi-gcc/7.3.1-1.1.1/.content/bin/../lib/gcc/arm-none-eabi/7.3.1/thumb/v7e-m/crti.o
                0x00000000080057a8                _fini
 .fini          0x00000000080057ac        0x8 /home/jacob/opt/xPacks/@gnu-mcu-eclipse/arm-none-eabi-gcc/7.3.1-1.1.1/.content/bin/../lib/gcc/arm-none-eabi/7.3.1/thumb/v7e-m/crtn.o
                0x00000000080057b8                . = ALIGN (0x8)
 *fill*         0x00000000080057b4        0x4 
                0x00000000080057b8                _etext = .

.vfp11_veneer   0x00000000080057b8        0x0
 .vfp11_veneer  0x00000000080057b8        0x0 linker stubs

.v4_bx          0x00000000080057b8        0x0
 .v4_bx         0x00000000080057b8        0x0 linker stubs

.iplt           0x00000000080057b8        0x0
 .iplt          0x00000000080057b8        0x0 /home/jacob/opt/xPacks/@gnu-mcu-eclipse/arm-none-eabi-gcc/7.3.1-1.1.1/.content/bin/../lib/gcc/arm-none-eabi/7.3.1/thumb/v7e-m/crtbegin.o

.rodata         0x00000000080057b8      0x158
                0x00000000080057b8                . = ALIGN (0x8)
 *(.rodata)
 *(.rodata*)
 .rodata.MX_I2C1_Init.str1.4
                0x00000000080057b8        0xe ./Src/main.o
 *fill*         0x00000000080057c6        0x2 
 .rodata.main.str1.4
                0x00000000080057c8       0x62 ./Src/main.o
 *fill*         0x000000000800582a        0x2 
 .rodata.AHBPrescTable
                0x000000000800582c       0x10 ./Src/system_stm32l4xx.o
                0x000000000800582c                AHBPrescTable
 .rodata.MSIRangeTable
                0x000000000800583c       0x30 ./Src/system_stm32l4xx.o
                0x000000000800583c                MSIRangeTable
 .rodata.USBD_LL_Init.str1.4
                0x000000000800586c       0x13 ./Src/usbd_conf.o
 *fill*         0x000000000800587f        0x1 
 .rodata.USBD_FS_ConfigStrDescriptor.str1.4
                0x0000000008005880        0xb ./Src/usbd_desc.o
 *fill*         0x000000000800588b        0x1 
 .rodata.USBD_FS_InterfaceStrDescriptor.str1.4
                0x000000000800588c        0xe ./Src/usbd_desc.o
 *fill*         0x000000000800589a        0x2 
 .rodata.USBD_FS_ManufacturerStrDescriptor.str1.4
                0x000000000800589c       0x13 ./Src/usbd_desc.o
 *fill*         0x00000000080058af        0x1 
 .rodata.USBD_FS_ProductStrDescriptor.str1.4
                0x00000000080058b0       0x16 ./Src/usbd_desc.o
 *fill*         0x00000000080058c6        0x2 
 .rodata.USBD_FS_SerialStrDescriptor.str1.4
                0x00000000080058c8       0x10 ./Src/usbd_desc.o
                                          0xd (size before relaxing)
 .rodata._svfprintf_r.str1.1
                0x00000000080058d8       0x11 /home/jacob/opt/xPacks/@gnu-mcu-eclipse/arm-none-eabi-gcc/7.3.1-1.1.1/.content/bin/../lib/gcc/arm-none-eabi/7.3.1/../../../../arm-none-eabi/lib/thumb/v7e-m/libg_nano.a(lib_a-nano-svfprintf.o)
 .rodata._printf_i.str1.1
                0x00000000080058e9       0x22 /home/jacob/opt/xPacks/@gnu-mcu-eclipse/arm-none-eabi-gcc/7.3.1-1.1.1/.content/bin/../lib/gcc/arm-none-eabi/7.3.1/../../../../arm-none-eabi/lib/thumb/v7e-m/libg_nano.a(lib_a-nano-vfprintf_i.o)
                0x0000000008005910                . = ALIGN (0x8)
 *fill*         0x000000000800590b        0x5 

.rel.dyn        0x0000000008005910        0x0
 .rel.iplt      0x0000000008005910        0x0 /home/jacob/opt/xPacks/@gnu-mcu-eclipse/arm-none-eabi-gcc/7.3.1-1.1.1/.content/bin/../lib/gcc/arm-none-eabi/7.3.1/thumb/v7e-m/crtbegin.o

.ARM.extab      0x0000000008005910        0x0
                0x0000000008005910                . = ALIGN (0x8)
 *(.ARM.extab* .gnu.linkonce.armextab.*)
                0x0000000008005910                . = ALIGN (0x8)

.ARM            0x0000000008005910        0x0
                0x0000000008005910                . = ALIGN (0x8)
                0x0000000008005910                __exidx_start = .
 *(.ARM.exidx*)
                0x0000000008005910                __exidx_end = .
                0x0000000008005910                . = ALIGN (0x8)

.preinit_array  0x0000000008005910        0x0
                0x0000000008005910                . = ALIGN (0x8)
                0x0000000008005910                PROVIDE (__preinit_array_start = .)
 *(.preinit_array*)
                0x0000000008005910                PROVIDE (__preinit_array_end = .)
                0x0000000008005910                . = ALIGN (0x8)

.init_array     0x0000000008005910        0x8
                0x0000000008005910                . = ALIGN (0x8)
                0x0000000008005910                PROVIDE (__init_array_start = .)
 *(SORT_BY_NAME(.init_array.*))
 *(.init_array*)
 .init_array    0x0000000008005910        0x4 /home/jacob/opt/xPacks/@gnu-mcu-eclipse/arm-none-eabi-gcc/7.3.1-1.1.1/.content/bin/../lib/gcc/arm-none-eabi/7.3.1/thumb/v7e-m/crtbegin.o
                0x0000000008005914                PROVIDE (__init_array_end = .)
                0x0000000008005918                . = ALIGN (0x8)
 *fill*         0x0000000008005914        0x4 

.fini_array     0x0000000008005918        0x8
                0x0000000008005918                . = ALIGN (0x8)
                [!provide]                        PROVIDE (__fini_array_start = .)
 *(SORT_BY_NAME(.fini_array.*))
 *(.fini_array*)
 .fini_array    0x0000000008005918        0x4 /home/jacob/opt/xPacks/@gnu-mcu-eclipse/arm-none-eabi-gcc/7.3.1-1.1.1/.content/bin/../lib/gcc/arm-none-eabi/7.3.1/thumb/v7e-m/crtbegin.o
                [!provide]                        PROVIDE (__fini_array_end = .)
                0x0000000008005920                . = ALIGN (0x8)
 *fill*         0x000000000800591c        0x4 
                0x0000000008005920                _sidata = LOADADDR (.data)

.data           0x0000000020000000      0x1d8 load address 0x0000000008005920
                0x0000000020000000                . = ALIGN (0x8)
                0x0000000020000000                _sdata = .
 *(.data)
 *(.data*)
 .data.SystemCoreClock
                0x0000000020000000        0x4 ./Src/system_stm32l4xx.o
                0x0000000020000000                SystemCoreClock
 .data.LineCoding
                0x0000000020000004        0x8 ./Src/usbd_cdc_if.o
                0x0000000020000004                LineCoding
 .data.USBD_Interface_fops_FS
                0x000000002000000c       0x10 ./Src/usbd_cdc_if.o
                0x000000002000000c                USBD_Interface_fops_FS
 .data.FS_Desc  0x000000002000001c       0x20 ./Src/usbd_desc.o
                0x000000002000001c                FS_Desc
 .data.USBD_FS_BOSDesc
                0x000000002000003c        0xc ./Src/usbd_desc.o
                0x000000002000003c                USBD_FS_BOSDesc
 .data.USBD_FS_DeviceDesc
                0x0000000020000048       0x12 ./Src/usbd_desc.o
                0x0000000020000048                USBD_FS_DeviceDesc
 *fill*         0x000000002000005a        0x2 
 .data.USBD_LangIDDesc
                0x000000002000005c        0x4 ./Src/usbd_desc.o
                0x000000002000005c                USBD_LangIDDesc
 .data.USBD_CDC
                0x0000000020000060       0x38 ./Middlewares/ST/STM32_USB_Device_Library/Class/CDC/Src/usbd_cdc.o
                0x0000000020000060                USBD_CDC
 .data.USBD_CDC_CfgFSDesc
                0x0000000020000098       0x43 ./Middlewares/ST/STM32_USB_Device_Library/Class/CDC/Src/usbd_cdc.o
                0x0000000020000098                USBD_CDC_CfgFSDesc
 *fill*         0x00000000200000db        0x1 
 .data.USBD_CDC_CfgHSDesc
                0x00000000200000dc       0x43 ./Middlewares/ST/STM32_USB_Device_Library/Class/CDC/Src/usbd_cdc.o
                0x00000000200000dc                USBD_CDC_CfgHSDesc
 *fill*         0x000000002000011f        0x1 
 .data.USBD_CDC_DeviceQualifierDesc
                0x0000000020000120        0xa ./Middlewares/ST/STM32_USB_Device_Library/Class/CDC/Src/usbd_cdc.o
 *fill*         0x000000002000012a        0x2 
 .data.USBD_CDC_OtherSpeedCfgDesc
                0x000000002000012c       0x43 ./Middlewares/ST/STM32_USB_Device_Library/Class/CDC/Src/usbd_cdc.o
                0x000000002000012c                USBD_CDC_OtherSpeedCfgDesc
 *fill*         0x000000002000016f        0x1 
 .data._impure_ptr
                0x0000000020000170        0x4 /home/jacob/opt/xPacks/@gnu-mcu-eclipse/arm-none-eabi-gcc/7.3.1-1.1.1/.content/bin/../lib/gcc/arm-none-eabi/7.3.1/../../../../arm-none-eabi/lib/thumb/v7e-m/libg_nano.a(lib_a-impure.o)
                0x0000000020000170                _impure_ptr
 .data.impure_data
                0x0000000020000174       0x60 /home/jacob/opt/xPacks/@gnu-mcu-eclipse/arm-none-eabi-gcc/7.3.1-1.1.1/.content/bin/../lib/gcc/arm-none-eabi/7.3.1/../../../../arm-none-eabi/lib/thumb/v7e-m/libg_nano.a(lib_a-impure.o)
                0x00000000200001d8                . = ALIGN (0x8)
 *fill*         0x00000000200001d4        0x4 
                0x00000000200001d8                _edata = .

.tm_clone_table
                0x00000000200001d8        0x0 load address 0x0000000008005af8
 .tm_clone_table
                0x00000000200001d8        0x0 /home/jacob/opt/xPacks/@gnu-mcu-eclipse/arm-none-eabi-gcc/7.3.1-1.1.1/.content/bin/../lib/gcc/arm-none-eabi/7.3.1/thumb/v7e-m/crtbegin.o
 .tm_clone_table
                0x00000000200001d8        0x0 /home/jacob/opt/xPacks/@gnu-mcu-eclipse/arm-none-eabi-gcc/7.3.1-1.1.1/.content/bin/../lib/gcc/arm-none-eabi/7.3.1/thumb/v7e-m/crtend.o

.igot.plt       0x00000000200001d8        0x0 load address 0x0000000008005af8
 .igot.plt      0x00000000200001d8        0x0 /home/jacob/opt/xPacks/@gnu-mcu-eclipse/arm-none-eabi-gcc/7.3.1-1.1.1/.content/bin/../lib/gcc/arm-none-eabi/7.3.1/thumb/v7e-m/crtbegin.o
                0x00000000200001d8                . = ALIGN (0x4)

.bss            0x00000000200001d8     0x1488 load address 0x0000000008005af8
                0x00000000200001d8                _sbss = .
                0x00000000200001d8                __bss_start__ = _sbss
 *(.bss)
 *(.bss*)
 .bss.completed.6486
                0x00000000200001d8        0x1 /home/jacob/opt/xPacks/@gnu-mcu-eclipse/arm-none-eabi-gcc/7.3.1-1.1.1/.content/bin/../lib/gcc/arm-none-eabi/7.3.1/thumb/v7e-m/crtbegin.o
 *fill*         0x00000000200001d9        0x3 
 .bss.object.6491
                0x00000000200001dc       0x18 /home/jacob/opt/xPacks/@gnu-mcu-eclipse/arm-none-eabi-gcc/7.3.1-1.1.1/.content/bin/../lib/gcc/arm-none-eabi/7.3.1/thumb/v7e-m/crtbegin.o
 .bss.mem.9008  0x00000000200001f4      0x220 ./Src/usbd_conf.o
 .bss.cfgidx.8859
                0x0000000020000414        0x1 ./Middlewares/ST/STM32_USB_Device_Library/Core/Src/usbd_ctlreq.o
 *fill*         0x0000000020000415        0x3 
 .bss.__malloc_free_list
                0x0000000020000418        0x4 /home/jacob/opt/xPacks/@gnu-mcu-eclipse/arm-none-eabi-gcc/7.3.1-1.1.1/.content/bin/../lib/gcc/arm-none-eabi/7.3.1/../../../../arm-none-eabi/lib/thumb/v7e-m/libg_nano.a(lib_a-nano-mallocr.o)
                0x0000000020000418                __malloc_free_list
 .bss.__malloc_sbrk_start
                0x000000002000041c        0x4 /home/jacob/opt/xPacks/@gnu-mcu-eclipse/arm-none-eabi-gcc/7.3.1-1.1.1/.content/bin/../lib/gcc/arm-none-eabi/7.3.1/../../../../arm-none-eabi/lib/thumb/v7e-m/libg_nano.a(lib_a-nano-mallocr.o)
                0x000000002000041c                __malloc_sbrk_start
 .bss.heap_end.4102
                0x0000000020000420        0x4 /home/jacob/opt/xPacks/@gnu-mcu-eclipse/arm-none-eabi-gcc/7.3.1-1.1.1/.content/bin/../lib/gcc/arm-none-eabi/7.3.1/../../../../arm-none-eabi/lib/thumb/v7e-m/libnosys.a(sbrk.o)
 *(COMMON)
 COMMON         0x0000000020000424       0x64 ./Src/SX1211Driver.o
                0x0000000020000424                hspi1
 COMMON         0x0000000020000488       0xf0 ./Src/main.o
                0x0000000020000488                hspi2
                0x00000000200004ec                hi2c1
                0x0000000020000538                htim2
 COMMON         0x0000000020000578      0x29c ./Src/usb_device.o
                0x0000000020000578                hUsbDeviceFS
 COMMON         0x0000000020000814      0x7d0 ./Src/usbd_cdc_if.o
                0x0000000020000814                UserRxBufferFS
                0x0000000020000bfc                UserTxBufferFS
 COMMON         0x0000000020000fe4      0x474 ./Src/usbd_conf.o
                0x0000000020000fe4                hpcd_USB_FS
 COMMON         0x0000000020001458      0x200 ./Src/usbd_desc.o
                0x0000000020001458                USBD_StrDesc
 COMMON         0x0000000020001658        0x4 ./Drivers/STM32L4xx_HAL_Driver/Src/stm32l4xx_hal.o
                0x0000000020001658                uwTick
 COMMON         0x000000002000165c        0x4 /home/jacob/opt/xPacks/@gnu-mcu-eclipse/arm-none-eabi-gcc/7.3.1-1.1.1/.content/bin/../lib/gcc/arm-none-eabi/7.3.1/../../../../arm-none-eabi/lib/thumb/v7e-m/libg_nano.a(lib_a-reent.o)
                0x000000002000165c                errno
                0x0000000020001660                . = ALIGN (0x4)
                0x0000000020001660                _ebss = .
                0x0000000020001660                __bss_end__ = _ebss

._user_heap_stack
                0x0000000020001660      0x600 load address 0x0000000008005af8
                0x0000000020001660                . = ALIGN (0x8)
                0x0000000020001660                PROVIDE (end = .)
                [!provide]                        PROVIDE (_end = .)
                0x0000000020001860                . = (. + _Min_Heap_Size)
 *fill*         0x0000000020001660      0x200 
                0x0000000020001c60                . = (. + _Min_Stack_Size)
 *fill*         0x0000000020001860      0x400 
                0x0000000020001c60                . = ALIGN (0x8)

/DISCARD/
 libc.a(*)
 libm.a(*)
 libgcc.a(*)

.ARM.attributes
                0x0000000000000000       0x2a
 *(.ARM.attributes)
 .ARM.attributes
                0x0000000000000000       0x1e /home/jacob/opt/xPacks/@gnu-mcu-eclipse/arm-none-eabi-gcc/7.3.1-1.1.1/.content/bin/../lib/gcc/arm-none-eabi/7.3.1/thumb/v7e-m/crti.o
 .ARM.attributes
                0x000000000000001e       0x2e /home/jacob/opt/xPacks/@gnu-mcu-eclipse/arm-none-eabi-gcc/7.3.1-1.1.1/.content/bin/../lib/gcc/arm-none-eabi/7.3.1/thumb/v7e-m/crtbegin.o
 .ARM.attributes
                0x000000000000004c       0x21 ./startup/startup_stm32l433xx.o
 .ARM.attributes
                0x000000000000006d       0x33 ./Src/SX1211Driver.o
 .ARM.attributes
                0x00000000000000a0       0x33 ./Src/main.o
 .ARM.attributes
                0x00000000000000d3       0x33 ./Src/stm32l4xx_hal_msp.o
 .ARM.attributes
                0x0000000000000106       0x33 ./Src/stm32l4xx_it.o
 .ARM.attributes
                0x0000000000000139       0x33 ./Src/system_stm32l4xx.o
 .ARM.attributes
                0x000000000000016c       0x33 ./Src/usb_device.o
 .ARM.attributes
                0x000000000000019f       0x33 ./Src/usbd_cdc_if.o
 .ARM.attributes
                0x00000000000001d2       0x33 ./Src/usbd_conf.o
 .ARM.attributes
                0x0000000000000205       0x33 ./Src/usbd_desc.o
 .ARM.attributes
                0x0000000000000238       0x33 ./Middlewares/ST/STM32_USB_Device_Library/Core/Src/usbd_core.o
 .ARM.attributes
                0x000000000000026b       0x33 ./Middlewares/ST/STM32_USB_Device_Library/Core/Src/usbd_ctlreq.o
 .ARM.attributes
                0x000000000000029e       0x33 ./Middlewares/ST/STM32_USB_Device_Library/Core/Src/usbd_ioreq.o
 .ARM.attributes
                0x00000000000002d1       0x33 ./Middlewares/ST/STM32_USB_Device_Library/Class/CDC/Src/usbd_cdc.o
 .ARM.attributes
                0x0000000000000304       0x33 ./Drivers/STM32L4xx_HAL_Driver/Src/stm32l4xx_hal.o
 .ARM.attributes
                0x0000000000000337       0x33 ./Drivers/STM32L4xx_HAL_Driver/Src/stm32l4xx_hal_cortex.o
 .ARM.attributes
                0x000000000000036a       0x33 ./Drivers/STM32L4xx_HAL_Driver/Src/stm32l4xx_hal_gpio.o
 .ARM.attributes
                0x000000000000039d       0x33 ./Drivers/STM32L4xx_HAL_Driver/Src/stm32l4xx_hal_i2c.o
 .ARM.attributes
                0x00000000000003d0       0x33 ./Drivers/STM32L4xx_HAL_Driver/Src/stm32l4xx_hal_i2c_ex.o
 .ARM.attributes
                0x0000000000000403       0x33 ./Drivers/STM32L4xx_HAL_Driver/Src/stm32l4xx_hal_pcd.o
 .ARM.attributes
                0x0000000000000436       0x33 ./Drivers/STM32L4xx_HAL_Driver/Src/stm32l4xx_hal_pcd_ex.o
 .ARM.attributes
                0x0000000000000469       0x33 ./Drivers/STM32L4xx_HAL_Driver/Src/stm32l4xx_hal_pwr_ex.o
 .ARM.attributes
                0x000000000000049c       0x33 ./Drivers/STM32L4xx_HAL_Driver/Src/stm32l4xx_hal_rcc.o
 .ARM.attributes
                0x00000000000004cf       0x33 ./Drivers/STM32L4xx_HAL_Driver/Src/stm32l4xx_hal_rcc_ex.o
 .ARM.attributes
                0x0000000000000502       0x33 ./Drivers/STM32L4xx_HAL_Driver/Src/stm32l4xx_hal_spi.o
 .ARM.attributes
                0x0000000000000535       0x33 ./Drivers/STM32L4xx_HAL_Driver/Src/stm32l4xx_hal_tim.o
 .ARM.attributes
                0x0000000000000568       0x33 ./Drivers/STM32L4xx_HAL_Driver/Src/stm32l4xx_hal_tim_ex.o
 .ARM.attributes
                0x000000000000059b       0x33 ./Drivers/STM32L4xx_HAL_Driver/Src/stm32l4xx_ll_usb.o
 .ARM.attributes
                0x00000000000005ce       0x2e /home/jacob/opt/xPacks/@gnu-mcu-eclipse/arm-none-eabi-gcc/7.3.1-1.1.1/.content/bin/../lib/gcc/arm-none-eabi/7.3.1/../../../../arm-none-eabi/lib/thumb/v7e-m/libg_nano.a(lib_a-impure.o)
 .ARM.attributes
                0x00000000000005fc       0x2e /home/jacob/opt/xPacks/@gnu-mcu-eclipse/arm-none-eabi-gcc/7.3.1-1.1.1/.content/bin/../lib/gcc/arm-none-eabi/7.3.1/../../../../arm-none-eabi/lib/thumb/v7e-m/libg_nano.a(lib_a-init.o)
 .ARM.attributes
                0x000000000000062a       0x2e /home/jacob/opt/xPacks/@gnu-mcu-eclipse/arm-none-eabi-gcc/7.3.1-1.1.1/.content/bin/../lib/gcc/arm-none-eabi/7.3.1/../../../../arm-none-eabi/lib/thumb/v7e-m/libg_nano.a(lib_a-memcpy-stub.o)
 .ARM.attributes
                0x0000000000000658       0x2e /home/jacob/opt/xPacks/@gnu-mcu-eclipse/arm-none-eabi-gcc/7.3.1-1.1.1/.content/bin/../lib/gcc/arm-none-eabi/7.3.1/../../../../arm-none-eabi/lib/thumb/v7e-m/libg_nano.a(lib_a-memset.o)
 .ARM.attributes
                0x0000000000000686       0x2e /home/jacob/opt/xPacks/@gnu-mcu-eclipse/arm-none-eabi-gcc/7.3.1-1.1.1/.content/bin/../lib/gcc/arm-none-eabi/7.3.1/../../../../arm-none-eabi/lib/thumb/v7e-m/libg_nano.a(lib_a-sprintf.o)
 .ARM.attributes
                0x00000000000006b4       0x17 /home/jacob/opt/xPacks/@gnu-mcu-eclipse/arm-none-eabi-gcc/7.3.1-1.1.1/.content/bin/../lib/gcc/arm-none-eabi/7.3.1/../../../../arm-none-eabi/lib/thumb/v7e-m/libg_nano.a(lib_a-strlen.o)
 .ARM.attributes
                0x00000000000006cb       0x2e /home/jacob/opt/xPacks/@gnu-mcu-eclipse/arm-none-eabi-gcc/7.3.1-1.1.1/.content/bin/../lib/gcc/arm-none-eabi/7.3.1/../../../../arm-none-eabi/lib/thumb/v7e-m/libg_nano.a(lib_a-nano-svfprintf.o)
 .ARM.attributes
                0x00000000000006f9       0x2e /home/jacob/opt/xPacks/@gnu-mcu-eclipse/arm-none-eabi-gcc/7.3.1-1.1.1/.content/bin/../lib/gcc/arm-none-eabi/7.3.1/../../../../arm-none-eabi/lib/thumb/v7e-m/libg_nano.a(lib_a-nano-vfprintf_i.o)
 .ARM.attributes
                0x0000000000000727       0x1c /home/jacob/opt/xPacks/@gnu-mcu-eclipse/arm-none-eabi-gcc/7.3.1-1.1.1/.content/bin/../lib/gcc/arm-none-eabi/7.3.1/../../../../arm-none-eabi/lib/thumb/v7e-m/libg_nano.a(lib_a-memchr.o)
 .ARM.attributes
                0x0000000000000743       0x2e /home/jacob/opt/xPacks/@gnu-mcu-eclipse/arm-none-eabi-gcc/7.3.1-1.1.1/.content/bin/../lib/gcc/arm-none-eabi/7.3.1/../../../../arm-none-eabi/lib/thumb/v7e-m/libg_nano.a(lib_a-memmove.o)
 .ARM.attributes
                0x0000000000000771       0x2e /home/jacob/opt/xPacks/@gnu-mcu-eclipse/arm-none-eabi-gcc/7.3.1-1.1.1/.content/bin/../lib/gcc/arm-none-eabi/7.3.1/../../../../arm-none-eabi/lib/thumb/v7e-m/libg_nano.a(lib_a-nano-freer.o)
 .ARM.attributes
                0x000000000000079f       0x2e /home/jacob/opt/xPacks/@gnu-mcu-eclipse/arm-none-eabi-gcc/7.3.1-1.1.1/.content/bin/../lib/gcc/arm-none-eabi/7.3.1/../../../../arm-none-eabi/lib/thumb/v7e-m/libg_nano.a(lib_a-nano-mallocr.o)
 .ARM.attributes
                0x00000000000007cd       0x2e /home/jacob/opt/xPacks/@gnu-mcu-eclipse/arm-none-eabi-gcc/7.3.1-1.1.1/.content/bin/../lib/gcc/arm-none-eabi/7.3.1/../../../../arm-none-eabi/lib/thumb/v7e-m/libg_nano.a(lib_a-nano-reallocr.o)
 .ARM.attributes
                0x00000000000007fb       0x2e /home/jacob/opt/xPacks/@gnu-mcu-eclipse/arm-none-eabi-gcc/7.3.1-1.1.1/.content/bin/../lib/gcc/arm-none-eabi/7.3.1/../../../../arm-none-eabi/lib/thumb/v7e-m/libg_nano.a(lib_a-sbrkr.o)
 .ARM.attributes
                0x0000000000000829       0x2e /home/jacob/opt/xPacks/@gnu-mcu-eclipse/arm-none-eabi-gcc/7.3.1-1.1.1/.content/bin/../lib/gcc/arm-none-eabi/7.3.1/../../../../arm-none-eabi/lib/thumb/v7e-m/libg_nano.a(lib_a-mlock.o)
 .ARM.attributes
                0x0000000000000857       0x2e /home/jacob/opt/xPacks/@gnu-mcu-eclipse/arm-none-eabi-gcc/7.3.1-1.1.1/.content/bin/../lib/gcc/arm-none-eabi/7.3.1/../../../../arm-none-eabi/lib/thumb/v7e-m/libg_nano.a(lib_a-nano-msizer.o)
 .ARM.attributes
                0x0000000000000885       0x2e /home/jacob/opt/xPacks/@gnu-mcu-eclipse/arm-none-eabi-gcc/7.3.1-1.1.1/.content/bin/../lib/gcc/arm-none-eabi/7.3.1/../../../../arm-none-eabi/lib/thumb/v7e-m/libg_nano.a(lib_a-reent.o)
 .ARM.attributes
                0x00000000000008b3       0x2e /home/jacob/opt/xPacks/@gnu-mcu-eclipse/arm-none-eabi-gcc/7.3.1-1.1.1/.content/bin/../lib/gcc/arm-none-eabi/7.3.1/../../../../arm-none-eabi/lib/thumb/v7e-m/libnosys.a(sbrk.o)
 .ARM.attributes
                0x00000000000008e1       0x2e /home/jacob/opt/xPacks/@gnu-mcu-eclipse/arm-none-eabi-gcc/7.3.1-1.1.1/.content/bin/../lib/gcc/arm-none-eabi/7.3.1/thumb/v7e-m/crtend.o
 .ARM.attributes
                0x000000000000090f       0x1e /home/jacob/opt/xPacks/@gnu-mcu-eclipse/arm-none-eabi-gcc/7.3.1-1.1.1/.content/bin/../lib/gcc/arm-none-eabi/7.3.1/thumb/v7e-m/crtn.o
OUTPUT(StoveControllerCPP.elf elf32-littlearm)

.debug_line     0x0000000000000000    0x126fa
 .debug_line    0x0000000000000000       0x7f ./startup/startup_stm32l433xx.o
 .debug_line    0x000000000000007f      0x5ec ./Src/SX1211Driver.o
 .debug_line    0x000000000000066b      0xbc3 ./Src/main.o
 .debug_line    0x000000000000122e      0x6b3 ./Src/stm32l4xx_hal_msp.o
 .debug_line    0x00000000000018e1      0x688 ./Src/stm32l4xx_it.o
 .debug_line    0x0000000000001f69      0x27b ./Src/system_stm32l4xx.o
 .debug_line    0x00000000000021e4      0xa86 ./Src/usb_device.o
 .debug_line    0x0000000000002c6a      0xa93 ./Src/usbd_cdc_if.o
 .debug_line    0x00000000000036fd      0xd16 ./Src/usbd_conf.o
 .debug_line    0x0000000000004413      0xa32 ./Src/usbd_desc.o
 .debug_line    0x0000000000004e45      0xbe8 ./Middlewares/ST/STM32_USB_Device_Library/Core/Src/usbd_core.o
 .debug_line    0x0000000000005a2d      0xcb3 ./Middlewares/ST/STM32_USB_Device_Library/Core/Src/usbd_ctlreq.o
 .debug_line    0x00000000000066e0      0xa37 ./Middlewares/ST/STM32_USB_Device_Library/Core/Src/usbd_ioreq.o
 .debug_line    0x0000000000007117      0xc10 ./Middlewares/ST/STM32_USB_Device_Library/Class/CDC/Src/usbd_cdc.o
 .debug_line    0x0000000000007d27      0x84c ./Drivers/STM32L4xx_HAL_Driver/Src/stm32l4xx_hal.o
 .debug_line    0x0000000000008573      0x823 ./Drivers/STM32L4xx_HAL_Driver/Src/stm32l4xx_hal_cortex.o
 .debug_line    0x0000000000008d96      0x758 ./Drivers/STM32L4xx_HAL_Driver/Src/stm32l4xx_hal_gpio.o
 .debug_line    0x00000000000094ee     0x1a30 ./Drivers/STM32L4xx_HAL_Driver/Src/stm32l4xx_hal_i2c.o
 .debug_line    0x000000000000af1e      0x739 ./Drivers/STM32L4xx_HAL_Driver/Src/stm32l4xx_hal_i2c_ex.o
 .debug_line    0x000000000000b657      0xad6 ./Drivers/STM32L4xx_HAL_Driver/Src/stm32l4xx_hal_pcd.o
 .debug_line    0x000000000000c12d      0x6b6 ./Drivers/STM32L4xx_HAL_Driver/Src/stm32l4xx_hal_pcd_ex.o
 .debug_line    0x000000000000c7e3      0x9da ./Drivers/STM32L4xx_HAL_Driver/Src/stm32l4xx_hal_pwr_ex.o
 .debug_line    0x000000000000d1bd      0x96f ./Drivers/STM32L4xx_HAL_Driver/Src/stm32l4xx_hal_rcc.o
 .debug_line    0x000000000000db2c      0xbbd ./Drivers/STM32L4xx_HAL_Driver/Src/stm32l4xx_hal_rcc_ex.o
 .debug_line    0x000000000000e6e9     0x113b ./Drivers/STM32L4xx_HAL_Driver/Src/stm32l4xx_hal_spi.o
 .debug_line    0x000000000000f824     0x17da ./Drivers/STM32L4xx_HAL_Driver/Src/stm32l4xx_hal_tim.o
 .debug_line    0x0000000000010ffe      0xcd9 ./Drivers/STM32L4xx_HAL_Driver/Src/stm32l4xx_hal_tim_ex.o
 .debug_line    0x0000000000011cd7      0xa23 ./Drivers/STM32L4xx_HAL_Driver/Src/stm32l4xx_ll_usb.o

.debug_info     0x0000000000000000    0x228ad
 .debug_info    0x0000000000000000       0x22 ./startup/startup_stm32l433xx.o
 .debug_info    0x0000000000000022      0x5cc ./Src/SX1211Driver.o
 .debug_info    0x00000000000005ee     0x2e4c ./Src/main.o
 .debug_info    0x000000000000343a     0x13f7 ./Src/stm32l4xx_hal_msp.o
 .debug_info    0x0000000000004831      0x6de ./Src/stm32l4xx_it.o
 .debug_info    0x0000000000004f0f      0x5a6 ./Src/system_stm32l4xx.o
 .debug_info    0x00000000000054b5     0x1480 ./Src/usb_device.o
 .debug_info    0x0000000000006935     0x1165 ./Src/usbd_cdc_if.o
 .debug_info    0x0000000000007a9a     0x246d ./Src/usbd_conf.o
 .debug_info    0x0000000000009f07      0xe03 ./Src/usbd_desc.o
 .debug_info    0x000000000000ad0a     0x1570 ./Middlewares/ST/STM32_USB_Device_Library/Core/Src/usbd_core.o
 .debug_info    0x000000000000c27a     0x181e ./Middlewares/ST/STM32_USB_Device_Library/Core/Src/usbd_ctlreq.o
 .debug_info    0x000000000000da98     0x103e ./Middlewares/ST/STM32_USB_Device_Library/Core/Src/usbd_ioreq.o
 .debug_info    0x000000000000ead6     0x1b40 ./Middlewares/ST/STM32_USB_Device_Library/Class/CDC/Src/usbd_cdc.o
 .debug_info    0x0000000000010616      0xa79 ./Drivers/STM32L4xx_HAL_Driver/Src/stm32l4xx_hal.o
 .debug_info    0x000000000001108f      0xef3 ./Drivers/STM32L4xx_HAL_Driver/Src/stm32l4xx_hal_cortex.o
 .debug_info    0x0000000000011f82      0x830 ./Drivers/STM32L4xx_HAL_Driver/Src/stm32l4xx_hal_gpio.o
 .debug_info    0x00000000000127b2     0x3888 ./Drivers/STM32L4xx_HAL_Driver/Src/stm32l4xx_hal_i2c.o
 .debug_info    0x000000000001603a      0xa21 ./Drivers/STM32L4xx_HAL_Driver/Src/stm32l4xx_hal_i2c_ex.o
 .debug_info    0x0000000000016a5b     0x1381 ./Drivers/STM32L4xx_HAL_Driver/Src/stm32l4xx_hal_pcd.o
 .debug_info    0x0000000000017ddc      0x990 ./Drivers/STM32L4xx_HAL_Driver/Src/stm32l4xx_hal_pcd_ex.o
 .debug_info    0x000000000001876c      0xa64 ./Drivers/STM32L4xx_HAL_Driver/Src/stm32l4xx_hal_pwr_ex.o
 .debug_info    0x00000000000191d0      0xdbc ./Drivers/STM32L4xx_HAL_Driver/Src/stm32l4xx_hal_rcc.o
 .debug_info    0x0000000000019f8c     0x1152 ./Drivers/STM32L4xx_HAL_Driver/Src/stm32l4xx_hal_rcc_ex.o
 .debug_info    0x000000000001b0de     0x1db5 ./Drivers/STM32L4xx_HAL_Driver/Src/stm32l4xx_hal_spi.o
 .debug_info    0x000000000001ce93     0x2f96 ./Drivers/STM32L4xx_HAL_Driver/Src/stm32l4xx_hal_tim.o
 .debug_info    0x000000000001fe29     0x14f1 ./Drivers/STM32L4xx_HAL_Driver/Src/stm32l4xx_hal_tim_ex.o
 .debug_info    0x000000000002131a     0x1593 ./Drivers/STM32L4xx_HAL_Driver/Src/stm32l4xx_ll_usb.o

.debug_abbrev   0x0000000000000000     0x3e34
 .debug_abbrev  0x0000000000000000       0x12 ./startup/startup_stm32l433xx.o
 .debug_abbrev  0x0000000000000012      0x135 ./Src/SX1211Driver.o
 .debug_abbrev  0x0000000000000147      0x38f ./Src/main.o
 .debug_abbrev  0x00000000000004d6      0x233 ./Src/stm32l4xx_hal_msp.o
 .debug_abbrev  0x0000000000000709      0x166 ./Src/stm32l4xx_it.o
 .debug_abbrev  0x000000000000086f      0x134 ./Src/system_stm32l4xx.o
 .debug_abbrev  0x00000000000009a3      0x267 ./Src/usb_device.o
 .debug_abbrev  0x0000000000000c0a      0x2e7 ./Src/usbd_cdc_if.o
 .debug_abbrev  0x0000000000000ef1      0x336 ./Src/usbd_conf.o
 .debug_abbrev  0x0000000000001227      0x260 ./Src/usbd_desc.o
 .debug_abbrev  0x0000000000001487      0x2bb ./Middlewares/ST/STM32_USB_Device_Library/Core/Src/usbd_core.o
 .debug_abbrev  0x0000000000001742      0x329 ./Middlewares/ST/STM32_USB_Device_Library/Core/Src/usbd_ctlreq.o
 .debug_abbrev  0x0000000000001a6b      0x224 ./Middlewares/ST/STM32_USB_Device_Library/Core/Src/usbd_ioreq.o
 .debug_abbrev  0x0000000000001c8f      0x32c ./Middlewares/ST/STM32_USB_Device_Library/Class/CDC/Src/usbd_cdc.o
 .debug_abbrev  0x0000000000001fbb      0x1fc ./Drivers/STM32L4xx_HAL_Driver/Src/stm32l4xx_hal.o
 .debug_abbrev  0x00000000000021b7      0x2fa ./Drivers/STM32L4xx_HAL_Driver/Src/stm32l4xx_hal_cortex.o
 .debug_abbrev  0x00000000000024b1      0x1de ./Drivers/STM32L4xx_HAL_Driver/Src/stm32l4xx_hal_gpio.o
 .debug_abbrev  0x000000000000268f      0x25d ./Drivers/STM32L4xx_HAL_Driver/Src/stm32l4xx_hal_i2c.o
 .debug_abbrev  0x00000000000028ec      0x1b9 ./Drivers/STM32L4xx_HAL_Driver/Src/stm32l4xx_hal_i2c_ex.o
 .debug_abbrev  0x0000000000002aa5      0x27c ./Drivers/STM32L4xx_HAL_Driver/Src/stm32l4xx_hal_pcd.o
 .debug_abbrev  0x0000000000002d21      0x1d9 ./Drivers/STM32L4xx_HAL_Driver/Src/stm32l4xx_hal_pcd_ex.o
 .debug_abbrev  0x0000000000002efa      0x1fc ./Drivers/STM32L4xx_HAL_Driver/Src/stm32l4xx_hal_pwr_ex.o
 .debug_abbrev  0x00000000000030f6      0x22c ./Drivers/STM32L4xx_HAL_Driver/Src/stm32l4xx_hal_rcc.o
 .debug_abbrev  0x0000000000003322      0x24c ./Drivers/STM32L4xx_HAL_Driver/Src/stm32l4xx_hal_rcc_ex.o
 .debug_abbrev  0x000000000000356e      0x238 ./Drivers/STM32L4xx_HAL_Driver/Src/stm32l4xx_hal_spi.o
 .debug_abbrev  0x00000000000037a6      0x21b ./Drivers/STM32L4xx_HAL_Driver/Src/stm32l4xx_hal_tim.o
 .debug_abbrev  0x00000000000039c1      0x246 ./Drivers/STM32L4xx_HAL_Driver/Src/stm32l4xx_hal_tim_ex.o
 .debug_abbrev  0x0000000000003c07      0x22d ./Drivers/STM32L4xx_HAL_Driver/Src/stm32l4xx_ll_usb.o

.debug_aranges  0x0000000000000000     0x1630
 .debug_aranges
                0x0000000000000000       0x28 ./startup/startup_stm32l433xx.o
 .debug_aranges
                0x0000000000000028       0x18 ./Src/SX1211Driver.o
 .debug_aranges
                0x0000000000000040       0x60 ./Src/main.o
 .debug_aranges
                0x00000000000000a0       0x58 ./Src/stm32l4xx_hal_msp.o
 .debug_aranges
                0x00000000000000f8       0x68 ./Src/stm32l4xx_it.o
 .debug_aranges
                0x0000000000000160       0x28 ./Src/system_stm32l4xx.o
 .debug_aranges
                0x0000000000000188       0x28 ./Src/usb_device.o
 .debug_aranges
                0x00000000000001b0       0x40 ./Src/usbd_cdc_if.o
 .debug_aranges
                0x00000000000001f0      0x128 ./Src/usbd_conf.o
 .debug_aranges
                0x0000000000000318       0x58 ./Src/usbd_desc.o
 .debug_aranges
                0x0000000000000370       0xb8 ./Middlewares/ST/STM32_USB_Device_Library/Core/Src/usbd_core.o
 .debug_aranges
                0x0000000000000428       0x88 ./Middlewares/ST/STM32_USB_Device_Library/Core/Src/usbd_ctlreq.o
 .debug_aranges
                0x00000000000004b0       0x50 ./Middlewares/ST/STM32_USB_Device_Library/Core/Src/usbd_ioreq.o
 .debug_aranges
                0x0000000000000500       0x90 ./Middlewares/ST/STM32_USB_Device_Library/Class/CDC/Src/usbd_cdc.o
 .debug_aranges
                0x0000000000000590      0x118 ./Drivers/STM32L4xx_HAL_Driver/Src/stm32l4xx_hal.o
 .debug_aranges
                0x00000000000006a8       0xa8 ./Drivers/STM32L4xx_HAL_Driver/Src/stm32l4xx_hal_cortex.o
 .debug_aranges
                0x0000000000000750       0x58 ./Drivers/STM32L4xx_HAL_Driver/Src/stm32l4xx_hal_gpio.o
 .debug_aranges
                0x00000000000007a8      0x288 ./Drivers/STM32L4xx_HAL_Driver/Src/stm32l4xx_hal_i2c.o
 .debug_aranges
                0x0000000000000a30       0x48 ./Drivers/STM32L4xx_HAL_Driver/Src/stm32l4xx_hal_i2c_ex.o
 .debug_aranges
                0x0000000000000a78      0x120 ./Drivers/STM32L4xx_HAL_Driver/Src/stm32l4xx_hal_pcd.o
 .debug_aranges
                0x0000000000000b98       0x58 ./Drivers/STM32L4xx_HAL_Driver/Src/stm32l4xx_hal_pcd_ex.o
 .debug_aranges
                0x0000000000000bf0      0x120 ./Drivers/STM32L4xx_HAL_Driver/Src/stm32l4xx_hal_pwr_ex.o
 .debug_aranges
                0x0000000000000d10       0x88 ./Drivers/STM32L4xx_HAL_Driver/Src/stm32l4xx_hal_rcc.o
 .debug_aranges
                0x0000000000000d98       0xf0 ./Drivers/STM32L4xx_HAL_Driver/Src/stm32l4xx_hal_rcc_ex.o
 .debug_aranges
                0x0000000000000e88      0x1d8 ./Drivers/STM32L4xx_HAL_Driver/Src/stm32l4xx_hal_spi.o
 .debug_aranges
                0x0000000000001060      0x378 ./Drivers/STM32L4xx_HAL_Driver/Src/stm32l4xx_hal_tim.o
 .debug_aranges
                0x00000000000013d8      0x158 ./Drivers/STM32L4xx_HAL_Driver/Src/stm32l4xx_hal_tim_ex.o
 .debug_aranges
                0x0000000000001530      0x100 ./Drivers/STM32L4xx_HAL_Driver/Src/stm32l4xx_ll_usb.o

.debug_str      0x0000000000000000    0xd642b
 .debug_str     0x0000000000000000       0x7c ./startup/startup_stm32l433xx.o
 .debug_str     0x000000000000007c    0xca9fe ./Src/SX1211Driver.o
                                      0xcad72 (size before relaxing)
 .debug_str     0x00000000000caa7a     0x637a ./Src/main.o
                                      0xcf91c (size before relaxing)
 .debug_str     0x00000000000d0df4       0xdd ./Src/stm32l4xx_hal_msp.o
                                      0xc9dee (size before relaxing)
 .debug_str     0x00000000000d0ed1      0x3b5 ./Src/stm32l4xx_it.o
                                      0xc92e3 (size before relaxing)
 .debug_str     0x00000000000d1286      0x102 ./Src/system_stm32l4xx.o
                                      0x82f62 (size before relaxing)
 .debug_str     0x00000000000d1388      0x175 ./Src/usb_device.o
                                      0xce75d (size before relaxing)
 .debug_str     0x00000000000d14fd      0x1c3 ./Src/usbd_cdc_if.o
                                      0xce436 (size before relaxing)
 .debug_str     0x00000000000d16c0      0x52b ./Src/usbd_conf.o
                                      0xcf0dc (size before relaxing)
 .debug_str     0x00000000000d1beb      0x270 ./Src/usbd_desc.o
                                      0xcdf0f (size before relaxing)
 .debug_str     0x00000000000d1e5b      0x148 ./Middlewares/ST/STM32_USB_Device_Library/Core/Src/usbd_core.o
                                      0xce1f7 (size before relaxing)
 .debug_str     0x00000000000d1fa3       0xe5 ./Middlewares/ST/STM32_USB_Device_Library/Core/Src/usbd_ctlreq.o
                                      0xce111 (size before relaxing)
 .debug_str     0x00000000000d2088       0x63 ./Middlewares/ST/STM32_USB_Device_Library/Core/Src/usbd_ioreq.o
                                      0xce03e (size before relaxing)
 .debug_str     0x00000000000d20eb      0x192 ./Middlewares/ST/STM32_USB_Device_Library/Class/CDC/Src/usbd_cdc.o
                                      0xce8e7 (size before relaxing)
 .debug_str     0x00000000000d227d      0x552 ./Drivers/STM32L4xx_HAL_Driver/Src/stm32l4xx_hal.o
                                      0xc9a7d (size before relaxing)
 .debug_str     0x00000000000d27cf      0x30f ./Drivers/STM32L4xx_HAL_Driver/Src/stm32l4xx_hal_cortex.o
                                      0xc97d6 (size before relaxing)
 .debug_str     0x00000000000d2ade      0x1ec ./Drivers/STM32L4xx_HAL_Driver/Src/stm32l4xx_hal_gpio.o
                                      0xc92d6 (size before relaxing)
 .debug_str     0x00000000000d2cca      0xe33 ./Drivers/STM32L4xx_HAL_Driver/Src/stm32l4xx_hal_i2c.o
                                      0xca1b7 (size before relaxing)
 .debug_str     0x00000000000d3afd       0xb8 ./Drivers/STM32L4xx_HAL_Driver/Src/stm32l4xx_hal_i2c_ex.o
                                      0xc959c (size before relaxing)
 .debug_str     0x00000000000d3bb5      0x2f7 ./Drivers/STM32L4xx_HAL_Driver/Src/stm32l4xx_hal_pcd.o
                                      0xc97fe (size before relaxing)
 .debug_str     0x00000000000d3eac       0x91 ./Drivers/STM32L4xx_HAL_Driver/Src/stm32l4xx_hal_pcd_ex.o
                                      0xc9429 (size before relaxing)
 .debug_str     0x00000000000d3f3d      0x433 ./Drivers/STM32L4xx_HAL_Driver/Src/stm32l4xx_hal_pwr_ex.o
                                      0xc9503 (size before relaxing)
 .debug_str     0x00000000000d4370      0x345 ./Drivers/STM32L4xx_HAL_Driver/Src/stm32l4xx_hal_rcc.o
                                      0xc960e (size before relaxing)
 .debug_str     0x00000000000d46b5      0x52e ./Drivers/STM32L4xx_HAL_Driver/Src/stm32l4xx_hal_rcc_ex.o
                                      0xc991c (size before relaxing)
 .debug_str     0x00000000000d4be3      0x548 ./Drivers/STM32L4xx_HAL_Driver/Src/stm32l4xx_hal_spi.o
                                      0xc985e (size before relaxing)
 .debug_str     0x00000000000d512b      0xc00 ./Drivers/STM32L4xx_HAL_Driver/Src/stm32l4xx_hal_tim.o
                                      0xca0a4 (size before relaxing)
 .debug_str     0x00000000000d5d2b      0x585 ./Drivers/STM32L4xx_HAL_Driver/Src/stm32l4xx_hal_tim_ex.o
                                      0xc9a6f (size before relaxing)
 .debug_str     0x00000000000d62b0      0x17b ./Drivers/STM32L4xx_HAL_Driver/Src/stm32l4xx_ll_usb.o
                                      0xc93f0 (size before relaxing)

.debug_ranges   0x0000000000000000     0x1668
 .debug_ranges  0x0000000000000000       0x20 ./startup/startup_stm32l433xx.o
 .debug_ranges  0x0000000000000020       0x68 ./Src/main.o
 .debug_ranges  0x0000000000000088       0x48 ./Src/stm32l4xx_hal_msp.o
 .debug_ranges  0x00000000000000d0       0x58 ./Src/stm32l4xx_it.o
 .debug_ranges  0x0000000000000128       0x18 ./Src/system_stm32l4xx.o
 .debug_ranges  0x0000000000000140       0x18 ./Src/usb_device.o
 .debug_ranges  0x0000000000000158       0x30 ./Src/usbd_cdc_if.o
 .debug_ranges  0x0000000000000188      0x118 ./Src/usbd_conf.o
 .debug_ranges  0x00000000000002a0       0x48 ./Src/usbd_desc.o
 .debug_ranges  0x00000000000002e8       0xa8 ./Middlewares/ST/STM32_USB_Device_Library/Core/Src/usbd_core.o
 .debug_ranges  0x0000000000000390       0x78 ./Middlewares/ST/STM32_USB_Device_Library/Core/Src/usbd_ctlreq.o
 .debug_ranges  0x0000000000000408       0x40 ./Middlewares/ST/STM32_USB_Device_Library/Core/Src/usbd_ioreq.o
 .debug_ranges  0x0000000000000448       0x80 ./Middlewares/ST/STM32_USB_Device_Library/Class/CDC/Src/usbd_cdc.o
 .debug_ranges  0x00000000000004c8      0x108 ./Drivers/STM32L4xx_HAL_Driver/Src/stm32l4xx_hal.o
 .debug_ranges  0x00000000000005d0       0xf8 ./Drivers/STM32L4xx_HAL_Driver/Src/stm32l4xx_hal_cortex.o
 .debug_ranges  0x00000000000006c8       0x48 ./Drivers/STM32L4xx_HAL_Driver/Src/stm32l4xx_hal_gpio.o
 .debug_ranges  0x0000000000000710      0x278 ./Drivers/STM32L4xx_HAL_Driver/Src/stm32l4xx_hal_i2c.o
 .debug_ranges  0x0000000000000988       0x38 ./Drivers/STM32L4xx_HAL_Driver/Src/stm32l4xx_hal_i2c_ex.o
 .debug_ranges  0x00000000000009c0      0x140 ./Drivers/STM32L4xx_HAL_Driver/Src/stm32l4xx_hal_pcd.o
 .debug_ranges  0x0000000000000b00       0x48 ./Drivers/STM32L4xx_HAL_Driver/Src/stm32l4xx_hal_pcd_ex.o
 .debug_ranges  0x0000000000000b48      0x110 ./Drivers/STM32L4xx_HAL_Driver/Src/stm32l4xx_hal_pwr_ex.o
 .debug_ranges  0x0000000000000c58       0x90 ./Drivers/STM32L4xx_HAL_Driver/Src/stm32l4xx_hal_rcc.o
 .debug_ranges  0x0000000000000ce8       0xf8 ./Drivers/STM32L4xx_HAL_Driver/Src/stm32l4xx_hal_rcc_ex.o
 .debug_ranges  0x0000000000000de0      0x1c8 ./Drivers/STM32L4xx_HAL_Driver/Src/stm32l4xx_hal_spi.o
 .debug_ranges  0x0000000000000fa8      0x368 ./Drivers/STM32L4xx_HAL_Driver/Src/stm32l4xx_hal_tim.o
 .debug_ranges  0x0000000000001310      0x148 ./Drivers/STM32L4xx_HAL_Driver/Src/stm32l4xx_hal_tim_ex.o
 .debug_ranges  0x0000000000001458      0x210 ./Drivers/STM32L4xx_HAL_Driver/Src/stm32l4xx_ll_usb.o

.debug_macro    0x0000000000000000    0x258e2
 .debug_macro   0x0000000000000000      0x1e4 ./Src/SX1211Driver.o
 .debug_macro   0x00000000000001e4      0xa4e ./Src/SX1211Driver.o
 .debug_macro   0x0000000000000c32       0x10 ./Src/SX1211Driver.o
 .debug_macro   0x0000000000000c42       0xba ./Src/SX1211Driver.o
 .debug_macro   0x0000000000000cfc       0x2e ./Src/SX1211Driver.o
 .debug_macro   0x0000000000000d2a       0x28 ./Src/SX1211Driver.o
 .debug_macro   0x0000000000000d52      0x34e ./Src/SX1211Driver.o
 .debug_macro   0x00000000000010a0       0x35 ./Src/SX1211Driver.o
 .debug_macro   0x00000000000010d5       0x50 ./Src/SX1211Driver.o
 .debug_macro   0x0000000000001125      0xe66 ./Src/SX1211Driver.o
 .debug_macro   0x0000000000001f8b    0x16106 ./Src/SX1211Driver.o
 .debug_macro   0x0000000000018091       0x43 ./Src/SX1211Driver.o
 .debug_macro   0x00000000000180d4     0x3788 ./Src/SX1211Driver.o
 .debug_macro   0x000000000001b85c      0x174 ./Src/SX1211Driver.o
 .debug_macro   0x000000000001b9d0       0x5e ./Src/SX1211Driver.o
 .debug_macro   0x000000000001ba2e     0x1375 ./Src/SX1211Driver.o
 .debug_macro   0x000000000001cda3      0x5d6 ./Src/SX1211Driver.o
 .debug_macro   0x000000000001d379      0x148 ./Src/SX1211Driver.o
 .debug_macro   0x000000000001d4c1      0x130 ./Src/SX1211Driver.o
 .debug_macro   0x000000000001d5f1      0x26b ./Src/SX1211Driver.o
 .debug_macro   0x000000000001d85c      0x23a ./Src/SX1211Driver.o
 .debug_macro   0x000000000001da96      0x367 ./Src/SX1211Driver.o
 .debug_macro   0x000000000001ddfd       0xe4 ./Src/SX1211Driver.o
 .debug_macro   0x000000000001dee1      0x22c ./Src/SX1211Driver.o
 .debug_macro   0x000000000001e10d       0x61 ./Src/SX1211Driver.o
 .debug_macro   0x000000000001e16e       0xa5 ./Src/SX1211Driver.o
 .debug_macro   0x000000000001e213      0x126 ./Src/SX1211Driver.o
 .debug_macro   0x000000000001e339      0x356 ./Src/SX1211Driver.o
 .debug_macro   0x000000000001e68f      0x2fe ./Src/SX1211Driver.o
 .debug_macro   0x000000000001e98d      0x9f7 ./Src/SX1211Driver.o
 .debug_macro   0x000000000001f384      0x135 ./Src/SX1211Driver.o
 .debug_macro   0x000000000001f4b9       0x57 ./Src/SX1211Driver.o
 .debug_macro   0x000000000001f510      0x250 ./Src/SX1211Driver.o
 .debug_macro   0x000000000001f760      0x267 ./Src/SX1211Driver.o
 .debug_macro   0x000000000001f9c7      0x838 ./Src/SX1211Driver.o