Archive member included to satisfy reference by file (symbol)

/home/jacob/opt/xPacks/@gnu-mcu-eclipse/arm-none-eabi-gcc/7.3.1-1.1.1/.content/bin/../lib/gcc/arm-none-eabi/7.3.1/../../../../arm-none-eabi/lib/thumb/v7e-m/libg_nano.a(lib_a-exit.o)
                              /home/jacob/opt/xPacks/@gnu-mcu-eclipse/arm-none-eabi-gcc/7.3.1-1.1.1/.content/bin/../lib/gcc/arm-none-eabi/7.3.1/../../../../arm-none-eabi/lib/thumb/v7e-m/crt0.o (exit)
/home/jacob/opt/xPacks/@gnu-mcu-eclipse/arm-none-eabi-gcc/7.3.1-1.1.1/.content/bin/../lib/gcc/arm-none-eabi/7.3.1/../../../../arm-none-eabi/lib/thumb/v7e-m/libg_nano.a(lib_a-impure.o)
                              /home/jacob/opt/xPacks/@gnu-mcu-eclipse/arm-none-eabi-gcc/7.3.1-1.1.1/.content/bin/../lib/gcc/arm-none-eabi/7.3.1/../../../../arm-none-eabi/lib/thumb/v7e-m/libg_nano.a(lib_a-exit.o) (_global_impure_ptr)
/home/jacob/opt/xPacks/@gnu-mcu-eclipse/arm-none-eabi-gcc/7.3.1-1.1.1/.content/bin/../lib/gcc/arm-none-eabi/7.3.1/../../../../arm-none-eabi/lib/thumb/v7e-m/libg_nano.a(lib_a-init.o)
                              /home/jacob/opt/xPacks/@gnu-mcu-eclipse/arm-none-eabi-gcc/7.3.1-1.1.1/.content/bin/../lib/gcc/arm-none-eabi/7.3.1/../../../../arm-none-eabi/lib/thumb/v7e-m/crt0.o (__libc_init_array)
/home/jacob/opt/xPacks/@gnu-mcu-eclipse/arm-none-eabi-gcc/7.3.1-1.1.1/.content/bin/../lib/gcc/arm-none-eabi/7.3.1/../../../../arm-none-eabi/lib/thumb/v7e-m/libg_nano.a(lib_a-memcpy-stub.o)
                              ./Src/usb_device.o (memcpy)
/home/jacob/opt/xPacks/@gnu-mcu-eclipse/arm-none-eabi-gcc/7.3.1-1.1.1/.content/bin/../lib/gcc/arm-none-eabi/7.3.1/../../../../arm-none-eabi/lib/thumb/v7e-m/libg_nano.a(lib_a-memset.o)
                              /home/jacob/opt/xPacks/@gnu-mcu-eclipse/arm-none-eabi-gcc/7.3.1-1.1.1/.content/bin/../lib/gcc/arm-none-eabi/7.3.1/../../../../arm-none-eabi/lib/thumb/v7e-m/crt0.o (memset)
/home/jacob/opt/xPacks/@gnu-mcu-eclipse/arm-none-eabi-gcc/7.3.1-1.1.1/.content/bin/../lib/gcc/arm-none-eabi/7.3.1/../../../../arm-none-eabi/lib/thumb/v7e-m/libg_nano.a(lib_a-sprintf.o)
                              ./Src/main.o (sprintf)
/home/jacob/opt/xPacks/@gnu-mcu-eclipse/arm-none-eabi-gcc/7.3.1-1.1.1/.content/bin/../lib/gcc/arm-none-eabi/7.3.1/../../../../arm-none-eabi/lib/thumb/v7e-m/libg_nano.a(lib_a-strlen.o)
                              ./Src/main.o (strlen)
/home/jacob/opt/xPacks/@gnu-mcu-eclipse/arm-none-eabi-gcc/7.3.1-1.1.1/.content/bin/../lib/gcc/arm-none-eabi/7.3.1/../../../../arm-none-eabi/lib/thumb/v7e-m/libg_nano.a(lib_a-nano-svfprintf.o)
                              /home/jacob/opt/xPacks/@gnu-mcu-eclipse/arm-none-eabi-gcc/7.3.1-1.1.1/.content/bin/../lib/gcc/arm-none-eabi/7.3.1/../../../../arm-none-eabi/lib/thumb/v7e-m/libg_nano.a(lib_a-sprintf.o) (_svfprintf_r)
/home/jacob/opt/xPacks/@gnu-mcu-eclipse/arm-none-eabi-gcc/7.3.1-1.1.1/.content/bin/../lib/gcc/arm-none-eabi/7.3.1/../../../../arm-none-eabi/lib/thumb/v7e-m/libg_nano.a(lib_a-nano-vfprintf_i.o)
                              /home/jacob/opt/xPacks/@gnu-mcu-eclipse/arm-none-eabi-gcc/7.3.1-1.1.1/.content/bin/../lib/gcc/arm-none-eabi/7.3.1/../../../../arm-none-eabi/lib/thumb/v7e-m/libg_nano.a(lib_a-nano-svfprintf.o) (_printf_i)
/home/jacob/opt/xPacks/@gnu-mcu-eclipse/arm-none-eabi-gcc/7.3.1-1.1.1/.content/bin/../lib/gcc/arm-none-eabi/7.3.1/../../../../arm-none-eabi/lib/thumb/v7e-m/libg_nano.a(lib_a-memchr.o)
                              /home/jacob/opt/xPacks/@gnu-mcu-eclipse/arm-none-eabi-gcc/7.3.1-1.1.1/.content/bin/../lib/gcc/arm-none-eabi/7.3.1/../../../../arm-none-eabi/lib/thumb/v7e-m/libg_nano.a(lib_a-nano-svfprintf.o) (memchr)
/home/jacob/opt/xPacks/@gnu-mcu-eclipse/arm-none-eabi-gcc/7.3.1-1.1.1/.content/bin/../lib/gcc/arm-none-eabi/7.3.1/../../../../arm-none-eabi/lib/thumb/v7e-m/libg_nano.a(lib_a-memmove.o)
                              /home/jacob/opt/xPacks/@gnu-mcu-eclipse/arm-none-eabi-gcc/7.3.1-1.1.1/.content/bin/../lib/gcc/arm-none-eabi/7.3.1/../../../../arm-none-eabi/lib/thumb/v7e-m/libg_nano.a(lib_a-nano-svfprintf.o) (memmove)
/home/jacob/opt/xPacks/@gnu-mcu-eclipse/arm-none-eabi-gcc/7.3.1-1.1.1/.content/bin/../lib/gcc/arm-none-eabi/7.3.1/../../../../arm-none-eabi/lib/thumb/v7e-m/libg_nano.a(lib_a-nano-freer.o)
                              /home/jacob/opt/xPacks/@gnu-mcu-eclipse/arm-none-eabi-gcc/7.3.1-1.1.1/.content/bin/../lib/gcc/arm-none-eabi/7.3.1/../../../../arm-none-eabi/lib/thumb/v7e-m/libg_nano.a(lib_a-nano-svfprintf.o) (_free_r)
/home/jacob/opt/xPacks/@gnu-mcu-eclipse/arm-none-eabi-gcc/7.3.1-1.1.1/.content/bin/../lib/gcc/arm-none-eabi/7.3.1/../../../../arm-none-eabi/lib/thumb/v7e-m/libg_nano.a(lib_a-nano-mallocr.o)
                              /home/jacob/opt/xPacks/@gnu-mcu-eclipse/arm-none-eabi-gcc/7.3.1-1.1.1/.content/bin/../lib/gcc/arm-none-eabi/7.3.1/../../../../arm-none-eabi/lib/thumb/v7e-m/libg_nano.a(lib_a-nano-svfprintf.o) (_malloc_r)
[...]
Memory Configuration

Name             Origin             Length             Attributes
RAM              0x0000000020000000 0x0000000000010000 xrw
FLASH            0x0000000008000000 0x0000000000040000 xr
*default*        0x0000000000000000 0xffffffffffffffff

Linker script and memory map

LOAD /home/jacob/opt/xPacks/@gnu-mcu-eclipse/arm-none-eabi-gcc/7.3.1-1.1.1/.content/bin/../lib/gcc/arm-none-eabi/7.3.1/thumb/v7e-m/crti.o
LOAD /home/jacob/opt/xPacks/@gnu-mcu-eclipse/arm-none-eabi-gcc/7.3.1-1.1.1/.content/bin/../lib/gcc/arm-none-eabi/7.3.1/thumb/v7e-m/crtbegin.o
LOAD /home/jacob/opt/xPacks/@gnu-mcu-eclipse/arm-none-eabi-gcc/7.3.1-1.1.1/.content/bin/../lib/gcc/arm-none-eabi/7.3.1/../../../../arm-none-eabi/lib/thumb/v7e-m/crt0.o
LOAD ./startup/startup_stm32l433xx.o
LOAD ./Src/main.o
LOAD ./Src/stm32l4xx_hal_msp.o
LOAD ./Src/stm32l4xx_it.o
LOAD ./Src/system_stm32l4xx.o
LOAD ./Src/usb_device.o
LOAD ./Src/usbd_cdc_if.o
LOAD ./Src/usbd_conf.o
LOAD ./Src/usbd_desc.o
LOAD ./Middlewares/ST/STM32_USB_Device_Library/Core/Src/usbd_core.o
LOAD ./Middlewares/ST/STM32_USB_Device_Library/Core/Src/usbd_ctlreq.o
LOAD ./Middlewares/ST/STM32_USB_Device_Library/Core/Src/usbd_ioreq.o
LOAD ./Middlewares/ST/STM32_USB_Device_Library/Class/CDC/Src/usbd_cdc.o
LOAD ./Drivers/STM32L4xx_HAL_Driver/Src/stm32l4xx_hal.o
LOAD ./Drivers/STM32L4xx_HAL_Driver/Src/stm32l4xx_hal_cortex.o
LOAD ./Drivers/STM32L4xx_HAL_Driver/Src/stm32l4xx_hal_dma.o
LOAD ./Drivers/STM32L4xx_HAL_Driver/Src/stm32l4xx_hal_dma_ex.o
LOAD ./Drivers/STM32L4xx_HAL_Driver/Src/stm32l4xx_hal_flash.o
LOAD ./Drivers/STM32L4xx_HAL_Driver/Src/stm32l4xx_hal_flash_ex.o
LOAD ./Drivers/STM32L4xx_HAL_Driver/Src/stm32l4xx_hal_flash_ramfunc.o
LOAD ./Drivers/STM32L4xx_HAL_Driver/Src/stm32l4xx_hal_gpio.o
LOAD ./Drivers/STM32L4xx_HAL_Driver/Src/stm32l4xx_hal_i2c.o
LOAD ./Drivers/STM32L4xx_HAL_Driver/Src/stm32l4xx_hal_i2c_ex.o
LOAD ./Drivers/STM32L4xx_HAL_Driver/Src/stm32l4xx_hal_pcd.o
LOAD ./Drivers/STM32L4xx_HAL_Driver/Src/stm32l4xx_hal_pcd_ex.o
LOAD ./Drivers/STM32L4xx_HAL_Driver/Src/stm32l4xx_hal_pwr.o
LOAD ./Drivers/STM32L4xx_HAL_Driver/Src/stm32l4xx_hal_pwr_ex.o
LOAD ./Drivers/STM32L4xx_HAL_Driver/Src/stm32l4xx_hal_rcc.o
LOAD ./Drivers/STM32L4xx_HAL_Driver/Src/stm32l4xx_hal_rcc_ex.o
LOAD ./Drivers/STM32L4xx_HAL_Driver/Src/stm32l4xx_hal_spi.o
LOAD ./Drivers/STM32L4xx_HAL_Driver/Src/stm32l4xx_hal_spi_ex.o
LOAD ./Drivers/STM32L4xx_HAL_Driver/Src/stm32l4xx_hal_tim.o
LOAD ./Drivers/STM32L4xx_HAL_Driver/Src/stm32l4xx_hal_tim_ex.o
LOAD ./Drivers/STM32L4xx_HAL_Driver/Src/stm32l4xx_ll_usb.o
LOAD /home/jacob/opt/xPacks/@gnu-mcu-eclipse/arm-none-eabi-gcc/7.3.1-1.1.1/.content/bin/../lib/gcc/arm-none-eabi/7.3.1/../../../../arm-none-eabi/lib/thumb/v7e-m/libstdc++_nano.a
LOAD /home/jacob/opt/xPacks/@gnu-mcu-eclipse/arm-none-eabi-gcc/7.3.1-1.1.1/.content/bin/../lib/gcc/arm-none-eabi/7.3.1/../../../../arm-none-eabi/lib/thumb/v7e-m/libm.a
START GROUP
LOAD /home/jacob/opt/xPacks/@gnu-mcu-eclipse/arm-none-eabi-gcc/7.3.1-1.1.1/.content/bin/../lib/gcc/arm-none-eabi/7.3.1/thumb/v7e-m/libgcc.a
LOAD /home/jacob/opt/xPacks/@gnu-mcu-eclipse/arm-none-eabi-gcc/7.3.1-1.1.1/.content/bin/../lib/gcc/arm-none-eabi/7.3.1/../../../../arm-none-eabi/lib/thumb/v7e-m/libg_nano.a
LOAD /home/jacob/opt/xPacks/@gnu-mcu-eclipse/arm-none-eabi-gcc/7.3.1-1.1.1/.content/bin/../lib/gcc/arm-none-eabi/7.3.1/../../../../arm-none-eabi/lib/thumb/v7e-m/libc_nano.a
END GROUP
START GROUP
LOAD /home/jacob/opt/xPacks/@gnu-mcu-eclipse/arm-none-eabi-gcc/7.3.1-1.1.1/.content/bin/../lib/gcc/arm-none-eabi/7.3.1/thumb/v7e-m/libgcc.a
LOAD /home/jacob/opt/xPacks/@gnu-mcu-eclipse/arm-none-eabi-gcc/7.3.1-1.1.1/.content/bin/../lib/gcc/arm-none-eabi/7.3.1/../../../../arm-none-eabi/lib/thumb/v7e-m/libc_nano.a
LOAD /home/jacob/opt/xPacks/@gnu-mcu-eclipse/arm-none-eabi-gcc/7.3.1-1.1.1/.content/bin/../lib/gcc/arm-none-eabi/7.3.1/../../../../arm-none-eabi/lib/thumb/v7e-m/libnosys.a
END GROUP
START GROUP
LOAD /home/jacob/opt/xPacks/@gnu-mcu-eclipse/arm-none-eabi-gcc/7.3.1-1.1.1/.content/bin/../lib/gcc/arm-none-eabi/7.3.1/thumb/v7e-m/libgcc.a
LOAD /home/jacob/opt/xPacks/@gnu-mcu-eclipse/arm-none-eabi-gcc/7.3.1-1.1.1/.content/bin/../lib/gcc/arm-none-eabi/7.3.1/../../../../arm-none-eabi/lib/thumb/v7e-m/libc_nano.a
LOAD /home/jacob/opt/xPacks/@gnu-mcu-eclipse/arm-none-eabi-gcc/7.3.1-1.1.1/.content/bin/../lib/gcc/arm-none-eabi/7.3.1/../../../../arm-none-eabi/lib/thumb/v7e-m/libnosys.a
END GROUP
LOAD /home/jacob/opt/xPacks/@gnu-mcu-eclipse/arm-none-eabi-gcc/7.3.1-1.1.1/.content/bin/../lib/gcc/arm-none-eabi/7.3.1/thumb/v7e-m/crtend.o
LOAD /home/jacob/opt/xPacks/@gnu-mcu-eclipse/arm-none-eabi-gcc/7.3.1-1.1.1/.content/bin/../lib/gcc/arm-none-eabi/7.3.1/thumb/v7e-m/crtn.o
                0x0000000020010000                _estack = 0x20010000
                0x0000000000000200                _Min_Heap_Size = 0x200
                0x0000000000000400                _Min_Stack_Size = 0x400

.isr_vector     0x0000000008000000      0x190
                0x0000000008000000                . = ALIGN (0x8)
 *(.isr_vector)
 .isr_vector    0x0000000008000000      0x18c ./startup/startup_stm32l433xx.o
                0x0000000008000000                g_pfnVectors
                0x0000000008000190                . = ALIGN (0x8)
 *fill*         0x000000000800018c        0x4 

.text           0x0000000008000190     0x42b0
                0x0000000008000190                . = ALIGN (0x8)
 *(.text)
 .text          0x0000000008000190       0x10 /home/jacob/opt/xPacks/@gnu-mcu-eclipse/arm-none-eabi-gcc/7.3.1-1.1.1/.content/bin/../lib/gcc/arm-none-eabi/7.3.1/../../../../arm-none-eabi/lib/thumb/v7e-m/libg_nano.a(lib_a-strlen.o)
                0x0000000008000190                strlen
 .text          0x00000000080001a0       0xa0 /home/jacob/opt/xPacks/@gnu-mcu-eclipse/arm-none-eabi-gcc/7.3.1-1.1.1/.content/bin/../lib/gcc/arm-none-eabi/7.3.1/../../../../arm-none-eabi/lib/thumb/v7e-m/libg_nano.a(lib_a-memchr.o)
                0x00000000080001a0                memchr
 *(.text*)
 .text.deregister_tm_clones
                0x0000000008000240       0x1c /home/jacob/opt/xPacks/@gnu-mcu-eclipse/arm-none-eabi-gcc/7.3.1-1.1.1/.content/bin/../lib/gcc/arm-none-eabi/7.3.1/thumb/v7e-m/crtbegin.o
 .text.register_tm_clones
                0x000000000800025c       0x24 /home/jacob/opt/xPacks/@gnu-mcu-eclipse/arm-none-eabi-gcc/7.3.1-1.1.1/.content/bin/../lib/gcc/arm-none-eabi/7.3.1/thumb/v7e-m/crtbegin.o
 .text.__do_global_dtors_aux
                0x0000000008000280       0x28 /home/jacob/opt/xPacks/@gnu-mcu-eclipse/arm-none-eabi-gcc/7.3.1-1.1.1/.content/bin/../lib/gcc/arm-none-eabi/7.3.1/thumb/v7e-m/crtbegin.o
 .text.frame_dummy
                0x00000000080002a8       0x24 /home/jacob/opt/xPacks/@gnu-mcu-eclipse/arm-none-eabi-gcc/7.3.1-1.1.1/.content/bin/../lib/gcc/arm-none-eabi/7.3.1/thumb/v7e-m/crtbegin.o
 .text.Reset_Handler
                0x00000000080002cc       0x50 ./startup/startup_stm32l433xx.o
                0x00000000080002cc                Reset_Handler
 .text.Default_Handler
                0x000000000800031c        0x2 ./startup/startup_stm32l433xx.o
                0x000000000800031c                RTC_Alarm_IRQHandler
                0x000000000800031c                EXTI2_IRQHandler
                0x000000000800031c                TIM1_CC_IRQHandler
                0x000000000800031c                TSC_IRQHandler
                0x000000000800031c                TAMP_STAMP_IRQHandler
                0x000000000800031c                EXTI3_IRQHandler
                0x000000000800031c                LPTIM2_IRQHandler
                0x000000000800031c                I2C3_ER_IRQHandler
                0x000000000800031c                EXTI0_IRQHandler
                0x000000000800031c                I2C2_EV_IRQHandler
                0x000000000800031c                CAN1_RX0_IRQHandler
                0x000000000800031c                FPU_IRQHandler
                0x000000000800031c                TIM1_UP_TIM16_IRQHandler
                0x000000000800031c                SPI1_IRQHandler
                0x000000000800031c                TIM6_DAC_IRQHandler
                0x000000000800031c                DMA2_Channel2_IRQHandler
                0x000000000800031c                DMA1_Channel4_IRQHandler
                0x000000000800031c                ADC1_IRQHandler
                0x000000000800031c                USART3_IRQHandler
                0x000000000800031c                DMA1_Channel7_IRQHandler
                0x000000000800031c                CAN1_RX1_IRQHandler
                0x000000000800031c                LCD_IRQHandler
                0x000000000800031c                DMA2_Channel1_IRQHandler
                0x000000000800031c                QUADSPI_IRQHandler
                0x000000000800031c                I2C1_EV_IRQHandler
                0x000000000800031c                DMA1_Channel6_IRQHandler
                0x000000000800031c                DMA2_Channel4_IRQHandler
                0x000000000800031c                RCC_IRQHandler
                0x000000000800031c                TIM1_TRG_COM_IRQHandler
                0x000000000800031c                DMA1_Channel1_IRQHandler
                0x000000000800031c                Default_Handler
                0x000000000800031c                DMA2_Channel7_IRQHandler
                0x000000000800031c                EXTI15_10_IRQHandler
                0x000000000800031c                TIM7_IRQHandler
                0x000000000800031c                SDMMC1_IRQHandler
                0x000000000800031c                I2C3_EV_IRQHandler
                0x000000000800031c                EXTI9_5_IRQHandler
                0x000000000800031c                RTC_WKUP_IRQHandler
                0x000000000800031c                PVD_PVM_IRQHandler
                0x000000000800031c                SPI2_IRQHandler
                0x000000000800031c                CAN1_TX_IRQHandler
                0x000000000800031c                DMA2_Channel5_IRQHandler
                0x000000000800031c                CRS_IRQHandler
                0x000000000800031c                DMA1_Channel5_IRQHandler
                0x000000000800031c                EXTI4_IRQHandler
                0x000000000800031c                RNG_IRQHandler
                0x000000000800031c                DMA1_Channel3_IRQHandler
                0x000000000800031c                COMP_IRQHandler
                0x000000000800031c                WWDG_IRQHandler
                0x000000000800031c                LPUART1_IRQHandler
                0x000000000800031c                DMA2_Channel6_IRQHandler
                0x000000000800031c                TIM2_IRQHandler
                0x000000000800031c                EXTI1_IRQHandler
                0x000000000800031c                USART2_IRQHandler
                0x000000000800031c                I2C2_ER_IRQHandler
                0x000000000800031c                DMA1_Channel2_IRQHandler
                0x000000000800031c                CAN1_SCE_IRQHandler
                0x000000000800031c                FLASH_IRQHandler
                0x000000000800031c                USART1_IRQHandler
                0x000000000800031c                SPI3_IRQHandler
                0x000000000800031c                I2C1_ER_IRQHandler
                0x000000000800031c                SWPMI1_IRQHandler
                0x000000000800031c                LPTIM1_IRQHandler
                0x000000000800031c                SAI1_IRQHandler
                0x000000000800031c                DMA2_Channel3_IRQHandler
                0x000000000800031c                TIM1_BRK_TIM15_IRQHandler
 .text.SystemClock_Config
                0x000000000800031e       0xac ./Src/main.o
                0x000000000800031e                SystemClock_Config
 *fill*         0x00000000080003ca        0x2 
 .text.startup.main
                0x00000000080003cc      0x264 ./Src/main.o
                0x00000000080003cc                main
 .text._Error_Handler
                0x0000000008000630        0x2 ./Src/main.o
                0x0000000008000630                _Error_Handler
 *fill*         0x0000000008000632        0x2 
 .text.HAL_MspInit
                0x0000000008000634       0x8c ./Src/stm32l4xx_hal_msp.o
                0x0000000008000634                HAL_MspInit
 .text.HAL_I2C_MspInit
                0x00000000080006c0       0x50 ./Src/stm32l4xx_hal_msp.o
                0x00000000080006c0                HAL_I2C_MspInit
 .text.HAL_SPI_MspInit
                0x0000000008000710       0x8c ./Src/stm32l4xx_hal_msp.o
                0x0000000008000710                HAL_SPI_MspInit
 .text.NMI_Handler
                0x000000000800079c        0x2 ./Src/stm32l4xx_it.o
                0x000000000800079c                NMI_Handler
 .text.HardFault_Handler
                0x000000000800079e        0x2 ./Src/stm32l4xx_it.o
                0x000000000800079e                HardFault_Handler
 .text.MemManage_Handler
                0x00000000080007a0        0x2 ./Src/stm32l4xx_it.o
                0x00000000080007a0                MemManage_Handler
 .text.BusFault_Handler
                0x00000000080007a2        0x2 ./Src/stm32l4xx_it.o
                0x00000000080007a2                BusFault_Handler
 .text.UsageFault_Handler
                0x00000000080007a4        0x2 ./Src/stm32l4xx_it.o
                0x00000000080007a4                UsageFault_Handler
 .text.SVC_Handler
                0x00000000080007a6        0x2 ./Src/stm32l4xx_it.o
                0x00000000080007a6                SVC_Handler
 .text.DebugMon_Handler
                0x00000000080007a8        0x2 ./Src/stm32l4xx_it.o
                0x00000000080007a8                DebugMon_Handler
 .text.PendSV_Handler
                0x00000000080007aa        0x2 ./Src/stm32l4xx_it.o
                0x00000000080007aa                PendSV_Handler
 .text.SysTick_Handler
                0x00000000080007ac        0xe ./Src/stm32l4xx_it.o
                0x00000000080007ac                SysTick_Handler
 *fill*         0x00000000080007ba        0x2 
 .text.USB_IRQHandler
                0x00000000080007bc        0xc ./Src/stm32l4xx_it.o
                0x00000000080007bc                USB_IRQHandler
 .text.SystemInit
                0x00000000080007c8       0x3c ./Src/system_stm32l4xx.o
                0x00000000080007c8                SystemInit
 .text.MX_USB_DEVICE_Init
                0x0000000008000804       0x40 ./Src/usb_device.o
                0x0000000008000804                MX_USB_DEVICE_Init
 .text.CDC_DeInit_FS
                0x0000000008000844        0x4 ./Src/usbd_cdc_if.o
 .text.CDC_Receive_FS
                0x0000000008000848       0x1c ./Src/usbd_cdc_if.o
 .text.CDC_Init_FS
                0x0000000008000864       0x28 ./Src/usbd_cdc_if.o
 .text.CDC_Control_FS
                0x000000000800088c       0x2c ./Src/usbd_cdc_if.o
 .text.CDC_Transmit_FS
                0x00000000080008b8       0x2c ./Src/usbd_cdc_if.o
                0x00000000080008b8                CDC_Transmit_FS
 .text.HAL_PCD_MspInit
                0x00000000080008e4       0x40 ./Src/usbd_conf.o
                0x00000000080008e4                HAL_PCD_MspInit
 .text.HAL_PCD_SetupStageCallback
                0x0000000008000924        0xc ./Src/usbd_conf.o
                0x0000000008000924                HAL_PCD_SetupStageCallback
 .text.HAL_PCD_DataOutStageCallback
                0x0000000008000930       0x10 ./Src/usbd_conf.o
                0x0000000008000930                HAL_PCD_DataOutStageCallback
 .text.HAL_PCD_DataInStageCallback
                0x0000000008000940        0xe ./Src/usbd_conf.o
                0x0000000008000940                HAL_PCD_DataInStageCallback
 .text.HAL_PCD_SOFCallback
                0x000000000800094e        0x8 ./Src/usbd_conf.o
                0x000000000800094e                HAL_PCD_SOFCallback
 .text.HAL_PCD_ResetCallback
                0x0000000008000956       0x1a ./Src/usbd_conf.o
                0x0000000008000956                HAL_PCD_ResetCallback
 .text.HAL_PCD_SuspendCallback
                0x0000000008000970       0x20 ./Src/usbd_conf.o
                0x0000000008000970                HAL_PCD_SuspendCallback
 .text.HAL_PCD_ResumeCallback
                0x0000000008000990       0x28 ./Src/usbd_conf.o
                0x0000000008000990                HAL_PCD_ResumeCallback
 .text.USBD_LL_Init
                0x00000000080009b8       0x98 ./Src/usbd_conf.o
                0x00000000080009b8                USBD_LL_Init
 .text.USBD_LL_Start
                0x0000000008000a50       0x1c ./Src/usbd_conf.o
                0x0000000008000a50                USBD_LL_Start
 .text.USBD_LL_OpenEP
                0x0000000008000a6c       0x20 ./Src/usbd_conf.o
                0x0000000008000a6c                USBD_LL_OpenEP
 .text.USBD_LL_CloseEP
                0x0000000008000a8c       0x1c ./Src/usbd_conf.o
                0x0000000008000a8c                USBD_LL_CloseEP
 .text.USBD_LL_StallEP
                0x0000000008000aa8       0x1c ./Src/usbd_conf.o
                0x0000000008000aa8                USBD_LL_StallEP
 .text.USBD_LL_ClearStallEP
                0x0000000008000ac4       0x1c ./Src/usbd_conf.o
                0x0000000008000ac4                USBD_LL_ClearStallEP
 .text.USBD_LL_IsStallEP
                0x0000000008000ae0       0x20 ./Src/usbd_conf.o
                0x0000000008000ae0                USBD_LL_IsStallEP
 .text.USBD_LL_SetUSBAddress
                0x0000000008000b00       0x1c ./Src/usbd_conf.o
                0x0000000008000b00                USBD_LL_SetUSBAddress
 .text.USBD_LL_Transmit
                0x0000000008000b1c       0x1c ./Src/usbd_conf.o
                0x0000000008000b1c                USBD_LL_Transmit
 .text.USBD_LL_PrepareReceive
                0x0000000008000b38       0x1c ./Src/usbd_conf.o
                0x0000000008000b38                USBD_LL_PrepareReceive
 .text.USBD_LL_GetRxDataSize
                0x0000000008000b54        0xc ./Src/usbd_conf.o
                0x0000000008000b54                USBD_LL_GetRxDataSize
 .text.HAL_PCDEx_LPM_Callback
                0x0000000008000b60       0x48 ./Src/usbd_conf.o
                0x0000000008000b60                HAL_PCDEx_LPM_Callback
 .text.USBD_static_malloc
                0x0000000008000ba8        0x8 ./Src/usbd_conf.o
                0x0000000008000ba8                USBD_static_malloc
 .text.USBD_static_free
                0x0000000008000bb0        0x2 ./Src/usbd_conf.o
                0x0000000008000bb0                USBD_static_free
 .text.USBD_LL_BatteryCharging
                0x0000000008000bb2       0x10 ./Src/usbd_conf.o
                0x0000000008000bb2                USBD_LL_BatteryCharging
 *fill*         0x0000000008000bc2        0x2 
 .text.USBD_FS_DeviceDescriptor
                0x0000000008000bc4        0xc ./Src/usbd_desc.o
                0x0000000008000bc4                USBD_FS_DeviceDescriptor
 .text.USBD_FS_LangIDStrDescriptor
                0x0000000008000bd0        0xc ./Src/usbd_desc.o
                0x0000000008000bd0                USBD_FS_LangIDStrDescriptor
 .text.USBD_FS_USR_BOSDescriptor
                0x0000000008000bdc        0xc ./Src/usbd_desc.o
                0x0000000008000bdc                USBD_FS_USR_BOSDescriptor
 .text.USBD_FS_ManufacturerStrDescriptor
                0x0000000008000be8       0x1c ./Src/usbd_desc.o
                0x0000000008000be8                USBD_FS_ManufacturerStrDescriptor
 .text.USBD_FS_ProductStrDescriptor
                0x0000000008000c04       0x1c ./Src/usbd_desc.o
                0x0000000008000c04                USBD_FS_ProductStrDescriptor
 .text.USBD_FS_SerialStrDescriptor
                0x0000000008000c20       0x1c ./Src/usbd_desc.o
                0x0000000008000c20                USBD_FS_SerialStrDescriptor
 .text.USBD_FS_ConfigStrDescriptor
                0x0000000008000c3c       0x1c ./Src/usbd_desc.o
                0x0000000008000c3c                USBD_FS_ConfigStrDescriptor
 .text.USBD_FS_InterfaceStrDescriptor
                0x0000000008000c58       0x1c ./Src/usbd_desc.o
                0x0000000008000c58                USBD_FS_InterfaceStrDescriptor
 .text.USBD_Init
                0x0000000008000c74       0x2a ./Middlewares/ST/STM32_USB_Device_Library/Core/Src/usbd_core.o
                0x0000000008000c74                USBD_Init
 .text.USBD_RegisterClass
                0x0000000008000c9e        0xe ./Middlewares/ST/STM32_USB_Device_Library/Core/Src/usbd_core.o
                0x0000000008000c9e                USBD_RegisterClass
 .text.USBD_Start
                0x0000000008000cac        0xa ./Middlewares/ST/STM32_USB_Device_Library/Core/Src/usbd_core.o
                0x0000000008000cac                USBD_Start
 .text.USBD_SetClassConfig
                0x0000000008000cb6       0x16 ./Middlewares/ST/STM32_USB_Device_Library/Core/Src/usbd_core.o
                0x0000000008000cb6                USBD_SetClassConfig
 .text.USBD_ClrClassConfig
                0x0000000008000ccc        0xe ./Middlewares/ST/STM32_USB_Device_Library/Core/Src/usbd_core.o
                0x0000000008000ccc                USBD_ClrClassConfig
 .text.USBD_LL_SetupStage
                0x0000000008000cda       0x5a ./Middlewares/ST/STM32_USB_Device_Library/Core/Src/usbd_core.o
                0x0000000008000cda                USBD_LL_SetupStage
 .text.USBD_LL_DataOutStage
                0x0000000008000d34       0x70 ./Middlewares/ST/STM32_USB_Device_Library/Core/Src/usbd_core.o
                0x0000000008000d34                USBD_LL_DataOutStage
 .text.USBD_LL_DataInStage
                0x0000000008000da4       0xb8 ./Middlewares/ST/STM32_USB_Device_Library/Core/Src/usbd_core.o
                0x0000000008000da4                USBD_LL_DataInStage
 .text.USBD_LL_Reset
                0x0000000008000e5c       0x4e ./Middlewares/ST/STM32_USB_Device_Library/Core/Src/usbd_core.o
                0x0000000008000e5c                USBD_LL_Reset
 .text.USBD_LL_SetSpeed
                0x0000000008000eaa        0x6 ./Middlewares/ST/STM32_USB_Device_Library/Core/Src/usbd_core.o
                0x0000000008000eaa                USBD_LL_SetSpeed
 .text.USBD_LL_Suspend
                0x0000000008000eb0       0x12 ./Middlewares/ST/STM32_USB_Device_Library/Core/Src/usbd_core.o
                0x0000000008000eb0                USBD_LL_Suspend
 .text.USBD_LL_Resume
                0x0000000008000ec2        0xc ./Middlewares/ST/STM32_USB_Device_Library/Core/Src/usbd_core.o
                0x0000000008000ec2                USBD_LL_Resume
 .text.USBD_LL_SOF
                0x0000000008000ece       0x18 ./Middlewares/ST/STM32_USB_Device_Library/Core/Src/usbd_core.o
                0x0000000008000ece                USBD_LL_SOF
 .text.USBD_CtlError.constprop.1
                0x0000000008000ee6       0x16 ./Middlewares/ST/STM32_USB_Device_Library/Core/Src/usbd_ctlreq.o
 .text.USBD_StdDevReq
                0x0000000008000efc      0x244 ./Middlewares/ST/STM32_USB_Device_Library/Core/Src/usbd_ctlreq.o
                0x0000000008000efc                USBD_StdDevReq
 .text.USBD_StdItfReq
                0x0000000008001140       0x4a ./Middlewares/ST/STM32_USB_Device_Library/Core/Src/usbd_ctlreq.o
                0x0000000008001140                USBD_StdItfReq
 .text.USBD_StdEPReq
                0x000000000800118a      0x10e ./Middlewares/ST/STM32_USB_Device_Library/Core/Src/usbd_ctlreq.o
                0x000000000800118a                USBD_StdEPReq
 .text.USBD_ParseSetupRequest
                0x0000000008001298       0x28 ./Middlewares/ST/STM32_USB_Device_Library/Core/Src/usbd_ctlreq.o
                0x0000000008001298                USBD_ParseSetupRequest
 .text.USBD_CtlError
                0x00000000080012c0       0x16 ./Middlewares/ST/STM32_USB_Device_Library/Core/Src/usbd_ctlreq.o
                0x00000000080012c0                USBD_CtlError
 .text.USBD_GetString
                0x00000000080012d6       0x38 ./Middlewares/ST/STM32_USB_Device_Library/Core/Src/usbd_ctlreq.o
                0x00000000080012d6                USBD_GetString
 .text.USBD_CtlSendData
                0x000000000800130e       0x1a ./Middlewares/ST/STM32_USB_Device_Library/Core/Src/usbd_ioreq.o
                0x000000000800130e                USBD_CtlSendData
 .text.USBD_CtlContinueSendData
                0x0000000008001328       0x10 ./Middlewares/ST/STM32_USB_Device_Library/Core/Src/usbd_ioreq.o
                0x0000000008001328                USBD_CtlContinueSendData
 .text.USBD_CtlPrepareRx
                0x0000000008001338       0x1e ./Middlewares/ST/STM32_USB_Device_Library/Core/Src/usbd_ioreq.o
                0x0000000008001338                USBD_CtlPrepareRx
 .text.USBD_CtlContinueRx
                0x0000000008001356       0x10 ./Middlewares/ST/STM32_USB_Device_Library/Core/Src/usbd_ioreq.o
                0x0000000008001356                USBD_CtlContinueRx
 .text.USBD_CtlSendStatus
                0x0000000008001366       0x16 ./Middlewares/ST/STM32_USB_Device_Library/Core/Src/usbd_ioreq.o
                0x0000000008001366                USBD_CtlSendStatus
 .text.USBD_CtlReceiveStatus
                0x000000000800137c       0x16 ./Middlewares/ST/STM32_USB_Device_Library/Core/Src/usbd_ioreq.o
                0x000000000800137c                USBD_CtlReceiveStatus
 .text.USBD_CDC_EP0_RxReady
                0x0000000008001392       0x28 ./Middlewares/ST/STM32_USB_Device_Library/Class/CDC/Src/usbd_cdc.o
 *fill*         0x00000000080013ba        0x2 
 .text.USBD_CDC_GetFSCfgDesc
                0x00000000080013bc        0xc ./Middlewares/ST/STM32_USB_Device_Library/Class/CDC/Src/usbd_cdc.o
 .text.USBD_CDC_GetHSCfgDesc
                0x00000000080013c8        0xc ./Middlewares/ST/STM32_USB_Device_Library/Class/CDC/Src/usbd_cdc.o
 .text.USBD_CDC_GetOtherSpeedCfgDesc
                0x00000000080013d4        0xc ./Middlewares/ST/STM32_USB_Device_Library/Class/CDC/Src/usbd_cdc.o
 .text.USBD_CDC_GetDeviceQualifierDescriptor
                0x00000000080013e0        0xc ./Middlewares/ST/STM32_USB_Device_Library/Class/CDC/Src/usbd_cdc.o
                0x00000000080013e0                USBD_CDC_GetDeviceQualifierDescriptor
 .text.USBD_CDC_DataOut
                0x00000000080013ec       0x2e ./Middlewares/ST/STM32_USB_Device_Library/Class/CDC/Src/usbd_cdc.o
 .text.USBD_CDC_DataIn
                0x000000000800141a       0x40 ./Middlewares/ST/STM32_USB_Device_Library/Class/CDC/Src/usbd_cdc.o
 .text.USBD_CDC_Setup
                0x000000000800145a       0xbc ./Middlewares/ST/STM32_USB_Device_Library/Class/CDC/Src/usbd_cdc.o
 .text.USBD_CDC_DeInit
                0x0000000008001516       0x42 ./Middlewares/ST/STM32_USB_Device_Library/Class/CDC/Src/usbd_cdc.o
 .text.USBD_CDC_Init
                0x0000000008001558       0xa6 ./Middlewares/ST/STM32_USB_Device_Library/Class/CDC/Src/usbd_cdc.o
 .text.USBD_CDC_RegisterInterface
                0x00000000080015fe        0xe ./Middlewares/ST/STM32_USB_Device_Library/Class/CDC/Src/usbd_cdc.o
                0x00000000080015fe                USBD_CDC_RegisterInterface
 .text.USBD_CDC_SetTxBuffer
                0x000000000800160c       0x10 ./Middlewares/ST/STM32_USB_Device_Library/Class/CDC/Src/usbd_cdc.o
                0x000000000800160c                USBD_CDC_SetTxBuffer
 .text.USBD_CDC_SetRxBuffer
                0x000000000800161c        0xc ./Middlewares/ST/STM32_USB_Device_Library/Class/CDC/Src/usbd_cdc.o
                0x000000000800161c                USBD_CDC_SetRxBuffer
 .text.USBD_CDC_TransmitPacket
                0x0000000008001628       0x32 ./Middlewares/ST/STM32_USB_Device_Library/Class/CDC/Src/usbd_cdc.o
                0x0000000008001628                USBD_CDC_TransmitPacket
 .text.USBD_CDC_ReceivePacket
                0x000000000800165a       0x26 ./Middlewares/ST/STM32_USB_Device_Library/Class/CDC/Src/usbd_cdc.o
                0x000000000800165a                USBD_CDC_ReceivePacket
 .text.HAL_InitTick
                0x0000000008001680       0x30 ./Drivers/STM32L4xx_HAL_Driver/Src/stm32l4xx_hal.o
                0x0000000008001680                HAL_InitTick
 .text.HAL_Init
                0x00000000080016b0       0x1e ./Drivers/STM32L4xx_HAL_Driver/Src/stm32l4xx_hal.o
                0x00000000080016b0                HAL_Init
 *fill*         0x00000000080016ce        0x2 
 .text.HAL_IncTick
                0x00000000080016d0       0x10 ./Drivers/STM32L4xx_HAL_Driver/Src/stm32l4xx_hal.o
                0x00000000080016d0                HAL_IncTick
 .text.HAL_GetTick
                0x00000000080016e0        0xc ./Drivers/STM32L4xx_HAL_Driver/Src/stm32l4xx_hal.o
                0x00000000080016e0                HAL_GetTick
 .text.HAL_Delay
                0x00000000080016ec       0x1c ./Drivers/STM32L4xx_HAL_Driver/Src/stm32l4xx_hal.o
                0x00000000080016ec                HAL_Delay
 .text.HAL_NVIC_SetPriorityGrouping
                0x0000000008001708       0x24 ./Drivers/STM32L4xx_HAL_Driver/Src/stm32l4xx_hal_cortex.o
                0x0000000008001708                HAL_NVIC_SetPriorityGrouping
 .text.HAL_NVIC_SetPriority
                0x000000000800172c       0x68 ./Drivers/STM32L4xx_HAL_Driver/Src/stm32l4xx_hal_cortex.o
                0x000000000800172c                HAL_NVIC_SetPriority
 .text.HAL_NVIC_EnableIRQ
                0x0000000008001794       0x18 ./Drivers/STM32L4xx_HAL_Driver/Src/stm32l4xx_hal_cortex.o
                0x0000000008001794                HAL_NVIC_EnableIRQ
 .text.HAL_SYSTICK_Config
                0x00000000080017ac       0x2c ./Drivers/STM32L4xx_HAL_Driver/Src/stm32l4xx_hal_cortex.o
                0x00000000080017ac                HAL_SYSTICK_Config
 .text.HAL_SYSTICK_CLKSourceConfig
                0x00000000080017d8       0x18 ./Drivers/STM32L4xx_HAL_Driver/Src/stm32l4xx_hal_cortex.o
                0x00000000080017d8                HAL_SYSTICK_CLKSourceConfig
 .text.HAL_SYSTICK_Callback
                0x00000000080017f0        0x2 ./Drivers/STM32L4xx_HAL_Driver/Src/stm32l4xx_hal_cortex.o
                0x00000000080017f0                HAL_SYSTICK_Callback
 .text.HAL_SYSTICK_IRQHandler
                0x00000000080017f2        0x8 ./Drivers/STM32L4xx_HAL_Driver/Src/stm32l4xx_hal_cortex.o
                0x00000000080017f2                HAL_SYSTICK_IRQHandler
 *fill*         0x00000000080017fa        0x2 
 .text.HAL_GPIO_Init
                0x00000000080017fc      0x184 ./Drivers/STM32L4xx_HAL_Driver/Src/stm32l4xx_hal_gpio.o
                0x00000000080017fc                HAL_GPIO_Init
 .text.HAL_GPIO_ReadPin
                0x0000000008001980        0xc ./Drivers/STM32L4xx_HAL_Driver/Src/stm32l4xx_hal_gpio.o
                0x0000000008001980                HAL_GPIO_ReadPin
 .text.HAL_GPIO_WritePin
                0x000000000800198c        0xa ./Drivers/STM32L4xx_HAL_Driver/Src/stm32l4xx_hal_gpio.o
                0x000000000800198c                HAL_GPIO_WritePin
 .text.HAL_I2C_Init
                0x0000000008001996       0xa2 ./Drivers/STM32L4xx_HAL_Driver/Src/stm32l4xx_hal_i2c.o
                0x0000000008001996                HAL_I2C_Init
 .text.HAL_I2CEx_ConfigAnalogFilter
                0x0000000008001a38       0x4c ./Drivers/STM32L4xx_HAL_Driver/Src/stm32l4xx_hal_i2c_ex.o
                0x0000000008001a38                HAL_I2CEx_ConfigAnalogFilter
 .text.HAL_I2CEx_ConfigDigitalFilter
                0x0000000008001a84       0x4a ./Drivers/STM32L4xx_HAL_Driver/Src/stm32l4xx_hal_i2c_ex.o
                0x0000000008001a84                HAL_I2CEx_ConfigDigitalFilter
 .text.HAL_PCD_Init
                0x0000000008001ace       0xe8 ./Drivers/STM32L4xx_HAL_Driver/Src/stm32l4xx_hal_pcd.o
                0x0000000008001ace                HAL_PCD_Init
 .text.HAL_PCD_Start
                0x0000000008001bb6       0x2a ./Drivers/STM32L4xx_HAL_Driver/Src/stm32l4xx_hal_pcd.o
                0x0000000008001bb6                HAL_PCD_Start
 .text.HAL_PCD_SetAddress
                0x0000000008001be0       0x28 ./Drivers/STM32L4xx_HAL_Driver/Src/stm32l4xx_hal_pcd.o
                0x0000000008001be0                HAL_PCD_SetAddress
 .text.HAL_PCD_EP_Open
                0x0000000008001c08       0x66 ./Drivers/STM32L4xx_HAL_Driver/Src/stm32l4xx_hal_pcd.o
                0x0000000008001c08                HAL_PCD_EP_Open
 .text.HAL_PCD_EP_Close
                0x0000000008001c6e       0x52 ./Drivers/STM32L4xx_HAL_Driver/Src/stm32l4xx_hal_pcd.o
                0x0000000008001c6e                HAL_PCD_EP_Close
 .text.HAL_PCD_EP_Receive
                0x0000000008001cc0       0x32 ./Drivers/STM32L4xx_HAL_Driver/Src/stm32l4xx_hal_pcd.o
                0x0000000008001cc0                HAL_PCD_EP_Receive
 .text.HAL_PCD_EP_GetRxCount
                0x0000000008001cf2        0xe ./Drivers/STM32L4xx_HAL_Driver/Src/stm32l4xx_hal_pcd.o
                0x0000000008001cf2                HAL_PCD_EP_GetRxCount
 .text.HAL_PCD_EP_Transmit
                0x0000000008001d00       0x2e ./Drivers/STM32L4xx_HAL_Driver/Src/stm32l4xx_hal_pcd.o
                0x0000000008001d00                HAL_PCD_EP_Transmit
 *fill*         0x0000000008001d2e        0x2 
 .text.HAL_PCD_IRQHandler
                0x0000000008001d30      0x470 ./Drivers/STM32L4xx_HAL_Driver/Src/stm32l4xx_hal_pcd.o
                0x0000000008001d30                HAL_PCD_IRQHandler
 .text.HAL_PCD_EP_SetStall
                0x00000000080021a0       0x72 ./Drivers/STM32L4xx_HAL_Driver/Src/stm32l4xx_hal_pcd.o
                0x00000000080021a0                HAL_PCD_EP_SetStall
 .text.HAL_PCD_EP_ClrStall
                0x0000000008002212       0x60 ./Drivers/STM32L4xx_HAL_Driver/Src/stm32l4xx_hal_pcd.o
                0x0000000008002212                HAL_PCD_EP_ClrStall
 .text.HAL_PCDEx_PMAConfig
                0x0000000008002272       0x32 ./Drivers/STM32L4xx_HAL_Driver/Src/stm32l4xx_hal_pcd_ex.o
                0x0000000008002272                HAL_PCDEx_PMAConfig
 .text.HAL_PCDEx_ActivateBCD
                0x00000000080022a4       0x24 ./Drivers/STM32L4xx_HAL_Driver/Src/stm32l4xx_hal_pcd_ex.o
                0x00000000080022a4                HAL_PCDEx_ActivateBCD
 .text.HAL_PCDEx_ActivateLPM
                0x00000000080022c8       0x28 ./Drivers/STM32L4xx_HAL_Driver/Src/stm32l4xx_hal_pcd_ex.o
                0x00000000080022c8                HAL_PCDEx_ActivateLPM
 .text.HAL_PWREx_GetVoltageRange
                0x00000000080022f0       0x10 ./Drivers/STM32L4xx_HAL_Driver/Src/stm32l4xx_hal_pwr_ex.o
                0x00000000080022f0                HAL_PWREx_GetVoltageRange
 .text.HAL_PWREx_ControlVoltageScaling
                0x0000000008002300       0x6c ./Drivers/STM32L4xx_HAL_Driver/Src/stm32l4xx_hal_pwr_ex.o
                0x0000000008002300                HAL_PWREx_ControlVoltageScaling
 .text.HAL_PWREx_EnableVddUSB
                0x000000000800236c       0x10 ./Drivers/STM32L4xx_HAL_Driver/Src/stm32l4xx_hal_pwr_ex.o
                0x000000000800236c                HAL_PWREx_EnableVddUSB
 .text.RCC_SetFlashLatencyFromMSIRange
                0x000000000800237c       0x84 ./Drivers/STM32L4xx_HAL_Driver/Src/stm32l4xx_hal_rcc.o
 .text.HAL_RCC_GetSysClockFreq
                0x0000000008002400       0xa8 ./Drivers/STM32L4xx_HAL_Driver/Src/stm32l4xx_hal_rcc.o
                0x0000000008002400                HAL_RCC_GetSysClockFreq
 .text.HAL_RCC_OscConfig
                0x00000000080024a8      0x4a4 ./Drivers/STM32L4xx_HAL_Driver/Src/stm32l4xx_hal_rcc.o
                0x00000000080024a8                HAL_RCC_OscConfig
 .text.HAL_RCC_ClockConfig
                0x000000000800294c      0x124 ./Drivers/STM32L4xx_HAL_Driver/Src/stm32l4xx_hal_rcc.o
                0x000000000800294c                HAL_RCC_ClockConfig
 .text.HAL_RCC_GetHCLKFreq
                0x0000000008002a70        0xc ./Drivers/STM32L4xx_HAL_Driver/Src/stm32l4xx_hal_rcc.o
                0x0000000008002a70                HAL_RCC_GetHCLKFreq
 .text.RCCEx_PLLSAI1_Config
                0x0000000008002a7c      0x114 ./Drivers/STM32L4xx_HAL_Driver/Src/stm32l4xx_hal_rcc_ex.o
 .text.HAL_RCCEx_PeriphCLKConfig
                0x0000000008002b90      0x2ec ./Drivers/STM32L4xx_HAL_Driver/Src/stm32l4xx_hal_rcc_ex.o
                0x0000000008002b90                HAL_RCCEx_PeriphCLKConfig
 .text.SPI_WaitFlagStateUntilTimeout.part.0
                0x0000000008002e7c       0x50 ./Drivers/STM32L4xx_HAL_Driver/Src/stm32l4xx_hal_spi.o
 .text.SPI_WaitFlagStateUntilTimeout.constprop.9
                0x0000000008002ecc       0x2c ./Drivers/STM32L4xx_HAL_Driver/Src/stm32l4xx_hal_spi.o
 .text.SPI_WaitFifoStateUntilTimeout.constprop.10
                0x0000000008002ef8       0x34 ./Drivers/STM32L4xx_HAL_Driver/Src/stm32l4xx_hal_spi.o
 .text.SPI_EndRxTransaction
                0x0000000008002f2c       0x6e ./Drivers/STM32L4xx_HAL_Driver/Src/stm32l4xx_hal_spi.o
 .text.SPI_EndRxTxTransaction
                0x0000000008002f9a       0x44 ./Drivers/STM32L4xx_HAL_Driver/Src/stm32l4xx_hal_spi.o
 .text.HAL_SPI_Init
                0x0000000008002fde       0xa2 ./Drivers/STM32L4xx_HAL_Driver/Src/stm32l4xx_hal_spi.o
                0x0000000008002fde                HAL_SPI_Init
 .text.HAL_SPI_TransmitReceive
                0x0000000008003080      0x23e ./Drivers/STM32L4xx_HAL_Driver/Src/stm32l4xx_hal_spi.o
                0x0000000008003080                HAL_SPI_TransmitReceive
 .text.HAL_SPI_Receive
                0x00000000080032be      0x156 ./Drivers/STM32L4xx_HAL_Driver/Src/stm32l4xx_hal_spi.o
                0x00000000080032be                HAL_SPI_Receive
 .text.USB_CoreInit
                0x0000000008003414        0xe ./Drivers/STM32L4xx_HAL_Driver/Src/stm32l4xx_ll_usb.o
                0x0000000008003414                USB_CoreInit
 .text.USB_EnableGlobalInt
                0x0000000008003422       0x14 ./Drivers/STM32L4xx_HAL_Driver/Src/stm32l4xx_ll_usb.o
                0x0000000008003422                USB_EnableGlobalInt
 .text.USB_DisableGlobalInt
                0x0000000008003436       0x14 ./Drivers/STM32L4xx_HAL_Driver/Src/stm32l4xx_ll_usb.o
                0x0000000008003436                USB_DisableGlobalInt
 .text.USB_SetCurrentMode
                0x000000000800344a        0x4 ./Drivers/STM32L4xx_HAL_Driver/Src/stm32l4xx_ll_usb.o
                0x000000000800344a                USB_SetCurrentMode
 .text.USB_DevInit
                0x000000000800344e       0x38 ./Drivers/STM32L4xx_HAL_Driver/Src/stm32l4xx_ll_usb.o
                0x000000000800344e                USB_DevInit
 *fill*         0x0000000008003486        0x2 
 .text.USB_ActivateEndpoint
                0x0000000008003488      0x2b0 ./Drivers/STM32L4xx_HAL_Driver/Src/stm32l4xx_ll_usb.o
                0x0000000008003488                USB_ActivateEndpoint
 .text.USB_DeactivateEndpoint
                0x0000000008003738      0x18c ./Drivers/STM32L4xx_HAL_Driver/Src/stm32l4xx_ll_usb.o
                0x0000000008003738                USB_DeactivateEndpoint
 .text.USB_EPSetStall
                0x00000000080038c4       0x38 ./Drivers/STM32L4xx_HAL_Driver/Src/stm32l4xx_ll_usb.o
                0x00000000080038c4                USB_EPSetStall
 .text.USB_EPClearStall
                0x00000000080038fc       0x7c ./Drivers/STM32L4xx_HAL_Driver/Src/stm32l4xx_ll_usb.o
                0x00000000080038fc                USB_EPClearStall
 .text.USB_SetDevAddress
                0x0000000008003978        0xc ./Drivers/STM32L4xx_HAL_Driver/Src/stm32l4xx_ll_usb.o
                0x0000000008003978                USB_SetDevAddress
 .text.USB_DevConnect
                0x0000000008003984       0x10 ./Drivers/STM32L4xx_HAL_Driver/Src/stm32l4xx_ll_usb.o
                0x0000000008003984                USB_DevConnect
 .text.USB_DevDisconnect
                0x0000000008003994       0x10 ./Drivers/STM32L4xx_HAL_Driver/Src/stm32l4xx_ll_usb.o
                0x0000000008003994                USB_DevDisconnect
 .text.USB_ReadInterrupts
                0x00000000080039a4        0x6 ./Drivers/STM32L4xx_HAL_Driver/Src/stm32l4xx_ll_usb.o
                0x00000000080039a4                USB_ReadInterrupts
 .text.USB_EP0_OutStart
                0x00000000080039aa        0x4 ./Drivers/STM32L4xx_HAL_Driver/Src/stm32l4xx_ll_usb.o
                0x00000000080039aa                USB_EP0_OutStart
 .text.USB_WritePMA
                0x00000000080039ae       0x1e ./Drivers/STM32L4xx_HAL_Driver/Src/stm32l4xx_ll_usb.o
                0x00000000080039ae                USB_WritePMA
 .text.USB_EPStartXfer
                0x00000000080039cc      0x1a0 ./Drivers/STM32L4xx_HAL_Driver/Src/stm32l4xx_ll_usb.o
                0x00000000080039cc                USB_EPStartXfer
 .text.USB_ReadPMA
                0x0000000008003b6c       0x34 ./Drivers/STM32L4xx_HAL_Driver/Src/stm32l4xx_ll_usb.o
                0x0000000008003b6c                USB_ReadPMA
 .text.__libc_init_array
                0x0000000008003ba0       0x48 /home/jacob/opt/xPacks/@gnu-mcu-eclipse/arm-none-eabi-gcc/7.3.1-1.1.1/.content/bin/../lib/gcc/arm-none-eabi/7.3.1/../../../../arm-none-eabi/lib/thumb/v7e-m/libg_nano.a(lib_a-init.o)
                0x0000000008003ba0                __libc_init_array
 .text.memcpy   0x0000000008003be8       0x16 /home/jacob/opt/xPacks/@gnu-mcu-eclipse/arm-none-eabi-gcc/7.3.1-1.1.1/.content/bin/../lib/gcc/arm-none-eabi/7.3.1/../../../../arm-none-eabi/lib/thumb/v7e-m/libg_nano.a(lib_a-memcpy-stub.o)
                0x0000000008003be8                memcpy
 .text.memset   0x0000000008003bfe       0x10 /home/jacob/opt/xPacks/@gnu-mcu-eclipse/arm-none-eabi-gcc/7.3.1-1.1.1/.content/bin/../lib/gcc/arm-none-eabi/7.3.1/../../../../arm-none-eabi/lib/thumb/v7e-m/libg_nano.a(lib_a-memset.o)
                0x0000000008003bfe                memset
 *fill*         0x0000000008003c0e        0x2 
 .text.sprintf  0x0000000008003c10       0x40 /home/jacob/opt/xPacks/@gnu-mcu-eclipse/arm-none-eabi-gcc/7.3.1-1.1.1/.content/bin/../lib/gcc/arm-none-eabi/7.3.1/../../../../arm-none-eabi/lib/thumb/v7e-m/libg_nano.a(lib_a-sprintf.o)
                0x0000000008003c10                sprintf
                0x0000000008003c10                siprintf
 .text.__ssputs_r
                0x0000000008003c50       0xb4 /home/jacob/opt/xPacks/@gnu-mcu-eclipse/arm-none-eabi-gcc/7.3.1-1.1.1/.content/bin/../lib/gcc/arm-none-eabi/7.3.1/../../../../arm-none-eabi/lib/thumb/v7e-m/libg_nano.a(lib_a-nano-svfprintf.o)
                0x0000000008003c50                __ssputs_r
 .text._svfprintf_r
                0x0000000008003d04      0x1f0 /home/jacob/opt/xPacks/@gnu-mcu-eclipse/arm-none-eabi-gcc/7.3.1-1.1.1/.content/bin/../lib/gcc/arm-none-eabi/7.3.1/../../../../arm-none-eabi/lib/thumb/v7e-m/libg_nano.a(lib_a-nano-svfprintf.o)
                0x0000000008003d04                _svfprintf_r
                0x0000000008003d04                _svfiprintf_r
 .text._printf_common
                0x0000000008003ef4       0xea /home/jacob/opt/xPacks/@gnu-mcu-eclipse/arm-none-eabi-gcc/7.3.1-1.1.1/.content/bin/../lib/gcc/arm-none-eabi/7.3.1/../../../../arm-none-eabi/lib/thumb/v7e-m/libg_nano.a(lib_a-nano-vfprintf_i.o)
                0x0000000008003ef4                _printf_common
 *fill*         0x0000000008003fde        0x2 
 .text._printf_i
                0x0000000008003fe0      0x224 /home/jacob/opt/xPacks/@gnu-mcu-eclipse/arm-none-eabi-gcc/7.3.1-1.1.1/.content/bin/../lib/gcc/arm-none-eabi/7.3.1/../../../../arm-none-eabi/lib/thumb/v7e-m/libg_nano.a(lib_a-nano-vfprintf_i.o)
                0x0000000008003fe0                _printf_i
 .text.memmove  0x0000000008004204       0x32 /home/jacob/opt/xPacks/@gnu-mcu-eclipse/arm-none-eabi-gcc/7.3.1-1.1.1/.content/bin/../lib/gcc/arm-none-eabi/7.3.1/../../../../arm-none-eabi/lib/thumb/v7e-m/libg_nano.a(lib_a-memmove.o)
                0x0000000008004204                memmove
 *fill*         0x0000000008004236        0x2 
 .text._free_r  0x0000000008004238       0x9c /home/jacob/opt/xPacks/@gnu-mcu-eclipse/arm-none-eabi-gcc/7.3.1-1.1.1/.content/bin/../lib/gcc/arm-none-eabi/7.3.1/../../../../arm-none-eabi/lib/thumb/v7e-m/libg_nano.a(lib_a-nano-freer.o)
                0x0000000008004238                _free_r
 .text._malloc_r
                0x00000000080042d4       0xb4 /home/jacob/opt/xPacks/@gnu-mcu-eclipse/arm-none-eabi-gcc/7.3.1-1.1.1/.content/bin/../lib/gcc/arm-none-eabi/7.3.1/../../../../arm-none-eabi/lib/thumb/v7e-m/libg_nano.a(lib_a-nano-mallocr.o)
                0x00000000080042d4                _malloc_r
 .text._realloc_r
                0x0000000008004388       0x4c /home/jacob/opt/xPacks/@gnu-mcu-eclipse/arm-none-eabi-gcc/7.3.1-1.1.1/.content/bin/../lib/gcc/arm-none-eabi/7.3.1/../../../../arm-none-eabi/lib/thumb/v7e-m/libg_nano.a(lib_a-nano-reallocr.o)
                0x0000000008004388                _realloc_r
 .text._sbrk_r  0x00000000080043d4       0x20 /home/jacob/opt/xPacks/@gnu-mcu-eclipse/arm-none-eabi-gcc/7.3.1-1.1.1/.content/bin/../lib/gcc/arm-none-eabi/7.3.1/../../../../arm-none-eabi/lib/thumb/v7e-m/libg_nano.a(lib_a-sbrkr.o)
                0x00000000080043d4                _sbrk_r
 .text.__malloc_lock
                0x00000000080043f4        0x2 /home/jacob/opt/xPacks/@gnu-mcu-eclipse/arm-none-eabi-gcc/7.3.1-1.1.1/.content/bin/../lib/gcc/arm-none-eabi/7.3.1/../../../../arm-none-eabi/lib/thumb/v7e-m/libg_nano.a(lib_a-mlock.o)
                0x00000000080043f4                __malloc_lock
 .text.__malloc_unlock
                0x00000000080043f6        0x2 /home/jacob/opt/xPacks/@gnu-mcu-eclipse/arm-none-eabi-gcc/7.3.1-1.1.1/.content/bin/../lib/gcc/arm-none-eabi/7.3.1/../../../../arm-none-eabi/lib/thumb/v7e-m/libg_nano.a(lib_a-mlock.o)
                0x00000000080043f6                __malloc_unlock
 .text._malloc_usable_size_r
                0x00000000080043f8       0x10 /home/jacob/opt/xPacks/@gnu-mcu-eclipse/arm-none-eabi-gcc/7.3.1-1.1.1/.content/bin/../lib/gcc/arm-none-eabi/7.3.1/../../../../arm-none-eabi/lib/thumb/v7e-m/libg_nano.a(lib_a-nano-msizer.o)
                0x00000000080043f8                _malloc_usable_size_r
 .text._sbrk    0x0000000008004408       0x1c /home/jacob/opt/xPacks/@gnu-mcu-eclipse/arm-none-eabi-gcc/7.3.1-1.1.1/.content/bin/../lib/gcc/arm-none-eabi/7.3.1/../../../../arm-none-eabi/lib/thumb/v7e-m/libnosys.a(sbrk.o)
                0x0000000008004408                _sbrk
 *(.glue_7)
 .glue_7        0x0000000008004424        0x0 linker stubs
 *(.glue_7t)
 .glue_7t       0x0000000008004424        0x0 linker stubs
 *(.eh_frame)
 .eh_frame      0x0000000008004424        0x0 /home/jacob/opt/xPacks/@gnu-mcu-eclipse/arm-none-eabi-gcc/7.3.1-1.1.1/.content/bin/../lib/gcc/arm-none-eabi/7.3.1/thumb/v7e-m/crtbegin.o
 *(.init)
 .init          0x0000000008004424        0x4 /home/jacob/opt/xPacks/@gnu-mcu-eclipse/arm-none-eabi-gcc/7.3.1-1.1.1/.content/bin/../lib/gcc/arm-none-eabi/7.3.1/thumb/v7e-m/crti.o
                0x0000000008004424                _init
 .init          0x0000000008004428        0x8 /home/jacob/opt/xPacks/@gnu-mcu-eclipse/arm-none-eabi-gcc/7.3.1-1.1.1/.content/bin/../lib/gcc/arm-none-eabi/7.3.1/thumb/v7e-m/crtn.o
 *(.fini)
 .fini          0x0000000008004430        0x4 /home/jacob/opt/xPacks/@gnu-mcu-eclipse/arm-none-eabi-gcc/7.3.1-1.1.1/.content/bin/../lib/gcc/arm-none-eabi/7.3.1/thumb/v7e-m/crti.o
                0x0000000008004430                _fini
 .fini          0x0000000008004434        0x8 /home/jacob/opt/xPacks/@gnu-mcu-eclipse/arm-none-eabi-gcc/7.3.1-1.1.1/.content/bin/../lib/gcc/arm-none-eabi/7.3.1/thumb/v7e-m/crtn.o
                0x0000000008004440                . = ALIGN (0x8)
 *fill*         0x000000000800443c        0x4 
                0x0000000008004440                _etext = .

.vfp11_veneer   0x0000000008004440        0x0
 .vfp11_veneer  0x0000000008004440        0x0 linker stubs

.v4_bx          0x0000000008004440        0x0
 .v4_bx         0x0000000008004440        0x0 linker stubs

.iplt           0x0000000008004440        0x0
 .iplt          0x0000000008004440        0x0 /home/jacob/opt/xPacks/@gnu-mcu-eclipse/arm-none-eabi-gcc/7.3.1-1.1.1/.content/bin/../lib/gcc/arm-none-eabi/7.3.1/thumb/v7e-m/crtbegin.o

.rodata         0x0000000008004440       0xf8
                0x0000000008004440                . = ALIGN (0x8)
 *(.rodata)
 *(.rodata*)
 .rodata.main.str1.1
                0x0000000008004440       0x15 ./Src/main.o
 .rodata.AHBPrescTable
                0x0000000008004455       0x10 ./Src/system_stm32l4xx.o
                0x0000000008004455                AHBPrescTable
 *fill*         0x0000000008004465        0x3 
 .rodata.MSIRangeTable
                0x0000000008004468       0x30 ./Src/system_stm32l4xx.o
                0x0000000008004468                MSIRangeTable
 .rodata.CSWTCH.18
                0x0000000008004498        0x4 ./Src/usbd_conf.o
 .rodata.USBD_LL_Init.str1.1
                0x000000000800449c       0x13 ./Src/usbd_conf.o
 .rodata.USBD_FS_ConfigStrDescriptor.str1.1
                0x00000000080044af        0xb ./Src/usbd_desc.o
 .rodata.USBD_FS_InterfaceStrDescriptor.str1.1
                0x00000000080044ba        0xe ./Src/usbd_desc.o
 .rodata.USBD_FS_ManufacturerStrDescriptor.str1.1
                0x00000000080044c8       0x13 ./Src/usbd_desc.o
 .rodata.USBD_FS_ProductStrDescriptor.str1.1
                0x00000000080044db       0x16 ./Src/usbd_desc.o
 .rodata.USBD_FS_SerialStrDescriptor.str1.1
                0x00000000080044f1        0xd ./Src/usbd_desc.o
 .rodata._svfprintf_r.str1.1
                0x00000000080044fe       0x11 /home/jacob/opt/xPacks/@gnu-mcu-eclipse/arm-none-eabi-gcc/7.3.1-1.1.1/.content/bin/../lib/gcc/arm-none-eabi/7.3.1/../../../../arm-none-eabi/lib/thumb/v7e-m/libg_nano.a(lib_a-nano-svfprintf.o)
 .rodata._printf_i.str1.1
                0x000000000800450f       0x22 /home/jacob/opt/xPacks/@gnu-mcu-eclipse/arm-none-eabi-gcc/7.3.1-1.1.1/.content/bin/../lib/gcc/arm-none-eabi/7.3.1/../../../../arm-none-eabi/lib/thumb/v7e-m/libg_nano.a(lib_a-nano-vfprintf_i.o)
                0x0000000008004538                . = ALIGN (0x8)
 *fill*         0x0000000008004531        0x7 

.rel.dyn        0x0000000008004538        0x0
 .rel.iplt      0x0000000008004538        0x0 /home/jacob/opt/xPacks/@gnu-mcu-eclipse/arm-none-eabi-gcc/7.3.1-1.1.1/.content/bin/../lib/gcc/arm-none-eabi/7.3.1/thumb/v7e-m/crtbegin.o

.ARM.extab      0x0000000008004538        0x0
                0x0000000008004538                . = ALIGN (0x8)
 *(.ARM.extab* .gnu.linkonce.armextab.*)
                0x0000000008004538                . = ALIGN (0x8)

.ARM            0x0000000008004538        0x0
                0x0000000008004538                . = ALIGN (0x8)
                0x0000000008004538                __exidx_start = .
 *(.ARM.exidx*)
                0x0000000008004538                __exidx_end = .
                0x0000000008004538                . = ALIGN (0x8)

.preinit_array  0x0000000008004538        0x0
                0x0000000008004538                . = ALIGN (0x8)
                0x0000000008004538                PROVIDE (__preinit_array_start = .)
 *(.preinit_array*)
                0x0000000008004538                PROVIDE (__preinit_array_end = .)
                0x0000000008004538                . = ALIGN (0x8)

.init_array     0x0000000008004538        0x8
                0x0000000008004538                . = ALIGN (0x8)
                0x0000000008004538                PROVIDE (__init_array_start = .)
 *(SORT_BY_NAME(.init_array.*))
 *(.init_array*)
 .init_array    0x0000000008004538        0x4 /home/jacob/opt/xPacks/@gnu-mcu-eclipse/arm-none-eabi-gcc/7.3.1-1.1.1/.content/bin/../lib/gcc/arm-none-eabi/7.3.1/thumb/v7e-m/crtbegin.o
                0x000000000800453c                PROVIDE (__init_array_end = .)
                0x0000000008004540                . = ALIGN (0x8)
 *fill*         0x000000000800453c        0x4 

.fini_array     0x0000000008004540        0x8
                0x0000000008004540                . = ALIGN (0x8)
                [!provide]                        PROVIDE (__fini_array_start = .)
 *(SORT_BY_NAME(.fini_array.*))
 *(.fini_array*)
 .fini_array    0x0000000008004540        0x4 /home/jacob/opt/xPacks/@gnu-mcu-eclipse/arm-none-eabi-gcc/7.3.1-1.1.1/.content/bin/../lib/gcc/arm-none-eabi/7.3.1/thumb/v7e-m/crtbegin.o
                [!provide]                        PROVIDE (__fini_array_end = .)
                0x0000000008004548                . = ALIGN (0x8)
 *fill*         0x0000000008004544        0x4 
                0x0000000008004548                _sidata = LOADADDR (.data)

.data           0x0000000020000000      0x1d8 load address 0x0000000008004548
                0x0000000020000000                . = ALIGN (0x8)
                0x0000000020000000                _sdata = .
 *(.data)
 *(.data*)
 .data.SystemCoreClock
                0x0000000020000000        0x4 ./Src/system_stm32l4xx.o
                0x0000000020000000                SystemCoreClock
 .data.LineCoding
                0x0000000020000004        0x8 ./Src/usbd_cdc_if.o
                0x0000000020000004                LineCoding
 .data.USBD_Interface_fops_FS
                0x000000002000000c       0x10 ./Src/usbd_cdc_if.o
                0x000000002000000c                USBD_Interface_fops_FS
 .data.FS_Desc  0x000000002000001c       0x20 ./Src/usbd_desc.o
                0x000000002000001c                FS_Desc
 .data.USBD_FS_BOSDesc
                0x000000002000003c        0xc ./Src/usbd_desc.o
                0x000000002000003c                USBD_FS_BOSDesc
 .data.USBD_FS_DeviceDesc
                0x0000000020000048       0x12 ./Src/usbd_desc.o
                0x0000000020000048                USBD_FS_DeviceDesc
 *fill*         0x000000002000005a        0x2 
 .data.USBD_LangIDDesc
                0x000000002000005c        0x4 ./Src/usbd_desc.o
                0x000000002000005c                USBD_LangIDDesc
 .data.USBD_CDC
                0x0000000020000060       0x38 ./Middlewares/ST/STM32_USB_Device_Library/Class/CDC/Src/usbd_cdc.o
                0x0000000020000060                USBD_CDC
 .data.USBD_CDC_CfgFSDesc
                0x0000000020000098       0x43 ./Middlewares/ST/STM32_USB_Device_Library/Class/CDC/Src/usbd_cdc.o
                0x0000000020000098                USBD_CDC_CfgFSDesc
 *fill*         0x00000000200000db        0x1 
 .data.USBD_CDC_CfgHSDesc
                0x00000000200000dc       0x43 ./Middlewares/ST/STM32_USB_Device_Library/Class/CDC/Src/usbd_cdc.o
                0x00000000200000dc                USBD_CDC_CfgHSDesc
 *fill*         0x000000002000011f        0x1 
 .data.USBD_CDC_DeviceQualifierDesc
                0x0000000020000120        0xa ./Middlewares/ST/STM32_USB_Device_Library/Class/CDC/Src/usbd_cdc.o
 *fill*         0x000000002000012a        0x2 
 .data.USBD_CDC_OtherSpeedCfgDesc
                0x000000002000012c       0x43 ./Middlewares/ST/STM32_USB_Device_Library/Class/CDC/Src/usbd_cdc.o
                0x000000002000012c                USBD_CDC_OtherSpeedCfgDesc
 *fill*         0x000000002000016f        0x1 
 .data._impure_ptr
                0x0000000020000170        0x4 /home/jacob/opt/xPacks/@gnu-mcu-eclipse/arm-none-eabi-gcc/7.3.1-1.1.1/.content/bin/../lib/gcc/arm-none-eabi/7.3.1/../../../../arm-none-eabi/lib/thumb/v7e-m/libg_nano.a(lib_a-impure.o)
                0x0000000020000170                _impure_ptr
 .data.impure_data
                0x0000000020000174       0x60 /home/jacob/opt/xPacks/@gnu-mcu-eclipse/arm-none-eabi-gcc/7.3.1-1.1.1/.content/bin/../lib/gcc/arm-none-eabi/7.3.1/../../../../arm-none-eabi/lib/thumb/v7e-m/libg_nano.a(lib_a-impure.o)
                0x00000000200001d8                . = ALIGN (0x8)
 *fill*         0x00000000200001d4        0x4 
                0x00000000200001d8                _edata = .

.tm_clone_table
                0x00000000200001d8        0x0 load address 0x0000000008004720
 .tm_clone_table
                0x00000000200001d8        0x0 /home/jacob/opt/xPacks/@gnu-mcu-eclipse/arm-none-eabi-gcc/7.3.1-1.1.1/.content/bin/../lib/gcc/arm-none-eabi/7.3.1/thumb/v7e-m/crtbegin.o
 .tm_clone_table
                0x00000000200001d8        0x0 /home/jacob/opt/xPacks/@gnu-mcu-eclipse/arm-none-eabi-gcc/7.3.1-1.1.1/.content/bin/../lib/gcc/arm-none-eabi/7.3.1/thumb/v7e-m/crtend.o

.igot.plt       0x00000000200001d8        0x0 load address 0x0000000008004720
 .igot.plt      0x00000000200001d8        0x0 /home/jacob/opt/xPacks/@gnu-mcu-eclipse/arm-none-eabi-gcc/7.3.1-1.1.1/.content/bin/../lib/gcc/arm-none-eabi/7.3.1/thumb/v7e-m/crtbegin.o
                0x00000000200001d8                . = ALIGN (0x4)

.bss            0x00000000200001d8     0x1448 load address 0x0000000008004720
                0x00000000200001d8                _sbss = .
                0x00000000200001d8                __bss_start__ = _sbss
 *(.bss)
 *(.bss*)
 .bss.completed.6486
                0x00000000200001d8        0x1 /home/jacob/opt/xPacks/@gnu-mcu-eclipse/arm-none-eabi-gcc/7.3.1-1.1.1/.content/bin/../lib/gcc/arm-none-eabi/7.3.1/thumb/v7e-m/crtbegin.o
 *fill*         0x00000000200001d9        0x3 
 .bss.object.6491
                0x00000000200001dc       0x18 /home/jacob/opt/xPacks/@gnu-mcu-eclipse/arm-none-eabi-gcc/7.3.1-1.1.1/.content/bin/../lib/gcc/arm-none-eabi/7.3.1/thumb/v7e-m/crtbegin.o
 .bss.mem.8511  0x00000000200001f4      0x220 ./Src/usbd_conf.o
 .bss.cfgidx.8362
                0x0000000020000414        0x1 ./Middlewares/ST/STM32_USB_Device_Library/Core/Src/usbd_ctlreq.o
 *fill*         0x0000000020000415        0x3 
 .bss.__malloc_free_list
                0x0000000020000418        0x4 /home/jacob/opt/xPacks/@gnu-mcu-eclipse/arm-none-eabi-gcc/7.3.1-1.1.1/.content/bin/../lib/gcc/arm-none-eabi/7.3.1/../../../../arm-none-eabi/lib/thumb/v7e-m/libg_nano.a(lib_a-nano-mallocr.o)
                0x0000000020000418                __malloc_free_list
 .bss.__malloc_sbrk_start
                0x000000002000041c        0x4 /home/jacob/opt/xPacks/@gnu-mcu-eclipse/arm-none-eabi-gcc/7.3.1-1.1.1/.content/bin/../lib/gcc/arm-none-eabi/7.3.1/../../../../arm-none-eabi/lib/thumb/v7e-m/libg_nano.a(lib_a-nano-mallocr.o)
                0x000000002000041c                __malloc_sbrk_start
 .bss.heap_end.4102
                0x0000000020000420        0x4 /home/jacob/opt/xPacks/@gnu-mcu-eclipse/arm-none-eabi-gcc/7.3.1-1.1.1/.content/bin/../lib/gcc/arm-none-eabi/7.3.1/../../../../arm-none-eabi/lib/thumb/v7e-m/libnosys.a(sbrk.o)
 *(COMMON)
 COMMON         0x0000000020000424      0x114 ./Src/main.o
                0x0000000020000424                hspi2
                0x0000000020000488                hi2c1
                0x00000000200004d4                hspi1
 COMMON         0x0000000020000538      0x29c ./Src/usb_device.o
                0x0000000020000538                hUsbDeviceFS
 COMMON         0x00000000200007d4      0x7d0 ./Src/usbd_cdc_if.o
                0x00000000200007d4                UserRxBufferFS
                0x0000000020000bbc                UserTxBufferFS
 COMMON         0x0000000020000fa4      0x474 ./Src/usbd_conf.o
                0x0000000020000fa4                hpcd_USB_FS
 COMMON         0x0000000020001418      0x200 ./Src/usbd_desc.o
                0x0000000020001418                USBD_StrDesc
 COMMON         0x0000000020001618        0x4 ./Drivers/STM32L4xx_HAL_Driver/Src/stm32l4xx_hal.o
                0x0000000020001618                uwTick
 COMMON         0x000000002000161c        0x4 /home/jacob/opt/xPacks/@gnu-mcu-eclipse/arm-none-eabi-gcc/7.3.1-1.1.1/.content/bin/../lib/gcc/arm-none-eabi/7.3.1/../../../../arm-none-eabi/lib/thumb/v7e-m/libg_nano.a(lib_a-reent.o)
                0x000000002000161c                errno
                0x0000000020001620                . = ALIGN (0x4)
                0x0000000020001620                _ebss = .
                0x0000000020001620                __bss_end__ = _ebss

._user_heap_stack
                0x0000000020001620      0x600 load address 0x0000000008004720
                0x0000000020001620                . = ALIGN (0x8)
                0x0000000020001620                PROVIDE (end = .)
                [!provide]                        PROVIDE (_end = .)
                0x0000000020001820                . = (. + _Min_Heap_Size)
 *fill*         0x0000000020001620      0x200 
                0x0000000020001c20                . = (. + _Min_Stack_Size)
 *fill*         0x0000000020001820      0x400 
                0x0000000020001c20                . = ALIGN (0x8)

/DISCARD/
 libc.a(*)
 libm.a(*)
 libgcc.a(*)

.ARM.attributes
                0x0000000000000000       0x2a
 *(.ARM.attributes)
 .ARM.attributes
                0x0000000000000000       0x1e /home/jacob/opt/xPacks/@gnu-mcu-eclipse/arm-none-eabi-gcc/7.3.1-1.1.1/.content/bin/../lib/gcc/arm-none-eabi/7.3.1/thumb/v7e-m/crti.o
 .ARM.attributes
                0x000000000000001e       0x2e /home/jacob/opt/xPacks/@gnu-mcu-eclipse/arm-none-eabi-gcc/7.3.1-1.1.1/.content/bin/../lib/gcc/arm-none-eabi/7.3.1/thumb/v7e-m/crtbegin.o
 .ARM.attributes
                0x000000000000004c       0x21 ./startup/startup_stm32l433xx.o
 .ARM.attributes
                0x000000000000006d       0x33 ./Src/main.o
 .ARM.attributes
                0x00000000000000a0       0x33 ./Src/stm32l4xx_hal_msp.o
 .ARM.attributes
                0x00000000000000d3       0x33 ./Src/stm32l4xx_it.o
 .ARM.attributes
                0x0000000000000106       0x33 ./Src/system_stm32l4xx.o
 .ARM.attributes
                0x0000000000000139       0x33 ./Src/usb_device.o
 .ARM.attributes
                0x000000000000016c       0x33 ./Src/usbd_cdc_if.o
 .ARM.attributes
                0x000000000000019f       0x33 ./Src/usbd_conf.o
 .ARM.attributes
                0x00000000000001d2       0x33 ./Src/usbd_desc.o
 .ARM.attributes
                0x0000000000000205       0x33 ./Middlewares/ST/STM32_USB_Device_Library/Core/Src/usbd_core.o
 .ARM.attributes
                0x0000000000000238       0x33 ./Middlewares/ST/STM32_USB_Device_Library/Core/Src/usbd_ctlreq.o
 .ARM.attributes
                0x000000000000026b       0x33 ./Middlewares/ST/STM32_USB_Device_Library/Core/Src/usbd_ioreq.o
 .ARM.attributes
                0x000000000000029e       0x33 ./Middlewares/ST/STM32_USB_Device_Library/Class/CDC/Src/usbd_cdc.o
 .ARM.attributes
                0x00000000000002d1       0x33 ./Drivers/STM32L4xx_HAL_Driver/Src/stm32l4xx_hal.o
 .ARM.attributes
                0x0000000000000304       0x33 ./Drivers/STM32L4xx_HAL_Driver/Src/stm32l4xx_hal_cortex.o
 .ARM.attributes
                0x0000000000000337       0x33 ./Drivers/STM32L4xx_HAL_Driver/Src/stm32l4xx_hal_gpio.o
 .ARM.attributes
                0x000000000000036a       0x33 ./Drivers/STM32L4xx_HAL_Driver/Src/stm32l4xx_hal_i2c.o
 .ARM.attributes
                0x000000000000039d       0x33 ./Drivers/STM32L4xx_HAL_Driver/Src/stm32l4xx_hal_i2c_ex.o
 .ARM.attributes
                0x00000000000003d0       0x33 ./Drivers/STM32L4xx_HAL_Driver/Src/stm32l4xx_hal_pcd.o
 .ARM.attributes
                0x0000000000000403       0x33 ./Drivers/STM32L4xx_HAL_Driver/Src/stm32l4xx_hal_pcd_ex.o
 .ARM.attributes
                0x0000000000000436       0x33 ./Drivers/STM32L4xx_HAL_Driver/Src/stm32l4xx_hal_pwr_ex.o
 .ARM.attributes
                0x0000000000000469       0x33 ./Drivers/STM32L4xx_HAL_Driver/Src/stm32l4xx_hal_rcc.o
 .ARM.attributes
                0x000000000000049c       0x33 ./Drivers/STM32L4xx_HAL_Driver/Src/stm32l4xx_hal_rcc_ex.o
 .ARM.attributes
                0x00000000000004cf       0x33 ./Drivers/STM32L4xx_HAL_Driver/Src/stm32l4xx_hal_spi.o
 .ARM.attributes
                0x0000000000000502       0x33 ./Drivers/STM32L4xx_HAL_Driver/Src/stm32l4xx_ll_usb.o
 .ARM.attributes
                0x0000000000000535       0x2e /home/jacob/opt/xPacks/@gnu-mcu-eclipse/arm-none-eabi-gcc/7.3.1-1.1.1/.content/bin/../lib/gcc/arm-none-eabi/7.3.1/../../../../arm-none-eabi/lib/thumb/v7e-m/libg_nano.a(lib_a-impure.o)
 .ARM.attributes
                0x0000000000000563       0x2e /home/jacob/opt/xPacks/@gnu-mcu-eclipse/arm-none-eabi-gcc/7.3.1-1.1.1/.content/bin/../lib/gcc/arm-none-eabi/7.3.1/../../../../arm-none-eabi/lib/thumb/v7e-m/libg_nano.a(lib_a-init.o)
 .ARM.attributes
                0x0000000000000591       0x2e /home/jacob/opt/xPacks/@gnu-mcu-eclipse/arm-none-eabi-gcc/7.3.1-1.1.1/.content/bin/../lib/gcc/arm-none-eabi/7.3.1/../../../../arm-none-eabi/lib/thumb/v7e-m/libg_nano.a(lib_a-memcpy-stub.o)
 .ARM.attributes
                0x00000000000005bf       0x2e /home/jacob/opt/xPacks/@gnu-mcu-eclipse/arm-none-eabi-gcc/7.3.1-1.1.1/.content/bin/../lib/gcc/arm-none-eabi/7.3.1/../../../../arm-none-eabi/lib/thumb/v7e-m/libg_nano.a(lib_a-memset.o)
 .ARM.attributes
                0x00000000000005ed       0x2e /home/jacob/opt/xPacks/@gnu-mcu-eclipse/arm-none-eabi-gcc/7.3.1-1.1.1/.content/bin/../lib/gcc/arm-none-eabi/7.3.1/../../../../arm-none-eabi/lib/thumb/v7e-m/libg_nano.a(lib_a-sprintf.o)
 .ARM.attributes
                0x000000000000061b       0x17 /home/jacob/opt/xPacks/@gnu-mcu-eclipse/arm-none-eabi-gcc/7.3.1-1.1.1/.content/bin/../lib/gcc/arm-none-eabi/7.3.1/../../../../arm-none-eabi/lib/thumb/v7e-m/libg_nano.a(lib_a-strlen.o)
 .ARM.attributes
                0x0000000000000632       0x2e /home/jacob/opt/xPacks/@gnu-mcu-eclipse/arm-none-eabi-gcc/7.3.1-1.1.1/.content/bin/../lib/gcc/arm-none-eabi/7.3.1/../../../../arm-none-eabi/lib/thumb/v7e-m/libg_nano.a(lib_a-nano-svfprintf.o)
 .ARM.attributes
                0x0000000000000660       0x2e /home/jacob/opt/xPacks/@gnu-mcu-eclipse/arm-none-eabi-gcc/7.3.1-1.1.1/.content/bin/../lib/gcc/arm-none-eabi/7.3.1/../../../../arm-none-eabi/lib/thumb/v7e-m/libg_nano.a(lib_a-nano-vfprintf_i.o)
 .ARM.attributes
                0x000000000000068e       0x1c /home/jacob/opt/xPacks/@gnu-mcu-eclipse/arm-none-eabi-gcc/7.3.1-1.1.1/.content/bin/../lib/gcc/arm-none-eabi/7.3.1/../../../../arm-none-eabi/lib/thumb/v7e-m/libg_nano.a(lib_a-memchr.o)
 .ARM.attributes
                0x00000000000006aa       0x2e /home/jacob/opt/xPacks/@gnu-mcu-eclipse/arm-none-eabi-gcc/7.3.1-1.1.1/.content/bin/../lib/gcc/arm-none-eabi/7.3.1/../../../../arm-none-eabi/lib/thumb/v7e-m/libg_nano.a(lib_a-memmove.o)
 .ARM.attributes
                0x00000000000006d8       0x2e /home/jacob/opt/xPacks/@gnu-mcu-eclipse/arm-none-eabi-gcc/7.3.1-1.1.1/.content/bin/../lib/gcc/arm-none-eabi/7.3.1/../../../../arm-none-eabi/lib/thumb/v7e-m/libg_nano.a(lib_a-nano-freer.o)
 .ARM.attributes
                0x0000000000000706       0x2e /home/jacob/opt/xPacks/@gnu-mcu-eclipse/arm-none-eabi-gcc/7.3.1-1.1.1/.content/bin/../lib/gcc/arm-none-eabi/7.3.1/../../../../arm-none-eabi/lib/thumb/v7e-m/libg_nano.a(lib_a-nano-mallocr.o)
 .ARM.attributes
                0x0000000000000734       0x2e /home/jacob/opt/xPacks/@gnu-mcu-eclipse/arm-none-eabi-gcc/7.3.1-1.1.1/.content/bin/../lib/gcc/arm-none-eabi/7.3.1/../../../../arm-none-eabi/lib/thumb/v7e-m/libg_nano.a(lib_a-nano-reallocr.o)
 .ARM.attributes
                0x0000000000000762       0x2e /home/jacob/opt/xPacks/@gnu-mcu-eclipse/arm-none-eabi-gcc/7.3.1-1.1.1/.content/bin/../lib/gcc/arm-none-eabi/7.3.1/../../../../arm-none-eabi/lib/thumb/v7e-m/libg_nano.a(lib_a-sbrkr.o)
 .ARM.attributes
                0x0000000000000790       0x2e /home/jacob/opt/xPacks/@gnu-mcu-eclipse/arm-none-eabi-gcc/7.3.1-1.1.1/.content/bin/../lib/gcc/arm-none-eabi/7.3.1/../../../../arm-none-eabi/lib/thumb/v7e-m/libg_nano.a(lib_a-mlock.o)
 .ARM.attributes
                0x00000000000007be       0x2e /home/jacob/opt/xPacks/@gnu-mcu-eclipse/arm-none-eabi-gcc/7.3.1-1.1.1/.content/bin/../lib/gcc/arm-none-eabi/7.3.1/../../../../arm-none-eabi/lib/thumb/v7e-m/libg_nano.a(lib_a-nano-msizer.o)
 .ARM.attributes
                0x00000000000007ec       0x2e /home/jacob/opt/xPacks/@gnu-mcu-eclipse/arm-none-eabi-gcc/7.3.1-1.1.1/.content/bin/../lib/gcc/arm-none-eabi/7.3.1/../../../../arm-none-eabi/lib/thumb/v7e-m/libg_nano.a(lib_a-reent.o)
 .ARM.attributes
                0x000000000000081a       0x2e /home/jacob/opt/xPacks/@gnu-mcu-eclipse/arm-none-eabi-gcc/7.3.1-1.1.1/.content/bin/../lib/gcc/arm-none-eabi/7.3.1/../../../../arm-none-eabi/lib/thumb/v7e-m/libnosys.a(sbrk.o)
 .ARM.attributes
                0x0000000000000848       0x2e /home/jacob/opt/xPacks/@gnu-mcu-eclipse/arm-none-eabi-gcc/7.3.1-1.1.1/.content/bin/../lib/gcc/arm-none-eabi/7.3.1/thumb/v7e-m/crtend.o
 .ARM.attributes
                0x0000000000000876       0x1e /home/jacob/opt/xPacks/@gnu-mcu-eclipse/arm-none-eabi-gcc/7.3.1-1.1.1/.content/bin/../lib/gcc/arm-none-eabi/7.3.1/thumb/v7e-m/crtn.o
OUTPUT(StoveControllerCPP.elf elf32-littlearm)

.debug_line     0x0000000000000000     0x9d7d
 .debug_line    0x0000000000000000       0x7f ./startup/startup_stm32l433xx.o
 .debug_line    0x000000000000007f      0x6b0 ./Src/main.o
 .debug_line    0x000000000000072f      0x371 ./Src/stm32l4xx_hal_msp.o
 .debug_line    0x0000000000000aa0      0x30a ./Src/stm32l4xx_it.o
 .debug_line    0x0000000000000daa      0x234 ./Src/system_stm32l4xx.o
 .debug_line    0x0000000000000fde      0x56a ./Src/usb_device.o
 .debug_line    0x0000000000001548      0x584 ./Src/usbd_cdc_if.o
 .debug_line    0x0000000000001acc      0x7a6 ./Src/usbd_conf.o
 .debug_line    0x0000000000002272      0x529 ./Src/usbd_desc.o
 .debug_line    0x000000000000279b      0x67e ./Middlewares/ST/STM32_USB_Device_Library/Core/Src/usbd_core.o
 .debug_line    0x0000000000002e19      0x612 ./Middlewares/ST/STM32_USB_Device_Library/Core/Src/usbd_ctlreq.o
 .debug_line    0x000000000000342b      0x4f2 ./Middlewares/ST/STM32_USB_Device_Library/Core/Src/usbd_ioreq.o
 .debug_line    0x000000000000391d      0x784 ./Middlewares/ST/STM32_USB_Device_Library/Class/CDC/Src/usbd_cdc.o
 .debug_line    0x00000000000040a1      0x4c9 ./Drivers/STM32L4xx_HAL_Driver/Src/stm32l4xx_hal.o
 .debug_line    0x000000000000456a      0x4ee ./Drivers/STM32L4xx_HAL_Driver/Src/stm32l4xx_hal_cortex.o
 .debug_line    0x0000000000004a58      0x43b ./Drivers/STM32L4xx_HAL_Driver/Src/stm32l4xx_hal_gpio.o
 .debug_line    0x0000000000004e93     0x1a30 ./Drivers/STM32L4xx_HAL_Driver/Src/stm32l4xx_hal_i2c.o
 .debug_line    0x00000000000068c3      0x3d7 ./Drivers/STM32L4xx_HAL_Driver/Src/stm32l4xx_hal_i2c_ex.o
 .debug_line    0x0000000000006c9a      0x67e ./Drivers/STM32L4xx_HAL_Driver/Src/stm32l4xx_hal_pcd.o
 .debug_line    0x0000000000007318      0x366 ./Drivers/STM32L4xx_HAL_Driver/Src/stm32l4xx_hal_pcd_ex.o
 .debug_line    0x000000000000767e      0x5f3 ./Drivers/STM32L4xx_HAL_Driver/Src/stm32l4xx_hal_pwr_ex.o
 .debug_line    0x0000000000007c71      0x63f ./Drivers/STM32L4xx_HAL_Driver/Src/stm32l4xx_hal_rcc.o
 .debug_line    0x00000000000082b0      0x754 ./Drivers/STM32L4xx_HAL_Driver/Src/stm32l4xx_hal_rcc_ex.o
 .debug_line    0x0000000000008a04      0xd55 ./Drivers/STM32L4xx_HAL_Driver/Src/stm32l4xx_hal_spi.o
 .debug_line    0x0000000000009759      0x624 ./Drivers/STM32L4xx_HAL_Driver/Src/stm32l4xx_ll_usb.o

.debug_info     0x0000000000000000    0x1ccd8
 .debug_info    0x0000000000000000       0x22 ./startup/startup_stm32l433xx.o
 .debug_info    0x0000000000000022     0x2502 ./Src/main.o
 .debug_info    0x0000000000002524     0x1013 ./Src/stm32l4xx_hal_msp.o
 .debug_info    0x0000000000003537      0x6c2 ./Src/stm32l4xx_it.o
 .debug_info    0x0000000000003bf9      0x5a2 ./Src/system_stm32l4xx.o
 .debug_info    0x000000000000419b     0x148b ./Src/usb_device.o
 .debug_info    0x0000000000005626     0x119a ./Src/usbd_cdc_if.o
 .debug_info    0x00000000000067c0     0x2464 ./Src/usbd_conf.o
 .debug_info    0x0000000000008c24      0xe3b ./Src/usbd_desc.o
 .debug_info    0x0000000000009a5f     0x1519 ./Middlewares/ST/STM32_USB_Device_Library/Core/Src/usbd_core.o
 .debug_info    0x000000000000af78     0x1554 ./Middlewares/ST/STM32_USB_Device_Library/Core/Src/usbd_ctlreq.o
 .debug_info    0x000000000000c4cc     0x103a ./Middlewares/ST/STM32_USB_Device_Library/Core/Src/usbd_ioreq.o
 .debug_info    0x000000000000d506     0x1ada ./Middlewares/ST/STM32_USB_Device_Library/Class/CDC/Src/usbd_cdc.o
 .debug_info    0x000000000000efe0      0xaab ./Drivers/STM32L4xx_HAL_Driver/Src/stm32l4xx_hal.o
 .debug_info    0x000000000000fa8b      0xeeb ./Drivers/STM32L4xx_HAL_Driver/Src/stm32l4xx_hal_cortex.o
 .debug_info    0x0000000000010976      0x831 ./Drivers/STM32L4xx_HAL_Driver/Src/stm32l4xx_hal_gpio.o
 .debug_info    0x00000000000111a7     0x36bc ./Drivers/STM32L4xx_HAL_Driver/Src/stm32l4xx_hal_i2c.o
 .debug_info    0x0000000000014863      0xa15 ./Drivers/STM32L4xx_HAL_Driver/Src/stm32l4xx_hal_i2c_ex.o
 .debug_info    0x0000000000015278     0x139e ./Drivers/STM32L4xx_HAL_Driver/Src/stm32l4xx_hal_pcd.o
 .debug_info    0x0000000000016616      0x93a ./Drivers/STM32L4xx_HAL_Driver/Src/stm32l4xx_hal_pcd_ex.o
 .debug_info    0x0000000000016f50      0xa52 ./Drivers/STM32L4xx_HAL_Driver/Src/stm32l4xx_hal_pwr_ex.o
 .debug_info    0x00000000000179a2      0xda0 ./Drivers/STM32L4xx_HAL_Driver/Src/stm32l4xx_hal_rcc.o
 .debug_info    0x0000000000018742     0x10be ./Drivers/STM32L4xx_HAL_Driver/Src/stm32l4xx_hal_rcc_ex.o
 .debug_info    0x0000000000019800     0x1f88 ./Drivers/STM32L4xx_HAL_Driver/Src/stm32l4xx_hal_spi.o
 .debug_info    0x000000000001b788     0x1550 ./Drivers/STM32L4xx_HAL_Driver/Src/stm32l4xx_ll_usb.o

.debug_abbrev   0x0000000000000000     0x3f66
 .debug_abbrev  0x0000000000000000       0x12 ./startup/startup_stm32l433xx.o
 .debug_abbrev  0x0000000000000012      0x36d ./Src/main.o
 .debug_abbrev  0x000000000000037f      0x1e1 ./Src/stm32l4xx_hal_msp.o
 .debug_abbrev  0x0000000000000560      0x1a1 ./Src/stm32l4xx_it.o
 .debug_abbrev  0x0000000000000701      0x131 ./Src/system_stm32l4xx.o
 .debug_abbrev  0x0000000000000832      0x272 ./Src/usb_device.o
 .debug_abbrev  0x0000000000000aa4      0x330 ./Src/usbd_cdc_if.o
 .debug_abbrev  0x0000000000000dd4      0x346 ./Src/usbd_conf.o
 .debug_abbrev  0x000000000000111a      0x2a1 ./Src/usbd_desc.o
 .debug_abbrev  0x00000000000013bb      0x35a ./Middlewares/ST/STM32_USB_Device_Library/Core/Src/usbd_core.o
 .debug_abbrev  0x0000000000001715      0x3f5 ./Middlewares/ST/STM32_USB_Device_Library/Core/Src/usbd_ctlreq.o
 .debug_abbrev  0x0000000000001b0a      0x22f ./Middlewares/ST/STM32_USB_Device_Library/Core/Src/usbd_ioreq.o
 .debug_abbrev  0x0000000000001d39      0x32c ./Middlewares/ST/STM32_USB_Device_Library/Class/CDC/Src/usbd_cdc.o
 .debug_abbrev  0x0000000000002065      0x2a1 ./Drivers/STM32L4xx_HAL_Driver/Src/stm32l4xx_hal.o
 .debug_abbrev  0x0000000000002306      0x2f7 ./Drivers/STM32L4xx_HAL_Driver/Src/stm32l4xx_hal_cortex.o
 .debug_abbrev  0x00000000000025fd      0x1d9 ./Drivers/STM32L4xx_HAL_Driver/Src/stm32l4xx_hal_gpio.o
 .debug_abbrev  0x00000000000027d6      0x357 ./Drivers/STM32L4xx_HAL_Driver/Src/stm32l4xx_hal_i2c.o
 .debug_abbrev  0x0000000000002b2d      0x1b4 ./Drivers/STM32L4xx_HAL_Driver/Src/stm32l4xx_hal_i2c_ex.o
 .debug_abbrev  0x0000000000002ce1      0x317 ./Drivers/STM32L4xx_HAL_Driver/Src/stm32l4xx_hal_pcd.o
 .debug_abbrev  0x0000000000002ff8      0x211 ./Drivers/STM32L4xx_HAL_Driver/Src/stm32l4xx_hal_pcd_ex.o
 .debug_abbrev  0x0000000000003209      0x229 ./Drivers/STM32L4xx_HAL_Driver/Src/stm32l4xx_hal_pwr_ex.o
 .debug_abbrev  0x0000000000003432      0x269 ./Drivers/STM32L4xx_HAL_Driver/Src/stm32l4xx_hal_rcc.o
 .debug_abbrev  0x000000000000369b      0x2ed ./Drivers/STM32L4xx_HAL_Driver/Src/stm32l4xx_hal_rcc_ex.o
 .debug_abbrev  0x0000000000003988      0x334 ./Drivers/STM32L4xx_HAL_Driver/Src/stm32l4xx_hal_spi.o
 .debug_abbrev  0x0000000000003cbc      0x2aa ./Drivers/STM32L4xx_HAL_Driver/Src/stm32l4xx_ll_usb.o

.debug_aranges  0x0000000000000000      0xf50
 .debug_aranges
                0x0000000000000000       0x28 ./startup/startup_stm32l433xx.o
 .debug_aranges
                0x0000000000000028       0x30 ./Src/main.o
 .debug_aranges
                0x0000000000000058       0x40 ./Src/stm32l4xx_hal_msp.o
 .debug_aranges
                0x0000000000000098       0x50 ./Src/stm32l4xx_it.o
 .debug_aranges
                0x00000000000000e8       0x28 ./Src/system_stm32l4xx.o
 .debug_aranges
                0x0000000000000110       0x28 ./Src/usb_device.o
 .debug_aranges
                0x0000000000000138       0x40 ./Src/usbd_cdc_if.o
 .debug_aranges
                0x0000000000000178      0x120 ./Src/usbd_conf.o
 .debug_aranges
                0x0000000000000298       0x58 ./Src/usbd_desc.o
 .debug_aranges
                0x00000000000002f0       0xa8 ./Middlewares/ST/STM32_USB_Device_Library/Core/Src/usbd_core.o
 .debug_aranges
                0x0000000000000398       0x50 ./Middlewares/ST/STM32_USB_Device_Library/Core/Src/usbd_ctlreq.o
 .debug_aranges
                0x00000000000003e8       0x50 ./Middlewares/ST/STM32_USB_Device_Library/Core/Src/usbd_ioreq.o
 .debug_aranges
                0x0000000000000438       0x90 ./Middlewares/ST/STM32_USB_Device_Library/Class/CDC/Src/usbd_cdc.o
 .debug_aranges
                0x00000000000004c8      0x108 ./Drivers/STM32L4xx_HAL_Driver/Src/stm32l4xx_hal.o
 .debug_aranges
                0x00000000000005d0       0xa8 ./Drivers/STM32L4xx_HAL_Driver/Src/stm32l4xx_hal_cortex.o
 .debug_aranges
                0x0000000000000678       0x58 ./Drivers/STM32L4xx_HAL_Driver/Src/stm32l4xx_hal_gpio.o
 .debug_aranges
                0x00000000000006d0      0x238 ./Drivers/STM32L4xx_HAL_Driver/Src/stm32l4xx_hal_i2c.o
 .debug_aranges
                0x0000000000000908       0x48 ./Drivers/STM32L4xx_HAL_Driver/Src/stm32l4xx_hal_i2c_ex.o
 .debug_aranges
                0x0000000000000950       0xc0 ./Drivers/STM32L4xx_HAL_Driver/Src/stm32l4xx_hal_pcd.o
 .debug_aranges
                0x0000000000000a10       0x50 ./Drivers/STM32L4xx_HAL_Driver/Src/stm32l4xx_hal_pcd_ex.o
 .debug_aranges
                0x0000000000000a60      0x110 ./Drivers/STM32L4xx_HAL_Driver/Src/stm32l4xx_hal_pwr_ex.o
 .debug_aranges
                0x0000000000000b70       0x88 ./Drivers/STM32L4xx_HAL_Driver/Src/stm32l4xx_hal_rcc.o
 .debug_aranges
                0x0000000000000bf8       0xd0 ./Drivers/STM32L4xx_HAL_Driver/Src/stm32l4xx_hal_rcc_ex.o
 .debug_aranges
                0x0000000000000cc8      0x198 ./Drivers/STM32L4xx_HAL_Driver/Src/stm32l4xx_hal_spi.o
 .debug_aranges
                0x0000000000000e60       0xf0 ./Drivers/STM32L4xx_HAL_Driver/Src/stm32l4xx_ll_usb.o

.debug_str      0x0000000000000000     0x538c
 .debug_str     0x0000000000000000       0x7e ./startup/startup_stm32l433xx.o
 .debug_str     0x000000000000007e     0x1a0e ./Src/main.o
                                       0x1c45 (size before relaxing)
 .debug_str     0x0000000000001a8c       0xa2 ./Src/stm32l4xx_hal_msp.o
                                        0xf33 (size before relaxing)
 .debug_str     0x0000000000001b2e      0x3b2 ./Src/stm32l4xx_it.o
                                        0x696 (size before relaxing)
 .debug_str     0x0000000000001ee0       0xb3 ./Src/system_stm32l4xx.o
                                        0x3ff (size before relaxing)
 .debug_str     0x0000000000001f93      0x18e ./Src/usb_device.o
                                        0xf14 (size before relaxing)
 .debug_str     0x0000000000002121      0x197 ./Src/usbd_cdc_if.o
                                        0xbe6 (size before relaxing)
 .debug_str     0x00000000000022b8      0x572 ./Src/usbd_conf.o
                                       0x18cb (size before relaxing)
 .debug_str     0x000000000000282a      0x147 ./Src/usbd_desc.o
                                        0x8a0 (size before relaxing)
 .debug_str     0x0000000000002971      0x148 ./Middlewares/ST/STM32_USB_Device_Library/Core/Src/usbd_core.o
                                        0xcc3 (size before relaxing)
 .debug_str     0x0000000000002ab9       0xe5 ./Middlewares/ST/STM32_USB_Device_Library/Core/Src/usbd_ctlreq.o
                                        0xbdd (size before relaxing)
 .debug_str     0x0000000000002b9e       0x63 ./Middlewares/ST/STM32_USB_Device_Library/Core/Src/usbd_ioreq.o
                                        0xb0a (size before relaxing)
 .debug_str     0x0000000000002c01      0x192 ./Middlewares/ST/STM32_USB_Device_Library/Class/CDC/Src/usbd_cdc.o
                                       0x10d6 (size before relaxing)
 .debug_str     0x0000000000002d93      0x39c ./Drivers/STM32L4xx_HAL_Driver/Src/stm32l4xx_hal.o
                                        0xbce (size before relaxing)
 .debug_str     0x000000000000312f      0x315 ./Drivers/STM32L4xx_HAL_Driver/Src/stm32l4xx_hal_cortex.o
                                        0xb9b (size before relaxing)
 .debug_str     0x0000000000003444      0x105 ./Drivers/STM32L4xx_HAL_Driver/Src/stm32l4xx_hal_gpio.o
                                        0x5b4 (size before relaxing)
 .debug_str     0x0000000000003549      0x8a3 ./Drivers/STM32L4xx_HAL_Driver/Src/stm32l4xx_hal_i2c.o
                                        0xfe7 (size before relaxing)
 .debug_str     0x0000000000003dec       0xb8 ./Drivers/STM32L4xx_HAL_Driver/Src/stm32l4xx_hal_i2c_ex.o
                                        0x961 (size before relaxing)
 .debug_str     0x0000000000003ea4      0x2f5 ./Drivers/STM32L4xx_HAL_Driver/Src/stm32l4xx_hal_pcd.o
                                        0xb75 (size before relaxing)
 .debug_str     0x0000000000004199       0x91 ./Drivers/STM32L4xx_HAL_Driver/Src/stm32l4xx_hal_pcd_ex.o
                                        0x7ee (size before relaxing)
 .debug_str     0x000000000000422a      0x476 ./Drivers/STM32L4xx_HAL_Driver/Src/stm32l4xx_hal_pwr_ex.o
                                        0x7e3 (size before relaxing)
 .debug_str     0x00000000000046a0      0x1d6 ./Drivers/STM32L4xx_HAL_Driver/Src/stm32l4xx_hal_rcc.o
                                        0x850 (size before relaxing)
 .debug_str     0x0000000000004876      0x466 ./Drivers/STM32L4xx_HAL_Driver/Src/stm32l4xx_hal_rcc_ex.o
                                        0xc04 (size before relaxing)
 .debug_str     0x0000000000004cdc      0x52f ./Drivers/STM32L4xx_HAL_Driver/Src/stm32l4xx_hal_spi.o
                                        0xc0a (size before relaxing)
 .debug_str     0x000000000000520b      0x181 ./Drivers/STM32L4xx_HAL_Driver/Src/stm32l4xx_ll_usb.o
                                        0x7b5 (size before relaxing)

.debug_ranges   0x0000000000000000     0x14b0
 .debug_ranges  0x0000000000000000       0x20 ./startup/startup_stm32l433xx.o
 .debug_ranges  0x0000000000000020       0xc8 ./Src/main.o
 .debug_ranges  0x00000000000000e8       0x90 ./Src/stm32l4xx_hal_msp.o
 .debug_ranges  0x0000000000000178       0x40 ./Src/stm32l4xx_it.o
 .debug_ranges  0x00000000000001b8       0x18 ./Src/system_stm32l4xx.o
 .debug_ranges  0x00000000000001d0       0x18 ./Src/usb_device.o
 .debug_ranges  0x00000000000001e8       0x30 ./Src/usbd_cdc_if.o
 .debug_ranges  0x0000000000000218      0x138 ./Src/usbd_conf.o
 .debug_ranges  0x0000000000000350       0x48 ./Src/usbd_desc.o
 .debug_ranges  0x0000000000000398       0x98 ./Middlewares/ST/STM32_USB_Device_Library/Core/Src/usbd_core.o
 .debug_ranges  0x0000000000000430       0xa0 ./Middlewares/ST/STM32_USB_Device_Library/Core/Src/usbd_ctlreq.o
 .debug_ranges  0x00000000000004d0       0x40 ./Middlewares/ST/STM32_USB_Device_Library/Core/Src/usbd_ioreq.o
 .debug_ranges  0x0000000000000510       0x80 ./Middlewares/ST/STM32_USB_Device_Library/Class/CDC/Src/usbd_cdc.o
 .debug_ranges  0x0000000000000590       0xf8 ./Drivers/STM32L4xx_HAL_Driver/Src/stm32l4xx_hal.o
 .debug_ranges  0x0000000000000688      0x138 ./Drivers/STM32L4xx_HAL_Driver/Src/stm32l4xx_hal_cortex.o
 .debug_ranges  0x00000000000007c0       0x68 ./Drivers/STM32L4xx_HAL_Driver/Src/stm32l4xx_hal_gpio.o
 .debug_ranges  0x0000000000000828      0x288 ./Drivers/STM32L4xx_HAL_Driver/Src/stm32l4xx_hal_i2c.o
 .debug_ranges  0x0000000000000ab0       0x68 ./Drivers/STM32L4xx_HAL_Driver/Src/stm32l4xx_hal_i2c_ex.o
 .debug_ranges  0x0000000000000b18      0x160 ./Drivers/STM32L4xx_HAL_Driver/Src/stm32l4xx_hal_pcd.o
 .debug_ranges  0x0000000000000c78       0x40 ./Drivers/STM32L4xx_HAL_Driver/Src/stm32l4xx_hal_pcd_ex.o
 .debug_ranges  0x0000000000000cb8      0x100 ./Drivers/STM32L4xx_HAL_Driver/Src/stm32l4xx_hal_pwr_ex.o
 .debug_ranges  0x0000000000000db8       0x98 ./Drivers/STM32L4xx_HAL_Driver/Src/stm32l4xx_hal_rcc.o
 .debug_ranges  0x0000000000000e50      0x120 ./Drivers/STM32L4xx_HAL_Driver/Src/stm32l4xx_hal_rcc_ex.o
 .debug_ranges  0x0000000000000f70      0x278 ./Drivers/STM32L4xx_HAL_Driver/Src/stm32l4xx_hal_spi.o
 .debug_ranges  0x00000000000011e8      0x2c8 ./Drivers/STM32L4xx_HAL_Driver/Src/stm32l4xx_ll_usb.o

.debug_loc      0x0000000000000000     0xb739
 .debug_loc     0x0000000000000000       0xeb ./Src/main.o
 .debug_loc     0x00000000000000eb       0xcc ./Src/stm32l4xx_hal_msp.o
 .debug_loc     0x00000000000001b7      0x1be ./Src/system_stm32l4xx.o
 .debug_loc     0x0000000000000375       0x4d ./Src/usb_device.o
 .debug_loc     0x00000000000003c2      0x16b ./Src/usbd_cdc_if.o
 .debug_loc     0x000000000000052d      0xa6c ./Src/usbd_conf.o
 .debug_loc     0x0000000000000f99      0x294 ./Src/usbd_desc.o
 .debug_loc     0x000000000000122d      0x703 ./Middlewares/ST/STM32_USB_Device_Library/Core/Src/usbd_core.o
 .debug_loc     0x0000000000001930      0x8ca ./Middlewares/ST/STM32_USB_Device_Library/Core/Src/usbd_ctlreq.o
 .debug_loc     0x00000000000021fa      0x23c ./Middlewares/ST/STM32_USB_Device_Library/Core/Src/usbd_ioreq.o
 .debug_loc     0x0000000000002436      0x658 ./Middlewares/ST/STM32_USB_Device_Library/Class/CDC/Src/usbd_cdc.o
 .debug_loc     0x0000000000002a8e      0x134 ./Drivers/STM32L4xx_HAL_Driver/Src/stm32l4xx_hal.o
 .debug_loc     0x0000000000002bc2      0x49b ./Drivers/STM32L4xx_HAL_Driver/Src/stm32l4xx_hal_cortex.o
 .debug_loc     0x000000000000305d      0x289 ./Drivers/STM32L4xx_HAL_Driver/Src/stm32l4xx_hal_gpio.o
 .debug_loc     0x00000000000032e6     0x363f ./Drivers/STM32L4xx_HAL_Driver/Src/stm32l4xx_hal_i2c.o
 .debug_loc     0x0000000000006925      0x1a0 ./Drivers/STM32L4xx_HAL_Driver/Src/stm32l4xx_hal_i2c_ex.o
 .debug_loc     0x0000000000006ac5      0xa78 ./Drivers/STM32L4xx_HAL_Driver/Src/stm32l4xx_hal_pcd.o
 .debug_loc     0x000000000000753d      0x181 ./Drivers/STM32L4xx_HAL_Driver/Src/stm32l4xx_hal_pcd_ex.o
 .debug_loc     0x00000000000076be      0x54e ./Drivers/STM32L4xx_HAL_Driver/Src/stm32l4xx_hal_pwr_ex.o
 .debug_loc     0x0000000000007c0c      0x5f0 ./Drivers/STM32L4xx_HAL_Driver/Src/stm32l4xx_hal_rcc.o
 .debug_loc     0x00000000000081fc      0xbc5 ./Drivers/STM32L4xx_HAL_Driver/Src/stm32l4xx_hal_rcc_ex.o
 .debug_loc     0x0000000000008dc1     0x1889 ./Drivers/STM32L4xx_HAL_Driver/Src/stm32l4xx_hal_spi.o
 .debug_loc     0x000000000000a64a     0x10ef ./Drivers/STM32L4xx_HAL_Driver/Src/stm32l4xx_ll_usb.o

.comment        0x0000000000000000       0x71
 .comment       0x0000000000000000       0x71 ./Src/main.o
                                         0x72 (size before relaxing)
 .comment       0x0000000000000071       0x72 ./Src/stm32l4xx_hal_msp.o
 .comment       0x0000000000000071       0x72 ./Src/stm32l4xx_it.o
 .comment       0x0000000000000071       0x72 ./Src/system_stm32l4xx.o
 .comment       0x0000000000000071       0x72 ./Src/usb_device.o
 .comment       0x0000000000000071       0x72 ./Src/usbd_cdc_if.o
 .comment       0x0000000000000071       0x72 ./Src/usbd_conf.o
 .comment       0x0000000000000071       0x72 ./Src/usbd_desc.o
 .comment       0x0000000000000071       0x72 ./Middlewares/ST/STM32_USB_Device_Library/Core/Src/usbd_core.o
 .comment       0x0000000000000071       0x72 ./Middlewares/ST/STM32_USB_Device_Library/Core/Src/usbd_ctlreq.o
 .comment       0x0000000000000071       0x72 ./Middlewares/ST/STM32_USB_Device_Library/Core/Src/usbd_ioreq.o
 .comment       0x0000000000000071       0x72 ./Middlewares/ST/STM32_USB_Device_Library/Class/CDC/Src/usbd_cdc.o
 .comment       0x0000000000000071       0x72 ./Drivers/STM32L4xx_HAL_Driver/Src/stm32l4xx_hal.o
 .comment       0x0000000000000071       0x72 ./Drivers/STM32L4xx_HAL_Driver/Src/stm32l4xx_hal_cortex.o
 .comment       0x0000000000000071       0x72 ./Drivers/STM32L4xx_HAL_Driver/Src/stm32l4xx_hal_gpio.o
 .comment       0x0000000000000071       0x72 ./Drivers/STM32L4xx_HAL_Driver/Src/stm32l4xx_hal_i2c.o
 .comment       0x0000000000000071       0x72 ./Drivers/STM32L4xx_HAL_Driver/Src/stm32l4xx_hal_i2c_ex.o
 .comment       0x0000000000000071       0x72 ./Drivers/STM32L4xx_HAL_Driver/Src/stm32l4xx_hal_pcd.o
 .comment       0x0000000000000071       0x72 ./Drivers/STM32L4xx_HAL_Driver/Src/stm32l4xx_hal_pcd_ex.o
 .comment       0x0000000000000071       0x72 ./Drivers/STM32L4xx_HAL_Driver/Src/stm32l4xx_hal_pwr_ex.o
 .comment       0x0000000000000071       0x72 ./Drivers/STM32L4xx_HAL_Driver/Src/stm32l4xx_hal_rcc.o
 .comment       0x0000000000000071       0x72 ./Drivers/STM32L4xx_HAL_Driver/Src/stm32l4xx_hal_rcc_ex.o
 .comment       0x0000000000000071       0x72 ./Drivers/STM32L4xx_HAL_Driver/Src/stm32l4xx_hal_spi.o
 .comment       0x0000000000000071       0x72 ./Drivers/STM32L4xx_HAL_Driver/Src/stm32l4xx_ll_usb.o

.debug_frame    0x0000000000000000     0x2d50
 .debug_frame   0x0000000000000000       0x6c ./Src/main.o
 .debug_frame   0x000000000000006c       0x84 ./Src/stm32l4xx_hal_msp.o
 .debug_frame   0x00000000000000f0       0xbc ./Src/stm32l4xx_it.o
 .debug_frame   0x00000000000001ac       0x38 ./Src/system_stm32l4xx.o
 .debug_frame   0x00000000000001e4       0x50 ./Src/usb_device.o
 .debug_frame   0x0000000000000234       0x80 ./Src/usbd_cdc_if.o
 .debug_frame   0x00000000000002b4      0x2cc ./Src/usbd_conf.o
 .debug_frame   0x0000000000000580       0xb8 ./Src/usbd_desc.o
 .debug_frame   0x0000000000000638      0x1c0 ./Middlewares/ST/STM32_USB_Device_Library/Core/Src/usbd_core.o
 .debug_frame   0x00000000000007f8       0xcc ./Middlewares/ST/STM32_USB_Device_Library/Core/Src/usbd_ctlreq.o
 .debug_frame   0x00000000000008c4       0xb0 ./Middlewares/ST/STM32_USB_Device_Library/Core/Src/usbd_ioreq.o
 .debug_frame   0x0000000000000974      0x168 ./Middlewares/ST/STM32_USB_Device_Library/Class/CDC/Src/usbd_cdc.o
 .debug_frame   0x0000000000000adc      0x244 ./Drivers/STM32L4xx_HAL_Driver/Src/stm32l4xx_hal.o
 .debug_frame   0x0000000000000d20      0x158 ./Drivers/STM32L4xx_HAL_Driver/Src/stm32l4xx_hal_cortex.o
 .debug_frame   0x0000000000000e78       0xd4 ./Drivers/STM32L4xx_HAL_Driver/Src/stm32l4xx_hal_gpio.o
 .debug_frame   0x0000000000000f4c      0x8d8 ./Drivers/STM32L4xx_HAL_Driver/Src/stm32l4xx_hal_i2c.o
 .debug_frame   0x0000000000001824       0x90 ./Drivers/STM32L4xx_HAL_Driver/Src/stm32l4xx_hal_i2c_ex.o
 .debug_frame   0x00000000000018b4      0x2c0 ./Drivers/STM32L4xx_HAL_Driver/Src/stm32l4xx_hal_pcd.o
 .debug_frame   0x0000000000001b74       0x9c ./Drivers/STM32L4xx_HAL_Driver/Src/stm32l4xx_hal_pcd_ex.o
 .debug_frame   0x0000000000001c10      0x228 ./Drivers/STM32L4xx_HAL_Driver/Src/stm32l4xx_hal_pwr_ex.o
 .debug_frame   0x0000000000001e38      0x160 ./Drivers/STM32L4xx_HAL_Driver/Src/stm32l4xx_hal_rcc.o
 .debug_frame   0x0000000000001f98      0x238 ./Drivers/STM32L4xx_HAL_Driver/Src/stm32l4xx_hal_rcc_ex.o
 .debug_frame   0x00000000000021d0      0x5bc ./Drivers/STM32L4xx_HAL_Driver/Src/stm32l4xx_hal_spi.o
 .debug_frame   0x000000000000278c      0x234 ./Drivers/STM32L4xx_HAL_Driver/Src/stm32l4xx_ll_usb.o
 .debug_frame   0x00000000000029c0       0x2c /home/jacob/opt/xPacks/@gnu-mcu-eclipse/arm-none-eabi-gcc/7.3.1-1.1.1/.content/bin/../lib/gcc/arm-none-eabi/7.3.1/../../../../arm-none-eabi/lib/thumb/v7e-m/libg_nano.a(lib_a-init.o)
 .debug_frame   0x00000000000029ec       0x28 /home/jacob/opt/xPacks/@gnu-mcu-eclipse/arm-none-eabi-gcc/7.3.1-1.1.1/.content/bin/../lib/gcc/arm-none-eabi/7.3.1/../../../../arm-none-eabi/lib/thumb/v7e-m/libg_nano.a(lib_a-memcpy-stub.o)
 .debug_frame   0x0000000000002a14       0x20 /home/jacob/opt/xPacks/@gnu-mcu-eclipse/arm-none-eabi-gcc/7.3.1-1.1.1/.content/bin/../lib/gcc/arm-none-eabi/7.3.1/../../../../arm-none-eabi/lib/thumb/v7e-m/libg_nano.a(lib_a-memset.o)
 .debug_frame   0x0000000000002a34       0x6c /home/jacob/opt/xPacks/@gnu-mcu-eclipse/arm-none-eabi-gcc/7.3.1-1.1.1/.content/bin/../lib/gcc/arm-none-eabi/7.3.1/../../../../arm-none-eabi/lib/thumb/v7e-m/libg_nano.a(lib_a-sprintf.o)
 .debug_frame   0x0000000000002aa0       0x90 /home/jacob/opt/xPacks/@gnu-mcu-eclipse/arm-none-eabi-gcc/7.3.1-1.1.1/.content/bin/../lib/gcc/arm-none-eabi/7.3.1/../../../../arm-none-eabi/lib/thumb/v7e-m/libg_nano.a(lib_a-nano-svfprintf.o)
 .debug_frame   0x0000000000002b30       0x60 /home/jacob/opt/xPacks/@gnu-mcu-eclipse/arm-none-eabi-gcc/7.3.1-1.1.1/.content/bin/../lib/gcc/arm-none-eabi/7.3.1/../../../../arm-none-eabi/lib/thumb/v7e-m/libg_nano.a(lib_a-nano-vfprintf_i.o)
 .debug_frame   0x0000000000002b90       0x28 /home/jacob/opt/xPacks/@gnu-mcu-eclipse/arm-none-eabi-gcc/7.3.1-1.1.1/.content/bin/../lib/gcc/arm-none-eabi/7.3.1/../../../../arm-none-eabi/lib/thumb/v7e-m/libg_nano.a(lib_a-memmove.o)
 .debug_frame   0x0000000000002bb8       0x38 /home/jacob/opt/xPacks/@gnu-mcu-eclipse/arm-none-eabi-gcc/7.3.1-1.1.1/.content/bin/../lib/gcc/arm-none-eabi/7.3.1/../../../../arm-none-eabi/lib/thumb/v7e-m/libg_nano.a(lib_a-nano-freer.o)
 .debug_frame   0x0000000000002bf0       0x2c /home/jacob/opt/xPacks/@gnu-mcu-eclipse/arm-none-eabi-gcc/7.3.1-1.1.1/.content/bin/../lib/gcc/arm-none-eabi/7.3.1/../../../../arm-none-eabi/lib/thumb/v7e-m/libg_nano.a(lib_a-nano-mallocr.o)
 .debug_frame   0x0000000000002c1c       0x3c /home/jacob/opt/xPacks/@gnu-mcu-eclipse/arm-none-eabi-gcc/7.3.1-1.1.1/.content/bin/../lib/gcc/arm-none-eabi/7.3.1/../../../../arm-none-eabi/lib/thumb/v7e-m/libg_nano.a(lib_a-nano-reallocr.o)
 .debug_frame   0x0000000000002c58       0x2c /home/jacob/opt/xPacks/@gnu-mcu-eclipse/arm-none-eabi-gcc/7.3.1-1.1.1/.content/bin/../lib/gcc/arm-none-eabi/7.3.1/../../../../arm-none-eabi/lib/thumb/v7e-m/libg_nano.a(lib_a-sbrkr.o)
 .debug_frame   0x0000000000002c84       0x30 /home/jacob/opt/xPacks/@gnu-mcu-eclipse/arm-none-eabi-gcc/7.3.1-1.1.1/.content/bin/../lib/gcc/arm-none-eabi/7.3.1/../../../../arm-none-eabi/lib/thumb/v7e-m/libg_nano.a(lib_a-mlock.o)
 .debug_frame   0x0000000000002cb4       0x20 /home/jacob/opt/xPacks/@gnu-mcu-eclipse/arm-none-eabi-gcc/7.3.1-1.1.1/.content/bin/../lib/gcc/arm-none-eabi/7.3.1/../../../../arm-none-eabi/lib/thumb/v7e-m/libg_nano.a(lib_a-nano-msizer.o)
 .debug_frame   0x0000000000002cd4       0x5c /home/jacob/opt/xPacks/@gnu-mcu-eclipse/arm-none-eabi-gcc/7.3.1-1.1.1/.content/bin/../lib/gcc/arm-none-eabi/7.3.1/../../../../arm-none-eabi/lib/thumb/v7e-m/libg_nano.a(lib_a-reent.o)
 .debug_frame   0x0000000000002d30       0x20 /home/jacob/opt/xPacks/@gnu-mcu-eclipse/arm-none-eabi-gcc/7.3.1-1.1.1/.content/bin/../lib/gcc/arm-none-eabi/7.3.1/../../../../arm-none-eabi/lib/thumb/v7e-m/libnosys.a(sbrk.o)